04-21 12:04:02.696 D/BiometricService( 4568): canAuthenticate: User=0, Caller=0, Authenticators=255
04-21 12:04:02.696 D/SdpManagerService( 4568): Not an enterprise user : 0
04-21 12:04:02.696 D/SdpManagerService( 4568): Not an enterprise user : 0
04-21 12:04:02.697 D/BiometricService( 4568): Prompt: 0, 255
04-21 12:04:02.697 D/FingerprintService( 4568): startRequest(30) called from null, 0, 0
04-21 12:04:02.697 D/FingerprintService( 4568): startRequest(30) called from null, 0, 0
04-21 12:04:02.697 D/BiometricService( 4568): Package: com.android.vending Authenticator ID: 0 Modality: 2 Reported Modality: 2 Status: 1
04-21 12:04:02.700 I/SemBioFaceService(20870): getSL : 2 (2), 4568, Lock = false
04-21 12:04:02.708 I/SemBioFaceService(20870): getSL : 2 (2), 4568, Lock = false
04-21 12:04:02.723 D/BiometricService( 4568): Package: com.android.vending Authenticator ID: 1 Modality: 8 Reported Modality: 8 Status: 6
04-21 12:04:02.723 D/AuthService( 4568): canAuthenticate, userId: 0, callingUserId: 0, authenticators: 255, result: 0
04-21 12:04:02.725 D/SdpManagerService( 4568): Not an enterprise user : 0
04-21 12:04:02.725 D/SdpManagerService( 4568): Not an enterprise user : 0
04-21 12:04:02.772 D/BiometricService( 4568): canAuthenticate: User=0, Caller=0, Authenticators=15
04-21 12:04:02.773 D/SdpManagerService( 4568): Not an enterprise user : 0
04-21 12:04:02.773 D/SdpManagerService( 4568): Not an enterprise user : 0
04-21 12:04:02.773 D/BiometricService( 4568): Prompt: 0, 15
04-21 12:04:02.773 D/FingerprintService( 4568): startRequest(30) called from null, 0, 0
04-21 12:04:02.773 D/FingerprintService( 4568): startRequest(30) called from null, 0, 0
04-21 12:04:02.774 D/BiometricService( 4568): Package: com.android.vending Authenticator ID: 0 Modality: 2 Reported Modality: 2 Status: 1
04-21 12:04:02.776 I/SemBioFaceService(20870): getSL : 2 (2), 4568, Lock = false
04-21 12:04:02.778 I/SemBioFaceService(20870): getSL : 2 (2), 4568, Lock = false
04-21 12:04:02.778 D/BiometricService( 4568): Package: com.android.vending Authenticator ID: 1 Modality: 8 Reported Modality: 0 Status: 3
04-21 12:04:02.778 D/AuthService( 4568): canAuthenticate, userId: 0, callingUserId: 0, authenticators: 15, result: 0
04-21 12:04:02.780 D/BiometricService( 4568): canAuthenticate: User=0, Caller=0, Authenticators=32768
04-21 12:04:02.780 D/SdpManagerService( 4568): Not an enterprise user : 0
04-21 12:04:02.780 D/SdpManagerService( 4568): Not an enterprise user : 0
04-21 12:04:02.781 D/BiometricService( 4568): Prompt: 0, 32768
04-21 12:04:02.781 D/FingerprintService( 4568): startRequest(30) called from null, 0, 0
04-21 12:04:02.781 D/FingerprintService( 4568): startRequest(30) called from null, 0, 0
04-21 12:04:02.781 D/BiometricService( 4568): Package: com.android.vending Authenticator ID: 0 Modality: 2 Reported Modality: 0 Status: 3
04-21 12:04:02.783 I/SemBioFaceService(20870): getSL : 2 (2), 4568, Lock = false
04-21 12:04:02.785 I/SemBioFaceService(20870): getSL : 2 (2), 4568, Lock = false
04-21 12:04:02.786 D/BiometricService( 4568): Package: com.android.vending Authenticator ID: 1 Modality: 8 Reported Modality: 0 Status: 3
04-21 12:04:02.786 D/AuthService( 4568): canAuthenticate, userId: 0, callingUserId: 0, authenticators: 32768, result: 0
04-21 12:04:02.787 D/BiometricService( 4568): canAuthenticate: User=0, Caller=0, Authenticators=15
04-21 12:04:02.787 D/SdpManagerService( 4568): Not an enterprise user : 0
04-21 12:04:02.788 D/SdpManagerService( 4568): Not an enterprise user : 0
04-21 12:04:02.788 D/BiometricService( 4568): Prompt: 0, 15
04-21 12:04:02.788 D/FingerprintService( 4568): startRequest(30) called from null, 0, 0
04-21 12:04:02.788 D/FingerprintService( 4568): startRequest(30) called from null, 0, 0
04-21 12:04:02.788 D/BiometricService( 4568): Package: com.android.vending Authenticator ID: 0 Modality: 2 Reported Modality: 2 Status: 1
04-21 12:04:02.790 I/SemBioFaceService(20870): getSL : 2 (2), 4568, Lock = false
04-21 12:04:02.791 I/SemBioFaceService(20870): getSL : 2 (2), 4568, Lock = false
04-21 12:04:02.792 D/BiometricService( 4568): Package: com.android.vending Authenticator ID: 1 Modality: 8 Reported Modality: 0 Status: 3
04-21 12:04:02.792 D/AuthService( 4568): canAuthenticate, userId: 0, callingUserId: 0, authenticators: 15, result: 0
04-21 12:04:02.795 D/BiometricService( 4568): canAuthenticate: User=0, Caller=0, Authenticators=15
04-21 12:04:02.795 D/SdpManagerService( 4568): Not an enterprise user : 0
04-21 12:04:02.796 D/SdpManagerService( 4568): Not an enterprise user : 0
04-21 12:04:02.796 D/BiometricService( 4568): Prompt: 0, 15
04-21 12:04:02.796 D/FingerprintService( 4568): startRequest(30) called from null, 0, 0
04-21 12:04:02.796 D/FingerprintService( 4568): startRequest(30) called from null, 0, 0
04-21 12:04:02.797 D/BiometricService( 4568): Package: com.android.vending Authenticator ID: 0 Modality: 2 Reported Modality: 2 Status: 1
04-21 12:04:02.799 I/SemBioFaceService(20870): getSL : 2 (2), 4568, Lock = false
04-21 12:04:02.801 I/SemBioFaceService(20870): getSL : 2 (2), 4568, Lock = false
04-21 12:04:02.801 D/BiometricService( 4568): Package: com.android.vending Authenticator ID: 1 Modality: 8 Reported Modality: 0 Status: 3
04-21 12:04:02.802 D/AuthService( 4568): canAuthenticate, userId: 0, callingUserId: 0, authenticators: 15, result: 0
04-21 12:04:02.815 I/keystore( 4292): !@ reading blob user_0/10110_USRPKEY_FingerprintKey
04-21 12:04:02.822 I/keystore( 4292): !@ Start - USRPKEY_FingerprintKey from uid 10110 for uid 10110, isKnoxKey(0)
04-21 12:04:02.822 I/keystore( 4292): !@ reading blob user_0/10110_USRPKEY_FingerprintKey
04-21 12:04:02.825 W/keymaster_tee( 4079): [WRN]begin req PARAMS: A32 B2 P64 
04-21 12:04:02.830 I/keystore( 4292): !@ reading blob user_0/10110_USRPKEY_FingerprintKey
04-21 12:04:02.838 D/FingerprintService( 4568): startRequest(30) called from null, 0, 0
04-21 12:04:02.840 I/SemBioFaceService(20870): getSL : 2 (2), 4568, Lock = false
04-21 12:04:02.842 I/SemBioFaceService(20870): getSL : 2 (2), 4568, Lock = false
04-21 12:04:02.842 D/BiometricService( 4568): Authenticator ID(1) OEMStrength: 255 updatedStrength: 255 modality 8 authenticator: com.android.server.biometrics.face.FaceAuthenticator@40250c2, authenticatorID 0 cannot participate in Keystore operations
04-21 12:04:02.858 D/BiometricService( 4568): canAuthenticate: User=0, Caller=0, Authenticators=15
04-21 12:04:02.858 D/SdpManagerService( 4568): Not an enterprise user : 0
04-21 12:04:02.859 D/SdpManagerService( 4568): Not an enterprise user : 0
04-21 12:04:02.860 D/BiometricService( 4568): Prompt: 0, 15
04-21 12:04:02.860 D/FingerprintService( 4568): startRequest(30) called from null, 0, 0
04-21 12:04:02.860 D/FingerprintService( 4568): startRequest(30) called from null, 0, 0
04-21 12:04:02.861 D/BiometricService( 4568): Package: com.android.vending Authenticator ID: 0 Modality: 2 Reported Modality: 2 Status: 1
04-21 12:04:02.862 I/SemBioFaceService(20870): getSL : 2 (2), 4568, Lock = false
04-21 12:04:02.864 I/SemBioFaceService(20870): getSL : 2 (2), 4568, Lock = false
04-21 12:04:02.865 D/BiometricService( 4568): Package: com.android.vending Authenticator ID: 1 Modality: 8 Reported Modality: 0 Status: 3
04-21 12:04:02.865 D/AuthService( 4568): canAuthenticate, userId: 0, callingUserId: 0, authenticators: 15, result: 0
04-21 12:04:02.866 D/SdpManagerService( 4568): Not an enterprise user : 0
04-21 12:04:02.866 D/SdpManagerService( 4568): Not an enterprise user : 0
04-21 12:04:02.874 I/Finsky  (32384): [7206] Skipping a request to /bulkAcquire since cache has all the records.
04-21 12:04:02.949 D/BoundBrokerSvc(15042): onRebind: Intent { act=com.google.android.gms.presencemanager.service.START dat=chimera-action: cmp=com.google.android.gms/.chimera.PersistentApiService }
04-21 12:04:02.987 D/BoundBrokerSvc(15042): onRebind: Intent { act=com.google.android.gms.presencemanager.service.INTERNAL_IDENTITY dat=chimera-action: cmp=com.google.android.gms/.chimera.PersistentApiService }
04-21 12:04:02.998 E/Netd    ( 4129): getNetworkForDns: getNetId from enterpriseCtrl is netid 0
04-21 12:04:03.000 E/Netd    ( 4129): getNetworkForDns: getNetId from enterpriseCtrl is netid 0
04-21 12:04:03.006 E/Netd    ( 4129): getNetworkForDns: getNetId from enterpriseCtrl is netid 0
04-21 12:04:03.125 I/android.vendin(32384): IncrementDisableThreadFlip blocked for 20.280ms
04-21 12:04:03.196 I/bauth_FPBAuthService( 4326): pcf : 0x1012, 0 ,1 ,0 ,0 ,0 ,0, 5.1.0.0
04-21 12:04:03.197 I/bauth_FPBAuthService( 4326): thread id : 1, preenroll_flag : 0, nd cnt : 0, cso : 0, et : 0
04-21 12:04:03.197 I/bauth_FPBAuthService( 4326): FPBAuthService, 11607
04-21 12:04:03.201 I/Finsky  (32384): [7535] Prepare dev-triggered update flow...
04-21 12:04:03.248 W/Finsky  (32384): [7535] Process for package com.surfshark.vpnclient.android is not important enough.
04-21 12:04:03.334 I/Finsky  (32384): [7535] ICalc: estimated size required for installing com.surfshark.vpnclient.android: 75820393 bytes
04-21 12:04:03.341 I/Finsky  (32384): [7532] ICalc: Partition available space: 96443060224, install size: 75820393, min free: 524288000, additional needed: 0
04-21 12:04:03.350 W/ProcessStats( 4568): Tracking association SourceState{3ce2fd0 com.google.android.gms/10094 Top #155401} whose proc state 1 is better than process ProcessState{cc2b64e com.google.android.gms.persistent/10094 pkg=com.google.android.gms} proc state 2 (107 skipped)
04-21 12:04:03.364 I/Finsky  (32384): [7535] Cannot update, by policy!
04-21 12:04:03.401 E/Netd    ( 4129): getNetworkForDns: getNetId from enterpriseCtrl is netid 0
04-21 12:04:03.499 I/PlayCore(28070): UID: [10272]  PID: [28070] OnRequestInstallCallback : onRequestInfo
04-21 12:04:03.503 I/PlayCore(28070): UID: [10272]  PID: [28070] AppUpdateService : Unbind from service.
04-21 12:04:03.696 E/Watchdog( 4568): !@Sync: 1821 heap: 76 / 83 [2026-04-21 12:04:03.695] sdogWay: softdog FD: 787
04-21 12:04:04.034 D/ProfileInstaller(28070): Skipping profile installation for com.surfshark.vpnclient.android
04-21 12:04:04.197 I/bauth_FPBAuthService( 4326): pcf : 0x1012, 0 ,1 ,0 ,0 ,0 ,0, 5.1.0.0
04-21 12:04:04.197 I/bauth_FPBAuthService( 4326): thread id : 1, preenroll_flag : 0, nd cnt : 0, cso : 0, et : 0
04-21 12:04:04.197 I/bauth_FPBAuthService( 4326): FPBAuthService, 11607
04-21 12:04:04.449 I/io_stats( 4041): !@   8,0 r 1133242 40643744 w 530064 17940900 d 96269 107110868 f 157781 239527 iot 762244 593423 th 51200 51200 40028 pt 152 inp 0 0 54691.785
04-21 12:04:04.451 I/System.out(28070): (HTTPLog)-Static: isSBSettingEnabled false
04-21 12:04:04.451 I/System.out(28070): (HTTPLog)-Static: isSBSettingEnabled false
04-21 12:04:04.453 E/Netd    ( 4129): getNetworkForDns: getNetId from enterpriseCtrl is netid 0
04-21 12:04:04.524 D/NetdEventListenerService( 4568): DNS Requested by : 607, 10272
04-21 12:04:04.524 E/Netd    ( 4129): getNetworkForDns: getNetId from enterpriseCtrl is netid 0
04-21 12:04:04.755 D/PackageManager( 4568): [VERIFY] extendVerificationTimeout2(16, ALLOW, 10000), uid=5012
04-21 12:04:04.755 D/PackageManager( 4568): [VERIFY] extendVerificationTimeout: timeout extended
04-21 12:04:04.755 D/PackageManager( 4568): [VERIFY] extendTimeout(16), uid=5012
04-21 12:04:05.197 I/bauth_FPBAuthService( 4326): pcf : 0x1012, 0 ,1 ,0 ,0 ,0 ,0, 5.1.0.0
04-21 12:04:05.197 I/bauth_FPBAuthService( 4326): thread id : 1, preenroll_flag : 0, nd cnt : 0, cso : 0, et : 0
04-21 12:04:05.198 I/bauth_FPBAuthService( 4326): FPBAuthService, 11607
04-21 12:04:06.113 I/SurfaceFlinger( 4212): SFWD update time=54693450225687
04-21 12:04:06.198 I/bauth_FPBAuthService( 4326): pcf : 0x1012, 0 ,1 ,0 ,0 ,0 ,0, 5.1.0.0
04-21 12:04:06.198 I/bauth_FPBAuthService( 4326): thread id : 1, preenroll_flag : 0, nd cnt : 0, cso : 0, et : 0
04-21 12:04:06.198 I/bauth_FPBAuthService( 4326): FPBAuthService, 11607
04-21 12:04:06.452 I/io_stats( 4041): !@   8,0 r 1133248 40643812 w 530075 17941276 d 96273 107110916 f 157788 239538 iot 762268 593437 th 51200 51200 40028 pt 152 inp 0 0 54693.788
04-21 12:04:06.575 I/e.process.gapp(28215): WaitForGcToComplete blocked RunEmptyCheckpoint on ProfileSaver for 5.217ms
04-21 12:04:07.198 I/bauth_FPBAuthService( 4326): pcf : 0x1012, 0 ,1 ,0 ,0 ,0 ,0, 5.1.0.0
04-21 12:04:07.198 I/bauth_FPBAuthService( 4326): thread id : 1, preenroll_flag : 0, nd cnt : 0, cso : 0, et : 0
04-21 12:04:07.198 I/bauth_FPBAuthService( 4326): FPBAuthService, 11607
04-21 12:04:07.449 D/BoundBrokerSvc(15042): onUnbind: Intent { act=com.google.android.gms.common.telemetry.service.START dat=chimera-action: cmp=com.google.android.gms/.chimera.PersistentApiService }
04-21 12:04:07.823 I/wpa_supplicant( 4834): Heartbeat 5477
04-21 12:04:08.199 I/bauth_FPBAuthService( 4326): pcf : 0x1012, 0 ,1 ,0 ,0 ,0 ,0, 5.1.0.0
04-21 12:04:08.199 I/bauth_FPBAuthService( 4326): thread id : 1, preenroll_flag : 0, nd cnt : 0, cso : 0, et : 0
04-21 12:04:08.199 I/bauth_FPBAuthService( 4326): FPBAuthService, 11607
04-21 12:04:08.454 I/io_stats( 4041): !@   8,0 r 1133248 40643812 w 530139 17941716 d 96273 107110916 f 157788 239538 iot 762272 593440 th 51200 51200 40028 pt 152 inp 0 0 54695.791
04-21 12:04:08.545 D/DeviceStorageMonitorService( 4568): check() STORAGE TOTAL > 64G
04-21 12:04:08.546 W/DeviceStorageMonitorService( 4568): updateBroadcasts(/data) oldLevel:0, newLevel:0, seq:1
04-21 12:04:08.547 E/vold    ( 3935): getUsedF2fsFileNode -> Cannot Get Used FileNode Number (errno=25 Inappropriate ioctl for device)
04-21 12:04:08.548 D/DeviceStorageMonitorService( 4568): Cannot get USED FILE NODE NUMBER!!!
04-21 12:04:08.548 D/DeviceStorageMonitorService( 4568): Available File Node Number is [-1]
04-21 12:04:08.548 W/DeviceStorageMonitorService( 4568): updateBroadcasts_filenode(/data) fn_oldLevel:0, fn_newLevel:0, seq:1
04-21 12:04:09.199 I/bauth_FPBAuthService( 4326): pcf : 0x1012, 0 ,1 ,0 ,0 ,0 ,0, 5.1.0.0
04-21 12:04:09.199 I/bauth_FPBAuthService( 4326): thread id : 1, preenroll_flag : 0, nd cnt : 0, cso : 0, et : 0
04-21 12:04:09.199 I/bauth_FPBAuthService( 4326): FPBAuthService, 11607
04-21 12:04:10.200 I/bauth_FPBAuthService( 4326): pcf : 0x1012, 0 ,1 ,0 ,0 ,0 ,0, 5.1.0.0
04-21 12:04:10.200 I/bauth_FPBAuthService( 4326): thread id : 1, preenroll_flag : 0, nd cnt : 0, cso : 0, et : 0
04-21 12:04:10.200 I/bauth_FPBAuthService( 4326): FPBAuthService, 11607
04-21 12:04:10.217 I/AppOps  ( 4568): updateUidProcState uid: 1000 procState: 0 capability:7
04-21 12:04:10.218 D/PowerManagerService( 4568): [api] setDeviceIdleTempWhitelist: appids: [0]10110  (uid: 1000 pid: 4568)
04-21 12:04:10.248 D/PowerManagerService( 4568): [api] setDeviceIdleTempWhitelist: appids:  (uid: 1000 pid: 4568)
04-21 12:04:10.457 I/io_stats( 4041): !@   8,0 r 1133251 40643860 w 530139 17941716 d 96273 107110916 f 157788 239538 iot 762276 593441 th 51200 51200 40028 pt 152 inp 0 0 54697.793
04-21 12:04:11.026 D/BoundBrokerSvc(18048): onUnbind: Intent { act=com.google.android.gms.safetynet.service.START pkg=com.google.android.gms }
04-21 12:04:11.054 E/audit   ( 4106): type=1400 audit(1776747851.047:71626): avc:  denied  { write } for  pid=22393 comm="ThreadPoolForeg" name="traced_producer" dev="tmpfs" ino=19368 scontext=u:r:gmscore_app:s0:c512,c768 tcontext=u:object_r:traced_producer_socket:s0 tclass=sock_file permissive=0 SEPF_SM-A505F_11_0010 audit_filtered
04-21 12:04:11.055 E/audit   ( 4106): type=1300 audit(1776747851.047:71626): arch=c00000b7 syscall=203 success=no exit=-13 a0=51 a1=753aa36040 a2=1e a3=75d46abaa4 items=0 ppid=4130 pid=22393 auid=4294967295 uid=10094 gid=10094 euid=10094 suid=10094 fsuid=10094 egid=10094 sgid=10094 fsgid=10094 tty=(none) ses=4294967295 comm="ThreadPoolForeg" exe="/system/bin/app_process64" subj=u:r:gmscore_app:s0:c512,c768 key=(null)
04-21 12:04:11.055 E/audit   ( 4106): type=1327 audit(1776747851.047:71626): proctitle="com.google.android.gms.unstable"
04-21 12:04:11.113 I/SurfaceFlinger( 4212): SFWD update time=54698450407184
04-21 12:04:11.200 I/bauth_FPBAuthService( 4326): pcf : 0x1012, 0 ,1 ,0 ,0 ,0 ,0, 5.1.0.0
04-21 12:04:11.200 I/bauth_FPBAuthService( 4326): thread id : 1, preenroll_flag : 0, nd cnt : 0, cso : 0, et : 0
04-21 12:04:11.200 I/bauth_FPBAuthService( 4326): FPBAuthService, 11607
04-21 12:04:11.844 I/SDHMS:F ( 7061): -99 > surface_temperature_0
04-21 12:04:11.845 I/SDHMS:F ( 7061): writeSysfs:: path() : /sys/class/audio/amp/surface_temperature_0 exist() : false canWrite() : false
04-21 12:04:11.847 I/SDHMS:F ( 7061): -99 > surface_temperature_1
04-21 12:04:11.848 I/SDHMS:F ( 7061): writeSysfs:: path() : /sys/class/audio/amp/surface_temperature_1 exist() : false canWrite() : false
04-21 12:04:11.849 I/SDHMS:F ( 7061): SIOP:: AP:232(335,90) BAT:296(296,0) USB:0(0,0) CHG:318(318,0) WIFI:327(327,0) 
04-21 12:04:12.201 I/bauth_FPBAuthService( 4326): pcf : 0x1012, 0 ,1 ,0 ,0 ,0 ,0, 5.1.0.0
04-21 12:04:12.201 I/bauth_FPBAuthService( 4326): thread id : 1, preenroll_flag : 0, nd cnt : 0, cso : 0, et : 0
04-21 12:04:12.201 I/bauth_FPBAuthService( 4326): FPBAuthService, 11607
04-21 12:04:12.419 V/NetworkPolicy( 4568): updateNotificationsNL() - totalBytes : 0, policy : NetworkPolicy{template=NetworkTemplate: matchRule=MOBILE, subscriberId=452090..., matchSubscriberIds=[452090...] cycleRule=RecurrenceRule{start=2025-01-01T00:00+07:00[Asia/Ho_Chi_Minh] end=null period=P1M} warningBytes=2000000000 limitBytes=-1 lastWarningSnooze=-1 lastLimitSnooze=-1 lastRapidSnooze=-1 metered=true inferred=true}, CallingUID: 1000
04-21 12:04:12.459 I/io_stats( 4041): !@   8,0 r 1133251 40643860 w 530189 17954740 d 96274 107110920 f 157789 239540 iot 762352 593483 th 51200 51200 40028 pt 152 inp 0 8 54699.796
04-21 12:04:12.560 V/NetworkPolicy( 4568): updateNotificationsNL() - totalBytes : 0, policy : NetworkPolicy{template=NetworkTemplate: matchRule=MOBILE, subscriberId=452090..., matchSubscriberIds=[452090...] cycleRule=RecurrenceRule{start=2025-01-01T00:00+07:00[Asia/Ho_Chi_Minh] end=null period=P1M} warningBytes=2000000000 limitBytes=-1 lastWarningSnooze=-1 lastLimitSnooze=-1 lastRapidSnooze=-1 metered=true inferred=true}, CallingUID: 1000
04-21 12:04:13.201 I/bauth_FPBAuthService( 4326): pcf : 0x1012, 0 ,1 ,0 ,0 ,0 ,0, 5.1.0.0
04-21 12:04:13.201 I/bauth_FPBAuthService( 4326): thread id : 1, preenroll_flag : 0, nd cnt : 0, cso : 0, et : 0
04-21 12:04:13.201 I/bauth_FPBAuthService( 4326): FPBAuthService, 11607
04-21 12:04:13.221 E/audit   ( 4106): type=1400 audit(1776747853.215:71627): avc:  denied  { write } for  pid=18048 comm="ThreadPoolForeg" name="traced_producer" dev="tmpfs" ino=19368 scontext=u:r:gmscore_app:s0:c512,c768 tcontext=u:object_r:traced_producer_socket:s0 tclass=sock_file permissive=0 SEPF_SM-A505F_11_0010 audit_filtered
04-21 12:04:13.221 E/audit   ( 4106): type=1300 audit(1776747853.215:71627): arch=c00000b7 syscall=203 success=no exit=-13 a0=d1 a1=74e4aee900 a2=1e a3=75d46abaa4 items=0 ppid=4130 pid=18048 auid=4294967295 uid=10094 gid=10094 euid=10094 suid=10094 fsuid=10094 egid=10094 sgid=10094 fsgid=10094 tty=(none) ses=4294967295 comm="ThreadPoolForeg" exe="/system/bin/app_process64" subj=u:r:gmscore_app:s0:c512,c768 key=(null)
04-21 12:04:13.221 E/audit   ( 4106): type=1327 audit(1776747853.215:71627): proctitle="com.google.android.gms"
04-21 12:04:13.287 D/PackageManager( 4568): [VERIFY] extendVerificationTimeout2(16, ALLOW, 10000), uid=5012
04-21 12:04:13.287 D/PackageManager( 4568): [VERIFY] extendVerificationTimeout: timeout extended
04-21 12:04:13.287 D/PackageManager( 4568): [VERIFY] extendTimeout(16), uid=5012
04-21 12:04:13.756 E/audit   ( 4106): type=1400 audit(1776747853.751:71628): avc:  denied  { write } for  pid=15042 comm="ThreadPoolForeg" name="traced_producer" dev="tmpfs" ino=19368 scontext=u:r:gmscore_app:s0:c512,c768 tcontext=u:object_r:traced_producer_socket:s0 tclass=sock_file permissive=0 SEPF_SM-A505F_11_0010 audit_filtered
04-21 12:04:13.756 E/audit   ( 4106): type=1300 audit(1776747853.751:71628): arch=c00000b7 syscall=203 success=no exit=-13 a0=8a a1=74e49b6600 a2=1e a3=75d46abaa4 items=0 ppid=4130 pid=15042 auid=4294967295 uid=10094 gid=10094 euid=10094 suid=10094 fsuid=10094 egid=10094 sgid=10094 fsgid=10094 tty=(none) ses=4294967295 comm="ThreadPoolForeg" exe="/system/bin/app_process64" subj=u:r:gmscore_app:s0:c512,c768 key=(null)
04-21 12:04:13.756 E/audit   ( 4106): type=1327 audit(1776747853.751:71628): proctitle="com.google.android.gms.persistent"
04-21 12:04:14.202 I/bauth_FPBAuthService( 4326): pcf : 0x1012, 0 ,1 ,0 ,0 ,0 ,0, 5.1.0.0
04-21 12:04:14.202 I/bauth_FPBAuthService( 4326): thread id : 1, preenroll_flag : 0, nd cnt : 0, cso : 0, et : 0
04-21 12:04:14.202 I/bauth_FPBAuthService( 4326): FPBAuthService, 11607
04-21 12:04:14.224 D/BoundBrokerSvc(15042): onUnbind: Intent { act=com.google.android.gms.time.trustedtime.singleuserapi.service.START dat=chimera-action: cmp=com.google.android.gms/.chimera.PersistentSingleUserInternalApiService }
04-21 12:04:14.255 D/BoundBrokerSvc(15042): onUnbind: Intent { act=com.google.android.gms.time.trustedtime.service.START dat=chimera-action: cmp=com.google.android.gms/.chimera.PersistentDirectBootAwareApiService }
04-21 12:04:14.462 I/io_stats( 4041): !@   8,0 r 1133251 40643860 w 530197 17958328 d 96274 107110920 f 157789 239540 iot 762368 593523 th 51200 51200 40028 pt 152 inp 0 0 54701.798
04-21 12:04:14.487 D/BoundBrokerSvc(18048): onUnbind: Intent { act=com.google.android.gms.measurement.START pkg=com.google.android.gms }
04-21 12:04:15.202 I/bauth_FPBAuthService( 4326): pcf : 0x1012, 0 ,1 ,0 ,0 ,0 ,0, 5.1.0.0
04-21 12:04:15.202 I/bauth_FPBAuthService( 4326): thread id : 1, preenroll_flag : 0, nd cnt : 0, cso : 0, et : 0
04-21 12:04:15.202 I/bauth_FPBAuthService( 4326): FPBAuthService, 11607
04-21 12:04:16.113 I/SurfaceFlinger( 4212): SFWD update time=54703450666488
04-21 12:04:16.158 D/NetworkController.SecMobileSignalController(1/1)( 4878): onSignalStrengthsChanged level=4
04-21 12:04:16.163 D/NetworkController.SecMobileSignalController(1/1)( 4878): Display signal bar by emergency only[true][true]
04-21 12:04:16.163 D/MobileSignalIconsSelector( 4878): getDataIconGroup(): 0
04-21 12:04:16.203 I/bauth_FPBAuthService( 4326): pcf : 0x1012, 0 ,1 ,0 ,0 ,0 ,0, 5.1.0.0
04-21 12:04:16.203 I/bauth_FPBAuthService( 4326): thread id : 1, preenroll_flag : 0, nd cnt : 0, cso : 0, et : 0
04-21 12:04:16.203 I/bauth_FPBAuthService( 4326): FPBAuthService, 11607
04-21 12:04:16.465 I/io_stats( 4041): !@   8,0 r 1133252 40643864 w 530198 17958364 d 96276 107127304 f 157790 239542 iot 762388 593538 th 51200 51200 40028 pt 152 inp 0 0 54703.801
04-21 12:04:17.203 I/bauth_FPBAuthService( 4326): pcf : 0x1012, 0 ,1 ,0 ,0 ,0 ,0, 5.1.0.0
04-21 12:04:17.203 I/bauth_FPBAuthService( 4326): thread id : 1, preenroll_flag : 0, nd cnt : 0, cso : 0, et : 0
04-21 12:04:17.203 I/bauth_FPBAuthService( 4326): FPBAuthService, 11607
04-21 12:04:17.721 V/NetworkPolicy( 4568): updateNotificationsNL() - totalBytes : 0, policy : NetworkPolicy{template=NetworkTemplate: matchRule=MOBILE, subscriberId=452090..., matchSubscriberIds=[452090...] cycleRule=RecurrenceRule{start=2025-01-01T00:00+07:00[Asia/Ho_Chi_Minh] end=null period=P1M} warningBytes=2000000000 limitBytes=-1 lastWarningSnooze=-1 lastLimitSnooze=-1 lastRapidSnooze=-1 metered=true inferred=true}, CallingUID: 1000
04-21 12:04:17.827 I/wpa_supplicant( 4834): Heartbeat 5478
04-21 12:04:17.862 V/NetworkPolicy( 4568): updateNotificationsNL() - totalBytes : 0, policy : NetworkPolicy{template=NetworkTemplate: matchRule=MOBILE, subscriberId=452090..., matchSubscriberIds=[452090...] cycleRule=RecurrenceRule{start=2025-01-01T00:00+07:00[Asia/Ho_Chi_Minh] end=null period=P1M} warningBytes=2000000000 limitBytes=-1 lastWarningSnooze=-1 lastLimitSnooze=-1 lastRapidSnooze=-1 metered=true inferred=true}, CallingUID: 1000
04-21 12:04:18.203 I/bauth_FPBAuthService( 4326): pcf : 0x1012, 0 ,1 ,0 ,0 ,0 ,0, 5.1.0.0
04-21 12:04:18.203 I/bauth_FPBAuthService( 4326): thread id : 1, preenroll_flag : 0, nd cnt : 0, cso : 0, et : 0
04-21 12:04:18.204 I/bauth_FPBAuthService( 4326): FPBAuthService, 11607
04-21 12:04:18.221 D/BoundBrokerSvc(15042): onUnbind: Intent { act=com.google.android.gms.presencemanager.service.START dat=chimera-action: cmp=com.google.android.gms/.chimera.PersistentApiService }
04-21 12:04:18.238 D/BoundBrokerSvc(15042): onUnbind: Intent { act=com.google.android.gms.presencemanager.service.INTERNAL_IDENTITY dat=chimera-action: cmp=com.google.android.gms/.chimera.PersistentApiService }
04-21 12:04:18.467 I/io_stats( 4041): !@   8,0 r 1133252 40643864 w 530200 17958372 d 96276 107127304 f 157790 239542 iot 762388 593539 th 51200 51200 40028 pt 152 inp 0 0 54705.804
04-21 12:04:19.204 I/bauth_FPBAuthService( 4326): pcf : 0x1012, 0 ,1 ,0 ,0 ,0 ,0, 5.1.0.0
04-21 12:04:19.204 I/bauth_FPBAuthService( 4326): thread id : 1, preenroll_flag : 0, nd cnt : 0, cso : 0, et : 0
04-21 12:04:19.204 I/bauth_FPBAuthService( 4326): FPBAuthService, 11607
04-21 12:04:20.204 I/bauth_FPBAuthService( 4326): pcf : 0x1012, 0 ,1 ,0 ,0 ,0 ,0, 5.1.0.0
04-21 12:04:20.204 I/bauth_FPBAuthService( 4326): thread id : 1, preenroll_flag : 0, nd cnt : 0, cso : 0, et : 0
04-21 12:04:20.204 I/bauth_FPBAuthService( 4326): FPBAuthService, 11607
04-21 12:04:21.114 I/SurfaceFlinger( 4212): SFWD update time=54708450968984
04-21 12:04:21.205 I/bauth_FPBAuthService( 4326): pcf : 0x1012, 0 ,1 ,0 ,0 ,0 ,0, 5.1.0.0
04-21 12:04:21.205 I/bauth_FPBAuthService( 4326): thread id : 1, preenroll_flag : 0, nd cnt : 0, cso : 0, et : 0
04-21 12:04:21.205 I/bauth_FPBAuthService( 4326): FPBAuthService, 11607
04-21 12:04:21.831 D/PackageManager( 4568): [VERIFY] extendVerificationTimeout2(16, ALLOW, 10000), uid=5012
04-21 12:04:21.831 D/PackageManager( 4568): [VERIFY] extendVerificationTimeout: timeout extended
04-21 12:04:21.831 D/PackageManager( 4568): [VERIFY] extendTimeout(16), uid=5012
04-21 12:04:22.207 I/bauth_FPBAuthService( 4326): pcf : 0x1012, 0 ,1 ,0 ,0 ,0 ,0, 5.1.0.0
04-21 12:04:22.207 I/bauth_FPBAuthService( 4326): thread id : 1, preenroll_flag : 0, nd cnt : 0, cso : 0, et : 0
04-21 12:04:22.207 I/bauth_FPBAuthService( 4326): FPBAuthService, 11607
04-21 12:04:22.472 I/io_stats( 4041): !@   8,0 r 1133255 40643888 w 530201 17958388 d 96276 107127304 f 157791 239544 iot 762392 593540 th 51200 51200 40028 pt 152 inp 0 0 54709.809
04-21 12:04:23.036 V/NetworkPolicy( 4568): updateNotificationsNL() - totalBytes : 0, policy : NetworkPolicy{template=NetworkTemplate: matchRule=MOBILE, subscriberId=452090..., matchSubscriberIds=[452090...] cycleRule=RecurrenceRule{start=2025-01-01T00:00+07:00[Asia/Ho_Chi_Minh] end=null period=P1M} warningBytes=2000000000 limitBytes=-1 lastWarningSnooze=-1 lastLimitSnooze=-1 lastRapidSnooze=-1 metered=true inferred=true}, CallingUID: 1000
04-21 12:04:23.160 V/NetworkPolicy( 4568): updateNotificationsNL() - totalBytes : 0, policy : NetworkPolicy{template=NetworkTemplate: matchRule=MOBILE, subscriberId=452090..., matchSubscriberIds=[452090...] cycleRule=RecurrenceRule{start=2025-01-01T00:00+07:00[Asia/Ho_Chi_Minh] end=null period=P1M} warningBytes=2000000000 limitBytes=-1 lastWarningSnooze=-1 lastLimitSnooze=-1 lastRapidSnooze=-1 metered=true inferred=true}, CallingUID: 1000
04-21 12:04:23.207 I/bauth_FPBAuthService( 4326): pcf : 0x1012, 0 ,1 ,0 ,0 ,0 ,0, 5.1.0.0
04-21 12:04:23.207 I/bauth_FPBAuthService( 4326): thread id : 1, preenroll_flag : 0, nd cnt : 0, cso : 0, et : 0
04-21 12:04:23.207 I/bauth_FPBAuthService( 4326): FPBAuthService, 11607
04-21 12:04:24.208 I/bauth_FPBAuthService( 4326): pcf : 0x1012, 0 ,1 ,0 ,0 ,0 ,0, 5.1.0.0
04-21 12:04:24.208 I/bauth_FPBAuthService( 4326): thread id : 1, preenroll_flag : 0, nd cnt : 0, cso : 0, et : 0
04-21 12:04:24.208 I/bauth_FPBAuthService( 4326): FPBAuthService, 11607
04-21 12:04:24.475 I/io_stats( 4041): !@   8,0 r 1133282 40644520 w 530206 17958408 d 96276 107127304 f 157791 239544 iot 762400 593546 th 51200 51200 40028 pt 152 inp 0 0 54711.811
04-21 12:04:25.208 I/bauth_FPBAuthService( 4326): pcf : 0x1012, 0 ,1 ,0 ,0 ,0 ,0, 5.1.0.0
04-21 12:04:25.208 I/bauth_FPBAuthService( 4326): thread id : 1, preenroll_flag : 0, nd cnt : 0, cso : 0, et : 0
04-21 12:04:25.208 I/bauth_FPBAuthService( 4326): FPBAuthService, 11607
04-21 12:04:26.114 I/SurfaceFlinger( 4212): SFWD update time=54713451204750
04-21 12:04:26.209 I/bauth_FPBAuthService( 4326): pcf : 0x1012, 0 ,1 ,0 ,0 ,0 ,0, 5.1.0.0
04-21 12:04:26.209 I/bauth_FPBAuthService( 4326): thread id : 1, preenroll_flag : 0, nd cnt : 0, cso : 0, et : 0
04-21 12:04:26.209 I/bauth_FPBAuthService( 4326): FPBAuthService, 11607
04-21 12:04:26.478 I/io_stats( 4041): !@   8,0 r 1133282 40644520 w 530207 17958428 d 96276 107127304 f 157792 239546 iot 762400 593547 th 51200 51200 40028 pt 152 inp 0 0 54713.814
04-21 12:04:27.209 I/bauth_FPBAuthService( 4326): pcf : 0x1012, 0 ,1 ,0 ,0 ,0 ,0, 5.1.0.0
04-21 12:04:27.209 I/bauth_FPBAuthService( 4326): thread id : 1, preenroll_flag : 0, nd cnt : 0, cso : 0, et : 0
04-21 12:04:27.209 I/bauth_FPBAuthService( 4326): FPBAuthService, 11607
04-21 12:04:27.676 D/NetworkController.SecMobileSignalController(1/1)( 4878): onSignalStrengthsChanged level=3
04-21 12:04:27.678 D/NetworkController.SecMobileSignalController(1/1)( 4878): Display signal bar by emergency only[true][true]
04-21 12:04:27.678 D/MobileSignalIconsSelector( 4878): getDataIconGroup(): 0
04-21 12:04:27.838 I/wpa_supplicant( 4834): Heartbeat 5479
04-21 12:04:28.209 I/bauth_FPBAuthService( 4326): pcf : 0x1012, 0 ,1 ,0 ,0 ,0 ,0, 5.1.0.0
04-21 12:04:28.210 I/bauth_FPBAuthService( 4326): thread id : 1, preenroll_flag : 0, nd cnt : 0, cso : 0, et : 0
04-21 12:04:28.210 I/bauth_FPBAuthService( 4326): FPBAuthService, 11607
04-21 12:04:28.480 I/io_stats( 4041): !@   8,0 r 1133282 40644520 w 530220 17960796 d 96276 107127304 f 157793 239548 iot 762412 593560 th 51200 51200 40028 pt 152 inp 0 0 54715.817
04-21 12:04:29.210 I/bauth_FPBAuthService( 4326): pcf : 0x1012, 0 ,1 ,0 ,0 ,0 ,0, 5.1.0.0
04-21 12:04:29.210 I/bauth_FPBAuthService( 4326): thread id : 1, preenroll_flag : 0, nd cnt : 0, cso : 0, et : 0
04-21 12:04:29.210 I/bauth_FPBAuthService( 4326): FPBAuthService, 11607
04-21 12:04:29.257 D/PackageManager( 4568): [VERIFY] extendVerificationTimeout2(16, ALLOW, 60000), uid=5012
04-21 12:04:29.257 D/PackageManager( 4568): [VERIFY] extendVerificationTimeout: timeout extended
04-21 12:04:29.258 D/PackageManager( 4568): [VERIFY] extendTimeout(16), uid=5012
04-21 12:04:29.260 D/PackageManager( 4568): [VERIFY] verifyPendingInstall2(16, ALLOW), uid=5012
04-21 12:04:29.264 D/PackageManager( 4568): [VERIFY] PACKAGE_VERIFIED: 
04-21 12:04:29.264 D/PackageManager( 4568): PackageVerificationState{
04-21 12:04:29.264 D/PackageManager( 4568):     verifier packages=com.samsung.android.sm.devicesecurity(5012),
04-21 12:04:29.264 D/PackageManager( 4568):     intent=Intent { act=com.samsung.android.intent.action.PACKAGE_NEEDS_VERIFICATION2 dat=file:///data/app/vmdl1502231555.tmp typ=application/vnd.android.package-archive flg=0x10000001 cmp=com.samsung.android.sm.devicesecurity/.AppVerificationReceiver (has extras) }
04-21 12:04:29.264 D/PackageManager( 4568):     others=16, false, false, false, false, true
04-21 12:04:29.264 D/PackageManager( 4568): }
04-21 12:04:29.264 D/PackageManager( 4568): [VERIFY] setVerifierResponse {verificationID=16, uid=5012, code=1}
04-21 12:04:29.268 D/PackageManager( 4568): [VERIFY] packageVerificationCompletion: completed id=16
04-21 12:04:29.338 W/PackageManager( 4568): verifying app can be installed or not
04-21 12:04:29.339 D/ApplicationPolicy( 4568): isApplicationInstallationEnabled
04-21 12:04:29.340 D/ApplicationPolicy( 4568): isApplicationInstallationEnabled :  Checking PKG WL - false
04-21 12:04:29.340 D/ApplicationPolicy( 4568): isApplicationInstallationEnabled :  Checking PKG BL - true
04-21 12:04:29.340 D/ApplicationPolicy( 4568): isApplicationInstallationEnabled :  Checking PERM BL - true
04-21 12:04:29.340 D/ApplicationPolicy( 4568): isApplicationInstallationEnabled :  Checking SIG BL - true
04-21 12:04:29.340 D/ApplicationPolicy( 4568): isApplicationInstallationEnabled :  Checking PKG WL - false
04-21 12:04:29.340 D/ApplicationPolicy( 4568): isApplicationInstallationEnabled :  Checking PKG BL - true
04-21 12:04:29.340 D/ApplicationPolicy( 4568): isApplicationInstallationEnabled :  Checking PERM BL - true
04-21 12:04:29.340 D/ApplicationPolicy( 4568): isApplicationInstallationEnabled :  Checking SIG BL - true
04-21 12:04:29.341 D/ApplicationPolicy( 4568): isApplicationInstallationEnabled :  enabled true
04-21 12:04:29.343 D/RestrictionPolicy( 4568): isNewAdminInstallationEnabledInternal : false
04-21 12:04:29.400 I/ApkToolkit(28263): <FIVE>: Enter to ApkSigner
04-21 12:04:29.400 I/ApkToolkit(28263): <FIVE>: Enter ApkSigner APK: 3 com.example.nativesmokeapp.dev/base.apk
04-21 12:04:29.401 I/ApkToolkit(28263): PROCA permissions are absent.
04-21 12:04:29.401 I/ApkToolkit(28263): FiveSign starts: zip_fd = 3, fd = 3.
04-21 12:04:29.402 I/ApkToolkit(28263): PROCA permissions are absent.
04-21 12:04:29.402 I/ApkToolkit(28263): FiveSign finished: 0.
04-21 12:04:29.402 I/ApkToolkit(28263): <FIVE>: Exit from ApkSigner
04-21 12:04:29.405 I/ActivityManager( 4568): Force stopping com.example.nativesmokeapp.dev appid=10401 user=-1: installPackageLI
04-21 12:04:29.412 I/PackageManager( 4568): Update package com.example.nativesmokeapp.dev code path from /data/app/~~aF8olkeCy3qPvFFwqNdy_w==/com.example.nativesmokeapp.dev-VnjMae6xcWdamJQKUY2z2g== to /data/app/~~L4tn2nFstvlNDzKGyEkvvw==/com.example.nativesmokeapp.dev-QMpsUGch2Ik2jZjqcAHDLw==; Retain data and using new
04-21 12:04:29.412 I/PackageManager( 4568): Update package com.example.nativesmokeapp.dev resource path from /data/app/~~aF8olkeCy3qPvFFwqNdy_w==/com.example.nativesmokeapp.dev-VnjMae6xcWdamJQKUY2z2g== to /data/app/~~L4tn2nFstvlNDzKGyEkvvw==/com.example.nativesmokeapp.dev-QMpsUGch2Ik2jZjqcAHDLw==; Retain data and using new
04-21 12:04:29.421 I/AppsFilter( 4568): interaction: PackageSetting{8e48f39 com.example.myapp.dev/10399} -> PackageSetting{c1a5d63 com.example.nativesmokeapp.dev/10401} BLOCKED
04-21 12:04:29.422 I/AppsFilter( 4568): interaction: PackageSetting{e409c4 com.eup.meup/10385} -> PackageSetting{c1a5d63 com.example.nativesmokeapp.dev/10401} BLOCKED
04-21 12:04:29.424 I/AppsFilter( 4568): interaction: PackageSetting{714fe71 com.example.vibe_promax/10381} -> PackageSetting{c1a5d63 com.example.nativesmokeapp.dev/10401} BLOCKED
04-21 12:04:29.432 D/PackageManager.SDP( 4568): Skip removing package directory
04-21 12:04:29.482 D/CompatibilityChangeReporter( 4568): Compat change id reported: 135549675; UID 10401; state: ENABLED
04-21 12:04:29.492 I/PackageManager( 4568): Permission ownership changed. Updating all permissions.
04-21 12:04:29.770 D/AASA_ASKSManager_RESTRICTED( 4568): There is no restricted rule.
04-21 12:04:29.770 D/PackageManager( 4568): Skip dexopt
04-21 12:04:29.774 I/AppsFilter( 4568): interaction: PackageSetting{8e48f39 com.example.myapp.dev/10399} -> PackageSetting{db6f876 com.example.nativesmokeapp.dev/10401} BLOCKED
04-21 12:04:29.774 I/AppsFilter( 4568): interaction: PackageSetting{e409c4 com.eup.meup/10385} -> PackageSetting{db6f876 com.example.nativesmokeapp.dev/10401} BLOCKED
04-21 12:04:29.775 I/AppsFilter( 4568): interaction: PackageSetting{714fe71 com.example.vibe_promax/10381} -> PackageSetting{db6f876 com.example.nativesmokeapp.dev/10401} BLOCKED
04-21 12:04:29.787 D/PackageManager( 4568): result of install: 1{239491093}
04-21 12:04:29.787 E/installd( 4291): Couldn't opendir /data/app/vmdl1502231555.tmp: No such file or directory
04-21 12:04:29.788 E/installd( 4291): Failed to delete /data/app/vmdl1502231555.tmp: No such file or directory
04-21 12:04:29.788 D/MultiUserInstallPolicy( 4568): applyInstallPolicyPackageInternalLPw : com.example.nativesmokeapp.dev
04-21 12:04:29.788 D/MultiUserInstallPolicy( 4568): installedOrEnabledPackage : com.example.nativesmokeapp.dev
04-21 12:04:29.790 I/ActivityManager( 4568): Force stopping com.example.nativesmokeapp.dev appid=10401 user=0: pkg removed
04-21 12:04:29.793 I/abb     ( 2378): oneway function results will be dropped but finished with status OK and parcel size 4
04-21 12:04:29.793 E/audit   ( 4106): type=1400 audit(1776747869.787:71629): avc:  denied  { getopt } for  pid=4568 comm="Binder:4568_D" scontext=u:r:system_server:s0 tcontext=u:r:shell:s0 tclass=unix_stream_socket permissive=0 SEPF_SM-A505F_11_0010 audit_filtered
04-21 12:04:29.793 E/audit   ( 4106): type=1300 audit(1776747869.787:71629): arch=c00000b7 syscall=209 success=no exit=-13 a0=312 a1=1 a2=4 a3=74b37fce74 items=0 ppid=4130 pid=4568 auid=4294967295 uid=1000 gid=1000 euid=1000 suid=1000 fsuid=1000 egid=1000 sgid=1000 fsgid=1000 tty=(none) ses=4294967295 comm="Binder:4568_D" exe="/system/bin/app_process64" subj=u:r:system_server:s0 key=(null)
04-21 12:04:29.794 E/audit   ( 4106): type=1327 audit(1776747869.787:71629): proctitle="system_server"
04-21 12:04:29.794 E/audit   ( 4106): type=1400 audit(1776747869.787:71630): avc:  denied  { getopt } for  pid=4568 comm="Binder:4568_D" scontext=u:r:system_server:s0 tcontext=u:r:shell:s0 tclass=unix_stream_socket permissive=0 SEPF_SM-A505F_11_0010 audit_filtered
04-21 12:04:29.848 I/ActivityManager( 4568): Force stopping com.example.nativesmokeapp.dev appid=10401 user=0: pkg removed
04-21 12:04:29.867 I/MediaProvider( 6881): Invalidating LocalCallingIdentity cache for package com.example.nativesmokeapp.dev. Reason: package android.intent.action.PACKAGE_REMOVED
04-21 12:04:29.886 D/SPluginManagerImpl( 4878): onReceive: android.intent.action.PACKAGE_REMOVED, size:{com.android.systemui.pluginlock.PluginLockMediatorImpl@2f1ff3b=SPluginInstanceManager@165037762 (action=com.samsung.systemui.action.PLUGIN_LOCK), com.samsung.android.systemui.multistar.MultiStarManager$1@37e3a5c=SPluginInstanceManager@98004179 (action=com.samsung.systemui.action.PLUGIN_MULTISTAR), com.android.systemui.slimindicator.SlimIndicatorPluginMediator@55d2853=SPluginInstanceManager@236179472 (action=com.samsung.systemui.action.SPLUGIN_SLIMINDICATOR), com.android.systemui.statusbar.phone.NavBarInteractorManager$1@65cc61c=SPluginInstanceManager@70559497 (action=com.samsung.systemui.navigationbar.PLUGIN), com.android.systemui.volume.VolumeStarInteractor$1@a05aec1=SPluginInstanceManager@256249102 (action=com.samsung.systemui.volume.PLUGIN), com.android.systemui.BixbyInteractor$1@c87427e=SPluginInstanceManager@262275887 (action=com.samsung.systemui.bixby2.PLUGIN), com.android.systemui.noticenter.NotiCenterPlugin$NotiCenterPluginListener@e5da283=SPluginInstanceManager@172875068 (action=com.samsung.systemui.action.PLUGIN_NOTICENTER)}
04-21 12:04:29.887 D/KeyguardUpdateMonitor( 4878): received broadcast android.intent.action.PACKAGE_REMOVED
04-21 12:04:29.888 D/MetaDataCollector( 4568): onReceive: begin action=android.intent.action.PACKAGE_REMOVED
04-21 12:04:29.888 D/MetaDataCollector( 4568): onReceive: done pkgName=com.example.nativesmokeapp.dev
04-21 12:04:29.888 D/TileServices( 4878): mUninstallReceiver onReceive = Intent { act=android.intent.action.PACKAGE_REMOVED dat=package:com.example.nativesmokeapp.dev flg=0x4000010 (has extras) }
04-21 12:04:29.891 D/FaceWidgetMusicViewModel( 4878): onPackageRemoved() pkg = com.example.nativesmokeapp.dev, r = true
04-21 12:04:29.891 D/FaceWidgetMetadataParser( 4878): removePackage() key = com.example.nativesmokeapp.dev
04-21 12:04:29.899 I/PackageInfoManager_FLP( 5958): action : ACTION_PACKAGE_REMOVED, packageName = com.example.nativesmokeapp.dev
04-21 12:04:29.903 W/BroadcastQueue( 4568): Background execution not allowed: receiving Intent { act=android.intent.action.PACKAGE_REMOVED dat=package:com.example.nativesmokeapp.dev flg=0x4000010 (has extras) } to android/com.kddi.android.CpaNotiReceiver
04-21 12:04:29.903 W/BroadcastQueue( 4568): Background execution not allowed: receiving Intent { act=android.intent.action.PACKAGE_REMOVED dat=package:com.example.nativesmokeapp.dev flg=0x4000010 (has extras) } to com.android.vending/com.google.android.finsky.packagemonitor.impl.PackageMonitorReceiverImpl$RegisteredReceiver
04-21 12:04:29.906 I/Finsky  (32384): [2] ajcn - Received: android.intent.action.PACKAGE_REMOVED, [fJBZ4qRa3lINTN6Dc00pUzsv2rToKb6tI4TINHq3Lf0]
04-21 12:04:29.908 I/Finsky:background(27221): [2] ajcc - Received: android.intent.action.PACKAGE_REMOVED, [fJBZ4qRa3lINTN6Dc00pUzsv2rToKb6tI4TINHq3Lf0]
04-21 12:04:29.911 I/SystemBroadcastReceiver(11720): [#CMH#] onReceive completed :  0
04-21 12:04:29.912 I/ControllerEventHandler(11720): [#CMH#] onPackageRemoved  null
04-21 12:04:29.916 I/AppOps  ( 4568): updateUidProcState uid: 1000 procState: 0 capability:7
04-21 12:04:29.917 D/PowerManagerService( 4568): [api] setDeviceIdleTempWhitelist: appids: [0]1000  (uid: 1000 pid: 4568)
04-21 12:04:29.925 W/BroadcastQueue( 4568): Background execution not allowed: receiving Intent { act=android.intent.action.PACKAGE_REMOVED dat=package:com.example.nativesmokeapp.dev flg=0x4000010 (has extras) } to com.android.vending/com.google.android.finsky.packagemonitor.backgroundimpl.BackgroundPackageMonitorReceiverImpl$RegisteredReceiver
04-21 12:04:29.926 I/Finsky  (32384): [2] AIM: AppInfoCacheUpdater -> invalidating apps: [com.example.nativesmokeapp.dev]
04-21 12:04:29.926 I/Finsky  (32384): [2] AIM: AppInfoManager-Perf > getApps > called for 1 apps
04-21 12:04:29.930 I/InputReader( 4568): Reconfiguring input devices, changes=KEYBOARD_LAYOUTS | 
04-21 12:04:29.931 D/StorageManagerService( 4568): getExternalStorageMountMode: uid=1000 packageName=com.android.keychain
04-21 12:04:29.932 I/Finsky  (32384): [7078] AIM: AppInfoManager-Perf > OnDeviceAppInfo > cacheHitCount=0, cacheMissCount=1. Missed  in cache (limit 10) : [com.example.nativesmokeapp.dev]
04-21 12:04:29.933 D/CompatibilityChangeReporter( 4568): Compat change id reported: 135634846; UID 1000; state: DISABLED
04-21 12:04:29.934 W/BroadcastQueue( 4568): Background execution not allowed: receiving Intent { act=android.intent.action.PACKAGE_REMOVED dat=package:com.example.nativesmokeapp.dev flg=0x4000010 (has extras) } to com.google.android.gms/.chimera.GmsIntentOperationService$PersistentTrustedReceiver
04-21 12:04:29.934 W/BroadcastQueue( 4568): Background execution not allowed: receiving Intent { act=android.intent.action.PACKAGE_REMOVED dat=package:com.example.nativesmokeapp.dev flg=0x4000010 (has extras) } to com.samsung.android.app.taskedge/.edgepanel.TaskEdgePanelProvider
04-21 12:04:29.934 D/KeyCustomizeManager( 4568): saveSettingsLocked
04-21 12:04:29.934 W/BroadcastQueue( 4568): Background execution not allowed: receiving Intent { act=android.intent.action.PACKAGE_REMOVED dat=package:com.example.nativesmokeapp.dev flg=0x4000010 (has extras) } to com.samsung.android.sm.devicesecurity/.PackageReceiver
04-21 12:04:29.934 W/BroadcastQueue( 4568): Background execution not allowed: receiving Intent { act=android.intent.action.PACKAGE_REMOVED dat=package:com.example.nativesmokeapp.dev flg=0x4000010 (has extras) } to com.samsung.cmh/.core.ClearDataReceiver
04-21 12:04:29.934 I/Finsky  (32384): [7075] AIM: Got app ownership map. App counts: . Unique apps: 0
04-21 12:04:29.935 W/BroadcastQueue( 4568): Background execution not allowed: receiving Intent { act=android.intent.action.PACKAGE_REMOVED dat=package:com.example.nativesmokeapp.dev flg=0x4000010 (has extras) } to com.sec.android.app.samsungapps/com.samsung.android.iap.receiver.IapReceiver
04-21 12:04:29.944 D/EnterpriseLicenseService( 4568): package removed. userId = 0
04-21 12:04:29.945 D/PkgPredictorService-MultiUserPkgManager( 4568):  receive action is android.intent.action.PACKAGE_REMOVED
04-21 12:04:29.945 D/PkgPredictorService-MultiUserPkgManager( 4568): handleMessage 100
04-21 12:04:29.945 D/PkgPredictorService-MultiUserPkgManager( 4568): user=0  uid=10401 onPackageStatusChange com.example.nativesmokeapp.dev action=android.intent.action.PACKAGE_REMOVED
04-21 12:04:29.950 W/BroadcastQueue( 4568): Background execution not allowed: receiving Intent { act=android.intent.action.PACKAGE_REMOVED dat=package:com.example.nativesmokeapp.dev flg=0x4000010 (has extras) } to com.sec.imsservice/com.sec.internal.ims.imsservice.ImsIntentReceiver
04-21 12:04:29.952 D/SdpManagerService.receiver( 4568): onReceive - android.intent.action.PACKAGE_REMOVED
04-21 12:04:29.952 D/SdpManagerService.receiver( 4568): On android.intent.action.PACKAGE_REMOVED : DATA = package:com.example.nativesmokeapp.dev, UID = 10401, UserId = 0, Is replacing? true
04-21 12:04:29.952 D/SdpManagerService.receiver( 4568): On android.intent.action.PACKAGE_REMOVED : Skipped!
04-21 12:04:29.952 D/DexPreloader( 4568):  receive action is android.intent.action.PACKAGE_REMOVED isReInstall:true
04-21 12:04:29.954 D/SEP_UNION_SemDeviceInfoManagerService( 4568): onReceive : android.intent.action.PACKAGE_REMOVED, userId = 0 
04-21 12:04:29.935 E/Finsky  (32384): [7075] [Counters] attempted to use a non-positive increment for: 4752
04-21 12:04:29.964 I/VvmPkgInstalledRcvr( 4855): onReceive() : action android.intent.action.PACKAGE_REMOVED packageName :com.example.nativesmokeapp.dev
04-21 12:04:29.967 I/Telecom:SamsungTelecomServiceImpl( 4568): getCallCapablePhoneAccounts - includeDisabledAccounts : false / callingPackage : com.android.phone
04-21 12:04:29.978 W/BroadcastQueue( 4568): Background execution not allowed: receiving Intent { act=android.intent.action.PACKAGE_REMOVED dat=package:com.example.nativesmokeapp.dev flg=0x4000010 (has extras) } to com.google.android.videos/com.google.android.libraries.social.peoplekit.thirdparty.viewcontrollers.ThirdPartyReceiver
04-21 12:04:29.978 D/ActivityManager( 4568): Received BROADCAST intent 0x419e2fe Key{broadcastIntent pkg=com.android.systemui intent=act=com.samsung.android.app.edgelighting.PACKAGE_REMOVED cmp=com.android.systemui/.edgelighting.EdgeLightingReceiver flags=0x0 u=0} requestCode=0 sent=0 from uid 1000
04-21 12:04:29.978 D/SEP_UNION_SemDeviceInfoManagerService( 4568): sendIntentAction() action = android.intent.action.PACKAGE_REMOVED, tag =  
04-21 12:04:29.979 D/ActivityManager( 4568): Received BROADCAST intent 0x87553d6 Key{broadcastIntent pkg=com.samsung.android.provider.filterprovider intent=act=com.samsung.android.provider.filterprovider.INTENT_PACKAGE_REMOVED cmp=com.samsung.android.provider.filterprovider/.PackageIntentReceiver flags=0x0 u=0} requestCode=0 sent=0 from uid 1000
04-21 12:04:29.979 D/SEP_UNION_SemDeviceInfoManagerService( 4568): sendIntentAction() action = android.intent.action.PACKAGE_REMOVED, tag =  
04-21 12:04:29.980 D/Zygote  ( 4130): Forked child process 28280
04-21 12:04:29.983 W/ActivityManager( 4568): Slow operation: 53ms so far, now at startProcess: returned from zygote!
04-21 12:04:29.986 D/ActivityManager( 4568): Received SERVICE intent 0x588c99c Key{startService pkg=com.samsung.android.app.routines intent=act=com.samsung.android.rotine.ACTION_PACKAGE_CHANGED cmp=com.samsung.android.app.routines/.domainmodel.core.service.RoutineService flags=0x0 u=0} requestCode=10000 from uid 1000
04-21 12:04:29.986 D/SEP_UNION_SemDeviceInfoManagerService( 4568): sendIntentAction() action = android.intent.action.PACKAGE_REMOVED, tag =  
04-21 12:04:29.988 I/RoutineDebug[3.1.17.8]: RoutineService(26876): onCreate
04-21 12:04:29.989 D/StorageManagerService( 4568): getExternalStorageMountMode: uid=10082 packageName=com.samsung.android.app.galaxyfinder
04-21 12:04:29.989 I/SEP_UNION_SemUnionManager(26876): getUnionService() : semeventdelegator 
04-21 12:04:29.990 D/CompatibilityChangeReporter( 4568): Compat change id reported: 135634846; UID 10082; state: DISABLED
04-21 12:04:29.990 D/ActivityManager( 4568): Received SERVICE intent 0xef69f7a Key{startService pkg=com.samsung.android.app.galaxyfinder intent=act=package_changed cmp=com.samsung.android.app.galaxyfinder/.acceleration.AppCoreService flags=0x0 u=0} requestCode=0 from uid 1000
04-21 12:04:29.991 D/SEP_UNION_SemDeviceInfoManagerService( 4568): sendIntentAction() action = android.intent.action.PACKAGE_REMOVED, tag =  
04-21 12:04:29.991 D/SEP_UNION_SemDeviceInfoManagerService( 4568): registerPendingIntentInternal() action = android.intent.action.PACKAGE_CHANGED, android.intent.action.PACKAGE_ADDED, android.intent.action.PACKAGE_FULLY_REMOVED, android.intent.action.MY_PACKAGE_REPLACED, android.intent.action.PACKAGE_REPLACED, android.intent.action.PACKAGE_REMOVED, callingPackage = com.samsung.android.app.routines, userId = 0, flag = 0, conditions = null 
04-21 12:04:29.992 D/SEP_UNION_SemDeviceInfoManagerService( 4568): Same PendingIntent is in com.samsung.android.app.routines 
04-21 12:04:29.992 D/SEP_UNION_SemDeviceInfoManagerService( 4568): Same PendingIntent is in com.samsung.android.app.routines 
04-21 12:04:29.992 D/SEP_UNION_SemDeviceInfoManagerService( 4568): Same PendingIntent is in com.samsung.android.app.routines 
04-21 12:04:29.992 D/SEP_UNION_SemDeviceInfoManagerService( 4568): Same PendingIntent is in com.samsung.android.app.routines 
04-21 12:04:29.992 D/SEP_UNION_SemDeviceInfoManagerService( 4568): Same PendingIntent is in com.samsung.android.app.routines 
04-21 12:04:29.992 D/SEP_UNION_SemDeviceInfoManagerService( 4568): Same PendingIntent is in com.samsung.android.app.routines 
04-21 12:04:29.993 W/ActivityManager( 4568): Slow operation: 64ms so far, now at startProcess: done updating battery stats
04-21 12:04:29.993 W/ActivityManager( 4568): Slow operation: 64ms so far, now at startProcess: building log message
04-21 12:04:29.993 I/ActivityManager( 4568): Start proc 28280:com.android.keychain/1000 for service {com.android.keychain/com.android.keychain.KeyChainService}
04-21 12:04:29.993 W/ActivityManager( 4568): Slow operation: 64ms so far, now at startProcess: starting to update pids map
04-21 12:04:29.994 I/SEP_UNION_SemUnionManager(26876): getUnionService() : semeventdelegator 
04-21 12:04:29.994 W/ActivityManager( 4568): Slow operation: 65ms so far, now at startProcess: done updating pids map
