04-21 12:04:32.503 W/WindowManager( 4568): Execute app transition: mNextAppTransition=TRANSIT_TASK_OPEN, displayId: 0 Callers=com.android.server.wm.ActivityStack.executeAppTransition:4070 com.android.server.wm.ActivityStack.resumeTopActivityInnerLocked:2047 com.android.server.wm.ActivityStack.resumeTopActivityUncheckedLocked:1873 com.android.server.wm.ActivityRecord.makeActiveIfNeeded:5510 com.android.server.wm.RootWindowContainer.resumeFocusedStacksTopActivities:2727 
04-21 12:04:32.505 W/WindowManager( 4568): Execute app transition: mNextAppTransition=TRANSIT_TASK_OPEN, displayId: 0 Callers=com.android.server.wm.ActivityStack.executeAppTransition:4070 com.android.server.wm.ActivityStack.resumeTopActivityInnerLocked:2047 com.android.server.wm.ActivityStack.resumeTopActivityUncheckedLocked:1873 com.android.server.wm.RootWindowContainer.resumeFocusedStacksTopActivities:2754 com.android.server.wm.RootWindowContainer.resumeFocusedStacksTopActivities:2687 
04-21 12:04:32.512 I/Zygote  ( 4130): Process 28317 exited due to signal 9 (Killed)
04-21 12:04:32.515 I/libprocessgroup( 4568): Successfully killed process cgroup uid 10082 pid 28317 in 17ms
04-21 12:04:32.522 I/CameraService( 4270): UidPolicy: No processes running for a uid=10082 disabled=0
04-21 12:04:32.623 I/gle.android.gm(18048): Background concurrent copying GC freed 45649(2646KB) AllocSpace objects, 0(0B) LOS objects, 49% free, 21MB/43MB, paused 508us total 2.792s
04-21 12:04:33.059 I/Icing   (18048): Usage reports ok 0, Failed Usage reports 0, indexed 0, rejected 0
04-21 12:04:33.062 I/PackageUpdatedTask( 5360): modified, appInfo : AppInfo(id=213 type=APP hidden=0 container=all_apps screen=0 rank=11 user=UserHandle{0} title=Native Smoke App Dev componentName=ComponentInfo{com.example.nativesmokeapp.dev/com.example.native_smoke_app.MainActivity} screenType=0)
04-21 12:04:33.089 I/AppsModelWriter( 5360): updateItems(start) : needToNormalize = true
04-21 12:04:33.090 I/AppsModelWriter( 5360): updateItems(start) > needToBind = true
04-21 12:04:33.090 I/AppsModelWriter( 5360): updateItems(start)> 0, 213, 0, -102, 0, 11, UserHandle{0}, 0, Native Smoke App Dev, -1, -1
04-21 12:04:33.090 I/AppsModelWriter( 5360): normalizeVisibleItems : [matched = true] col = 4, raw : 5
04-21 12:04:33.116 I/AppsModelWriter( 5360): normalizeVisibleItems(visibleItems)> 0, 30, 2, -102, 0, 0, UserHandle{0}, 0, Samsung, -1, -1
04-21 12:04:33.116 I/AppsModelWriter( 5360): normalizeVisibleItems(visibleItems)> 0, 38, 2, -102, 0, 1, UserHandle{0}, 0, Google, -1, -1
04-21 12:04:33.116 I/AppsModelWriter( 5360): normalizeVisibleItems(visibleItems)> 0, 74, 2, -102, 0, 2, UserHandle{0}, 0, , -1, -1
04-21 12:04:33.116 I/AppsModelWriter( 5360): normalizeVisibleItems(visibleItems)> 0, 80, 2, -102, 0, 3, UserHandle{0}, 0, Social, -1, -1
04-21 12:04:33.116 I/AppsModelWriter( 5360): normalizeVisibleItems(visibleItems)> 0, 187, 0, -102, 0, 4, UserHandle{0}, 0, Grok, -1, -1
04-21 12:04:33.116 I/AppsModelWriter( 5360): normalizeVisibleItems(visibleItems)> 0, 86, 0, -102, 0, 5, UserHandle{0}, 0, App Tester, -1, -1
04-21 12:04:33.116 I/AppsModelWriter( 5360): normalizeVisibleItems(visibleItems)> 0, 190, 0, -102, 0, 6, UserHandle{0}, 0, vibe_promax, -1, -1
04-21 12:04:33.116 I/AppsModelWriter( 5360): normalizeVisibleItems(visibleItems)> 0, 194, 0, -102, 0, 7, UserHandle{0}, 0, Meup, -1, -1
04-21 12:04:33.116 I/AppsModelWriter( 5360): normalizeVisibleItems(visibleItems)> 0, 207, 0, -102, 0, 8, UserHandle{0}, 0, App Settings Reborn, -1, -1
04-21 12:04:33.116 I/AppsModelWriter( 5360): normalizeVisibleItems(visibleItems)> 0, 208, 0, -102, 0, 9, UserHandle{0}, 0, 郁梦虚拟机, -1, -1
04-21 12:04:33.116 I/AppsModelWriter( 5360): normalizeVisibleItems(visibleItems)> 0, 212, 0, -102, 0, 10, UserHandle{0}, 0, My App Dev, -1, -1
04-21 12:04:33.116 I/AppsModelWriter( 5360): normalizeVisibleItems(visibleItems)> 0, 213, 0, -102, 0, 11, UserHandle{0}, 0, Native Smoke App Dev, -1, -1
04-21 12:04:33.153 I/AppsModelWriter( 5360): updateItems(end) : updateItem> 0, 213, 0, -102, 0, 11, UserHandle{0}, 0, Native Smoke App Dev, -1, -1
04-21 12:04:33.153 I/PostPositionOperator( 5360): addAllItems() - Invalid state!
04-21 12:04:33.153 I/AppsModelWriter( 5360): bindAppsItems() - visibleAddItems : 0, visibleUpdateItems : 1, removeItems : 0
04-21 12:04:33.155 I/Launcher.AppsContainerView( 5360): bindAppsUpdates() => add: 0, update: 1, remove: 0
04-21 12:04:33.155 I/Launcher.AppsPagedView( 5360): UpdateItems => id: 213, rank: 11, screenId: 0, cellX: 3, cellY: 2, container: -102, dirty: false, title: Native Smoke App Dev, isFolder: false, user: UserHandle{0}, disabled: false, screenType: 0
04-21 12:04:33.211 I/bauth_FPBAuthService( 4326): pcf : 0x1012, 0 ,1 ,0 ,0 ,0 ,0, 5.1.0.0
04-21 12:04:33.211 I/bauth_FPBAuthService( 4326): thread id : 1, preenroll_flag : 0, nd cnt : 0, cso : 0, et : 0
04-21 12:04:33.211 I/bauth_FPBAuthService( 4326): FPBAuthService, 11607
04-21 12:04:33.234 I/Icing   (18048): Indexing com.google.android.gms-apps from com.google.android.gms
04-21 12:04:33.260 W/PackageUpdatedTask( 5360): refreshSearchLayout return, operation is not matched
04-21 12:04:33.287 I/zygote  ( 4130): Delayed USAP Pool refill. New USAPs: 1
04-21 12:04:33.309 D/Zygote  ( 4130): Forked child process 28448
04-21 12:04:33.359 V/NetworkPolicy( 4568): updateNotificationsNL() - totalBytes : 0, policy : NetworkPolicy{template=NetworkTemplate: matchRule=MOBILE, subscriberId=452090..., matchSubscriberIds=[452090...] cycleRule=RecurrenceRule{start=2025-01-01T00:00+07:00[Asia/Ho_Chi_Minh] end=null period=P1M} warningBytes=2000000000 limitBytes=-1 lastWarningSnooze=-1 lastLimitSnooze=-1 lastRapidSnooze=-1 metered=true inferred=true}, CallingUID: 1000
04-21 12:04:33.519 V/NetworkPolicy( 4568): updateNotificationsNL() - totalBytes : 0, policy : NetworkPolicy{template=NetworkTemplate: matchRule=MOBILE, subscriberId=452090..., matchSubscriberIds=[452090...] cycleRule=RecurrenceRule{start=2025-01-01T00:00+07:00[Asia/Ho_Chi_Minh] end=null period=P1M} warningBytes=2000000000 limitBytes=-1 lastWarningSnooze=-1 lastLimitSnooze=-1 lastRapidSnooze=-1 metered=true inferred=true}, CallingUID: 1000
04-21 12:04:33.708 E/Watchdog( 4568): !@Sync: 1822 heap: 62 / 84 [2026-04-21 12:04:33.707] sdogWay: softdog FD: 774
04-21 12:04:33.861 I/hbox:interacto( 6797): Background concurrent copying GC freed 45955(2098KB) AllocSpace objects, 0(0B) LOS objects, 57% free, 4530KB/10MB, paused 16.621ms total 4.037s
04-21 12:04:33.861 W/hbox:interacto( 6797): Reducing the number of considered missed Gc histogram windows from 922 to 100
04-21 12:04:34.037 I/Finsky  (32384): [7076] AIM: AppInfoManager-Perf > ItemModel > CacheSize=50, cacheHitCount=0, cacheMissCount=0, total appsWithNoServerDataCount=6. Missed  in cache (limit 10) : []
04-21 12:04:34.062 I/Finsky  (32384): [7075] AIM: AppInfoManager-Perf > getApps > data collection finished
04-21 12:04:34.062 I/Finsky  (32384): [7075] AIM: AppInfoManager-Perf > maybeDestroyAppInfoManager is called. actives = 1
04-21 12:04:34.091 D/NetworkController.SecMobileSignalController(1/1)( 4878): onSignalStrengthsChanged level=4
04-21 12:04:34.093 D/NetworkController.SecMobileSignalController(1/1)( 4878): Display signal bar by emergency only[true][true]
04-21 12:04:34.093 D/MobileSignalIconsSelector( 4878): getDataIconGroup(): 0
04-21 12:04:34.110 E/HYPER-HAL( 4160): [HandlerSysfs.cpp]doResourceHandling(): Couldn't Open Sysfs - /sys/kernel/mm/vmscan/am_app_launch
04-21 12:04:34.111 I/HYPER-HAL( 4160): [ResourceManager.cpp]removeResource(): [CPUMaxFreq] RemoveResource Request ID : 24995994
04-21 12:04:34.111 I/HYPER-HAL( 4160): [RequestManager.cpp]releaseLocked(): Released ID : 24995994
04-21 12:04:34.212 I/bauth_FPBAuthService( 4326): pcf : 0x1012, 0 ,1 ,0 ,0 ,0 ,0, 5.1.0.0
04-21 12:04:34.212 I/bauth_FPBAuthService( 4326): thread id : 1, preenroll_flag : 0, nd cnt : 0, cso : 0, et : 0
04-21 12:04:34.212 I/bauth_FPBAuthService( 4326): FPBAuthService, 11607
04-21 12:04:34.489 I/io_stats( 4041): !@   8,0 r 1133964 40660812 w 530590 17969300 d 96335 107132700 f 157902 239715 iot 762908 593967 th 51200 51200 40028 pt 152 inp 0 0 54721.825
04-21 12:04:34.649 I/Icing   (18048): Indexing done com.google.android.gms-apps
04-21 12:04:34.683 I/Finsky  (32384): [7075] AIM: AppInfoManager-Perf > ItemModel > CacheSize=50, cacheHitCount=0, cacheMissCount=0, total appsWithNoServerDataCount=6. Missed  in cache (limit 10) : []
04-21 12:04:34.787 I/Finsky  (32384): [7078] AIM: AppInfoManager-Perf > ItemModel > CacheSize=50, cacheHitCount=0, cacheMissCount=0, total appsWithNoServerDataCount=6. Missed  in cache (limit 10) : []
04-21 12:04:34.797 I/Finsky  (32384): [7076] AIM: AppInfoManager-Perf > getApps > data collection finished
04-21 12:04:34.797 I/Finsky  (32384): [7076] AIM: AppInfoManager-Perf > maybeDestroyAppInfoManager is called. actives = 0
04-21 12:04:35.128 V/WindowManager( 4568): *** APP TRANSITION TIMEOUT. displayId=0 isTransitionSet()=true mOpeningApps.size()=0 mClosingApps.size()=0 mChangingApps.size()=0
04-21 12:04:35.128 V/WindowManager( 4568): *** APP TRANSITION TIMEOUT. transit=TRANSIT_TASK_OPEN state=APP_STATE_READY
04-21 12:04:35.128 V/WindowManager( 4568): * Unknown apps: app=ActivityRecord{3dbbdae u0 com.example.nativesmokeapp.dev/com.example.native_smoke_app.MainActivity t1317} state=1
04-21 12:04:35.212 I/bauth_FPBAuthService( 4326): pcf : 0x1012, 0 ,1 ,0 ,0 ,0 ,0, 5.1.0.0
04-21 12:04:35.212 I/bauth_FPBAuthService( 4326): thread id : 1, preenroll_flag : 0, nd cnt : 0, cso : 0, et : 0
04-21 12:04:35.213 I/bauth_FPBAuthService( 4326): FPBAuthService, 11607
04-21 12:04:35.274 D/ConnectivityService( 4568): ConnectivityService NetworkRequestInfo binderDied(NetworkRequest [ LISTEN id=839, [ Capabilities: INTERNET&NOT_RESTRICTED&TRUSTED Uid: 10154 AdministratorUids: [] RequestorUid: 10154 RequestorPackageName: com.google.android.googlequicksearchbox] ], android.os.BinderProxy@d07aaa3)
04-21 12:04:35.276 D/ConnectivityService( 4568): ConnectivityService NetworkRequestInfo binderDied(NetworkRequest [ TRACK_DEFAULT id=838, [ Capabilities: INTERNET&NOT_RESTRICTED&TRUSTED Uid: 10154 AdministratorUids: [] RequestorUid: 10154 RequestorPackageName: com.google.android.googlequicksearchbox] ], android.os.BinderProxy@f5381a0)
04-21 12:04:35.276 D/ConnectivityService( 4568): releasing NetworkRequest [ TRACK_DEFAULT id=838, [ Capabilities: INTERNET&NOT_RESTRICTED&TRUSTED Uid: 10154 AdministratorUids: [] RequestorUid: 10154 RequestorPackageName: com.google.android.googlequicksearchbox] ] (release request)
04-21 12:04:35.278 I/Zygote  ( 4130): Process 24228 exited due to signal 9 (Killed)
04-21 12:04:35.286 D/NetdEventListenerService( 4568): DNS Requested by : 607, 1000
04-21 12:04:35.289 E/Netd    ( 4129): getNetworkForDns: getNetId from enterpriseCtrl is netid 0
04-21 12:04:35.722 W/SemWifiTransportLayerUtils( 4568): getApplicationCategory - IOException com.example.nativesmokeapp.dev
04-21 12:04:35.723 W/System.err( 4568): java.io.FileNotFoundException: https://play.google.com/store/apps/details?id=com.example.nativesmokeapp.dev&hl=en
04-21 12:04:35.723 W/System.err( 4568): 	at com.android.okhttp.internal.huc.HttpURLConnectionImpl.getInputStream(HttpURLConnectionImpl.java:255)
04-21 12:04:35.723 W/System.err( 4568): 	at com.android.okhttp.internal.huc.DelegatingHttpsURLConnection.getInputStream(DelegatingHttpsURLConnection.java:211)
04-21 12:04:35.723 W/System.err( 4568): 	at com.android.okhttp.internal.huc.HttpsURLConnectionImpl.getInputStream(HttpsURLConnectionImpl.java:30)
04-21 12:04:35.723 W/System.err( 4568): 	at com.samsung.android.server.wifi.tcp.SemWifiTransportLayerUtils.getApplicationCategory(SemWifiTransportLayerUtils.java:103)
04-21 12:04:35.723 W/System.err( 4568): 	at com.samsung.android.server.wifi.tcp.SemWifiTransportLayerMonitor$TcpMonitorHandler.handleMessage(SemWifiTransportLayerMonitor.java:242)
04-21 12:04:35.723 W/System.err( 4568): 	at android.os.Handler.dispatchMessage(Handler.java:106)
04-21 12:04:35.723 W/System.err( 4568): 	at android.os.Looper.loop(Looper.java:246)
04-21 12:04:35.723 W/System.err( 4568): 	at android.os.HandlerThread.run(HandlerThread.java:67)
04-21 12:04:35.727 D/SemWifiTransportLayerMonitor.TcpMonitorHandler( 4568): MSG_SAVE_PACKAGE_INFO
04-21 12:04:35.727 D/SemWifiTransportLayerFileManager( 4568): saveWifiPackageInfoToFile
04-21 12:04:35.728 D/SemWifiTransportLayerFileManager( 4568): writeWifiPackageInfoList
04-21 12:04:35.739 D/SemGameManager( 4568): getGMSBinder(), begin
04-21 12:04:35.741 D/SemGameManager( 4568): getGMSBinder(), successful: true
04-21 12:04:35.741 D/SemGameManager( 4568): isAvailable(), ret=true
04-21 12:04:35.741 D/SemGameManager( 4568): isGamePackage(), pkgName=com.example.nativesmokeapp.dev
04-21 12:04:35.742 D/SemGameManager( 4568): getGMSBinder(), begin
04-21 12:04:35.743 D/SemGameManager( 4568): getGMSBinder(), successful: true
04-21 12:04:35.743 D/GameManagerService( 4568): identifyGamePackage. com.example.nativesmokeapp.dev, mCurrentUserId: 0, callerUserId: 0
04-21 12:04:35.744 D/PkgDataHelper( 4568): getGamePkgData(). com.example.nativesmokeapp.dev
04-21 12:04:35.744 D/SemGameManager( 4568): isGamePackage(), ret=false
04-21 12:04:35.770 D/SemWifiPackageInfo( 4568): isSkipCategory - skip:NONE
04-21 12:04:35.771 D/SemWifiTransportLayerMonitor.TcpMonitorHandler( 4568): MSG_SAVE_PACKAGE_INFO
04-21 12:04:35.771 D/SemWifiTransportLayerFileManager( 4568): saveWifiPackageInfoToFile
04-21 12:04:35.771 D/SemWifiTransportLayerFileManager( 4568): writeWifiPackageInfoList
04-21 12:04:36.115 I/SurfaceFlinger( 4212): SFWD update time=54723451909666
04-21 12:04:36.213 I/bauth_FPBAuthService( 4326): pcf : 0x1012, 0 ,1 ,0 ,0 ,0 ,0, 5.1.0.0
04-21 12:04:36.213 I/bauth_FPBAuthService( 4326): thread id : 1, preenroll_flag : 0, nd cnt : 0, cso : 0, et : 0
04-21 12:04:36.213 I/bauth_FPBAuthService( 4326): FPBAuthService, 11607
04-21 12:04:36.266 D/UsbStatsMonitor( 4568): 0 0 0 0 0 0 0 0 0 0 0 0 1 0 0 0 0 0 0 0 0 0 0 0 0 0 0 0 0 0 0 0 0 0 0 0 0 0 0 0 0 0 0 0 0 0 0 0 0
04-21 12:04:36.492 I/io_stats( 4041): !@   8,0 r 1133968 40660864 w 530590 17969300 d 96335 107132700 f 157902 239715 iot 762912 593968 th 51200 51200 40028 pt 152 inp 0 0 54723.828
04-21 12:04:37.214 I/bauth_FPBAuthService( 4326): pcf : 0x1012, 0 ,1 ,0 ,0 ,0 ,0, 5.1.0.0
04-21 12:04:37.214 I/bauth_FPBAuthService( 4326): thread id : 1, preenroll_flag : 0, nd cnt : 0, cso : 0, et : 0
04-21 12:04:37.214 I/bauth_FPBAuthService( 4326): FPBAuthService, 11607
04-21 12:04:37.441 D/LoadedApk(23243): LoadedApk::makeApplication() appContext=android.app.ContextImpl@23ebfcd appContext.mOpPackageName=com.example.nativesmokeapp.dev appContext.mBasePackageName=com.example.nativesmokeapp.dev appContext.mPackageInfo=android.app.LoadedApk@8b65082
04-21 12:04:37.441 D/NetworkSecurityConfig(23243): No Network Security Config specified, using platform default
04-21 12:04:37.504 D/NetworkSecurityConfig(23243): No Network Security Config specified, using platform default
04-21 12:04:37.560 W/FirebaseApp(23243): Default FirebaseApp failed to initialize because no default options were found. This usually means that com.google.gms:google-services was not applied to your gradle project.
04-21 12:04:37.561 I/FirebaseInitProvider(23243): FirebaseApp initialization unsuccessful
04-21 12:04:37.702 D/WM-WrkMgrInitializer(23243): Initializing WorkManager with default configuration.
04-21 12:04:37.847 I/wpa_supplicant( 4834): Heartbeat 5480
04-21 12:04:37.915 D/SamsungAlarmManager( 4568): Cancel Alarm calling from uid:10094 pid :15042 / OP:PendingIntent{e5912a: PendingIntentRecord{11a156f com.google.android.gms/com.google.android.gms.container startService}}
04-21 12:04:37.916 I/SamsungAlarmManager( 4568): setLocked to kernel - T:2 / 20260421T122008, set=176779575, now=175849061
04-21 12:04:37.917 I/SamsungAlarmManager( 4568): setLocked to kernel - T:3 / 20260421T120439, set=175850975, now=175849061
04-21 12:04:38.092 D/PackageManager( 4568): setEnabledSetting : userId = 0 packageName = com.example.nativesmokeapp.dev cmp = androidx.work.impl.background.systemjob.SystemJobService newState = 1 callingPackage = 10401/com.example.nativesmokeapp.dev
04-21 12:04:38.109 I/TetheringManager(23243): registerTetheringEventCallback:com.example.nativesmokeapp.dev
04-21 12:04:38.111 D/ConnectivityManager(23243): ConnectivityManager() mContext=android.app.Application@29c28ad getOpPackageName()=com.example.nativesmokeapp.dev getBasePackageName()=com.example.nativesmokeapp.dev getPackageName()=com.example.nativesmokeapp.dev
04-21 12:04:38.130 D/ActivityThread(23243): handleBindApplication() -- skipGraphicsSupport=false
04-21 12:04:38.171 I/GenerationRegistry( 4568): mBackingStore.isClosed() : false
04-21 12:04:38.214 I/bauth_FPBAuthService( 4326): pcf : 0x1012, 0 ,1 ,0 ,0 ,0 ,0, 5.1.0.0
04-21 12:04:38.214 I/bauth_FPBAuthService( 4326): thread id : 1, preenroll_flag : 0, nd cnt : 0, cso : 0, et : 0
04-21 12:04:38.214 I/bauth_FPBAuthService( 4326): FPBAuthService, 11607
04-21 12:04:38.358 D/FlutterJNI(23243): Beginning load of flutter...
04-21 12:04:38.369 I/ResourceExtractor(23243): Found extracted resources res_timestamp-1-1776747430354
04-21 12:04:38.369 I/ResourceExtractor(23243): Resource version mismatch res_timestamp-1-1776747869420
04-21 12:04:38.387 D/FlutterJNI(23243): flutter (null) was loaded normally!
04-21 12:04:38.494 I/io_stats( 4041): !@   8,0 r 1133970 40660892 w 530670 17969900 d 96335 107132700 f 157902 239715 iot 762916 593972 th 51200 51200 40028 pt 152 inp 0 0 54725.831
04-21 12:04:38.599 I/wpa_supplicant( 4834): RRM: Ignoring radio measurement request: Not RRM network
04-21 12:04:39.215 I/bauth_FPBAuthService( 4326): pcf : 0x1012, 0 ,1 ,0 ,0 ,0 ,0, 5.1.0.0
04-21 12:04:39.215 I/bauth_FPBAuthService( 4326): thread id : 1, preenroll_flag : 0, nd cnt : 0, cso : 0, et : 0
04-21 12:04:39.215 I/bauth_FPBAuthService( 4326): FPBAuthService, 11607
04-21 12:04:39.830 D/SamsungAlarmManager( 4568): Expired : 8
04-21 12:04:39.831 I/SamsungAlarmManager( 4568): setLocked to kernel - T:2 / 20260421T122008, set=176779575, now=175850975
04-21 12:04:39.831 I/SamsungAlarmManager( 4568): setLocked to kernel - T:3 / 20260421T120547, set=175918595, now=175850976
04-21 12:04:40.081 D/SamsungAlarmManager( 4568): Cancel Alarm calling from uid:10094 pid :18048 / OP:PendingIntent{ba395f6: PendingIntentRecord{648932e com.google.android.gms/com.google.android.gms.container startService}}
04-21 12:04:40.083 I/SamsungAlarmManager( 4568): setLocked to kernel - T:2 / 20260421T122008, set=176779575, now=175851227
04-21 12:04:40.083 I/SamsungAlarmManager( 4568): setLocked to kernel - T:3 / 20260421T120547, set=175918594, now=175851228
04-21 12:04:40.108 D/BoundBrokerSvc(15042): onRebind: Intent { act=com.google.android.gms.libs.gmscorelogger.service.START dat=chimera-action: cmp=com.google.android.gms/.chimera.PersistentDirectBootAwareApiService }
04-21 12:04:40.215 I/bauth_FPBAuthService( 4326): pcf : 0x1012, 0 ,1 ,0 ,0 ,0 ,0, 5.1.0.0
04-21 12:04:40.215 I/bauth_FPBAuthService( 4326): thread id : 1, preenroll_flag : 0, nd cnt : 0, cso : 0, et : 0
04-21 12:04:40.215 I/bauth_FPBAuthService( 4326): FPBAuthService, 11607
04-21 12:04:40.438 I/ActivityManager( 4568): Killing 25688:com.google.android.apps.restore/u0a89 (adj 999): empty #31
04-21 12:04:40.497 I/io_stats( 4041): !@   8,0 r 1133999 40661636 w 530835 18019536 d 96356 107234992 f 157904 239719 iot 763208 594211 th 51200 51200 40028 pt 152 inp 0 1 54727.833
04-21 12:04:40.502 I/Zygote  ( 4130): Process 25688 exited due to signal 9 (Killed)
04-21 12:04:40.506 I/libprocessgroup( 4568): Successfully killed process cgroup uid 10089 pid 25688 in 66ms
04-21 12:04:40.513 I/CameraService( 4270): UidPolicy: No processes running for a uid=10089 disabled=0
04-21 12:04:41.041 I/ResourceExtractor(23243): Extracted baseline resource assets/flutter_assets/kernel_blob.bin
04-21 12:04:41.045 I/ResourceExtractor(23243): Extracted baseline resource assets/flutter_assets/vm_snapshot_data
04-21 12:04:41.085 E/audit   ( 4106): type=1400 audit(1776747881.079:71632): avc:  denied  { write } for  pid=22393 comm="ThreadPoolForeg" name="traced_producer" dev="tmpfs" ino=19368 scontext=u:r:gmscore_app:s0:c512,c768 tcontext=u:object_r:traced_producer_socket:s0 tclass=sock_file permissive=0 SEPF_SM-A505F_11_0010 audit_filtered
04-21 12:04:41.085 E/audit   ( 4106): type=1300 audit(1776747881.079:71632): arch=c00000b7 syscall=203 success=no exit=-13 a0=51 a1=75387d3d20 a2=1e a3=75d46abaa4 items=0 ppid=4130 pid=22393 auid=4294967295 uid=10094 gid=10094 euid=10094 suid=10094 fsuid=10094 egid=10094 sgid=10094 fsgid=10094 tty=(none) ses=4294967295 comm="ThreadPoolForeg" exe="/system/bin/app_process64" subj=u:r:gmscore_app:s0:c512,c768 key=(null)
04-21 12:04:41.085 E/audit   ( 4106): type=1327 audit(1776747881.079:71632): proctitle="com.google.android.gms.unstable"
04-21 12:04:41.117 I/SurfaceFlinger( 4212): SFWD update time=54728454317085
04-21 12:04:41.216 I/bauth_FPBAuthService( 4326): pcf : 0x1012, 0 ,1 ,0 ,0 ,0 ,0, 5.1.0.0
04-21 12:04:41.216 I/bauth_FPBAuthService( 4326): thread id : 1, preenroll_flag : 0, nd cnt : 0, cso : 0, et : 0
04-21 12:04:41.216 I/bauth_FPBAuthService( 4326): FPBAuthService, 11607
04-21 12:04:41.326 I/ResourceExtractor(23243): Extracted baseline resource assets/flutter_assets/isolate_snapshot_data
04-21 12:04:41.529 W/ivesmokeapp.de(23243): Accessing hidden method Landroid/view/SurfaceControl$Builder;->setHidden(Z)Landroid/view/SurfaceControl$Builder; (blacklist, linking, denied)
04-21 12:04:41.544 E/audit   ( 4106): type=1400 audit(1776747881.539:71633): avc:  denied  { read } for  pid=23243 comm="ivesmokeapp.dev" name="max_map_count" dev="proc" ino=4205619 scontext=u:r:untrusted_app:s0:c145,c257,c512,c768 tcontext=u:object_r:proc_max_map_count:s0 tclass=file permissive=0 SEPF_SM-A505F_11_0010 audit_filtered
04-21 12:04:41.594 I/flutter (23243): [IMPORTANT:flutter/shell/platform/android/android_context_gl_impeller.cc(104)] Using the Impeller rendering backend (OpenGLES).
04-21 12:04:41.844 I/SDHMS:F ( 7061): -99 > surface_temperature_0
04-21 12:04:41.846 I/SDHMS:F ( 7061): writeSysfs:: path() : /sys/class/audio/amp/surface_temperature_0 exist() : false canWrite() : false
04-21 12:04:41.846 I/SDHMS:F ( 7061): -99 > surface_temperature_1
04-21 12:04:41.847 I/SDHMS:F ( 7061): writeSysfs:: path() : /sys/class/audio/amp/surface_temperature_1 exist() : false canWrite() : false
04-21 12:04:41.848 I/SDHMS:F ( 7061): SIOP:: AP:235(340,90) BAT:295(295,0) USB:0(0,0) CHG:320(320,0) WIFI:329(329,0) 
04-21 12:04:41.918 W/ActivityTaskManager( 4568): Activity stop timeout for ActivityRecord{3dbbdae u0 com.example.nativesmokeapp.dev/com.example.native_smoke_app.MainActivity t1317}
04-21 12:04:42.216 I/bauth_FPBAuthService( 4326): pcf : 0x1012, 0 ,1 ,0 ,0 ,0 ,0, 5.1.0.0
04-21 12:04:42.216 I/bauth_FPBAuthService( 4326): thread id : 1, preenroll_flag : 0, nd cnt : 0, cso : 0, et : 0
04-21 12:04:42.216 I/bauth_FPBAuthService( 4326): FPBAuthService, 11607
04-21 12:04:42.500 I/io_stats( 4041): !@   8,0 r 1133999 40661636 w 530917 18061024 d 96356 107234992 f 157904 239719 iot 763412 594451 th 51200 51200 40028 pt 152 inp 0 0 54729.836
04-21 12:04:43.126 I/flutter (23243): The Dart VM service is listening on http://127.0.0.1:40419/c5CLTLnreLI=/
04-21 12:04:43.216 I/bauth_FPBAuthService( 4326): pcf : 0x1012, 0 ,1 ,0 ,0 ,0 ,0, 5.1.0.0
04-21 12:04:43.217 I/bauth_FPBAuthService( 4326): thread id : 1, preenroll_flag : 0, nd cnt : 0, cso : 0, et : 0
04-21 12:04:43.217 I/bauth_FPBAuthService( 4326): FPBAuthService, 11607
04-21 12:04:43.248 E/audit   ( 4106): type=1400 audit(1776747883.243:71634): avc:  denied  { write } for  pid=18048 comm="ThreadPoolForeg" name="traced_producer" dev="tmpfs" ino=19368 scontext=u:r:gmscore_app:s0:c512,c768 tcontext=u:object_r:traced_producer_socket:s0 tclass=sock_file permissive=0 SEPF_SM-A505F_11_0010 audit_filtered
04-21 12:04:43.248 E/audit   ( 4106): type=1300 audit(1776747883.243:71634): arch=c00000b7 syscall=203 success=no exit=-13 a0=d1 a1=753aa8e2a0 a2=1e a3=75d46abaa4 items=0 ppid=4130 pid=18048 auid=4294967295 uid=10094 gid=10094 euid=10094 suid=10094 fsuid=10094 egid=10094 sgid=10094 fsgid=10094 tty=(none) ses=4294967295 comm="ThreadPoolForeg" exe="/system/bin/app_process64" subj=u:r:gmscore_app:s0:c512,c768 key=(null)
04-21 12:04:43.248 E/audit   ( 4106): type=1327 audit(1776747883.243:71634): proctitle="com.google.android.gms"
04-21 12:04:43.249 E/Netd    ( 4129): getNetworkForDns: getNetId from enterpriseCtrl is netid 0
04-21 12:04:43.760 V/NetworkPolicy( 4568): updateNotificationsNL() - totalBytes : 0, policy : NetworkPolicy{template=NetworkTemplate: matchRule=MOBILE, subscriberId=452090..., matchSubscriberIds=[452090...] cycleRule=RecurrenceRule{start=2025-01-01T00:00+07:00[Asia/Ho_Chi_Minh] end=null period=P1M} warningBytes=2000000000 limitBytes=-1 lastWarningSnooze=-1 lastLimitSnooze=-1 lastRapidSnooze=-1 metered=true inferred=true}, CallingUID: 1000
04-21 12:04:43.785 E/audit   ( 4106): type=1400 audit(1776747883.779:71635): avc:  denied  { write } for  pid=15042 comm="ThreadPoolForeg" name="traced_producer" dev="tmpfs" ino=19368 scontext=u:r:gmscore_app:s0:c512,c768 tcontext=u:object_r:traced_producer_socket:s0 tclass=sock_file permissive=0 SEPF_SM-A505F_11_0010 audit_filtered
04-21 12:04:43.893 V/NetworkPolicy( 4568): updateNotificationsNL() - totalBytes : 0, policy : NetworkPolicy{template=NetworkTemplate: matchRule=MOBILE, subscriberId=452090..., matchSubscriberIds=[452090...] cycleRule=RecurrenceRule{start=2025-01-01T00:00+07:00[Asia/Ho_Chi_Minh] end=null period=P1M} warningBytes=2000000000 limitBytes=-1 lastWarningSnooze=-1 lastLimitSnooze=-1 lastRapidSnooze=-1 metered=true inferred=true}, CallingUID: 1000
04-21 12:04:44.082 D/com.llfbandit.app_links(23243): Intent { act=android.intent.action.MAIN cat=[android.intent.category.LAUNCHER] flg=0x30000000 cmp=com.example.nativesmokeapp.dev/com.example.native_smoke_app.MainActivity (has extras) }
04-21 12:04:44.142 D/Android: [32m[Awesome Notifications][0m(23243): LiceCycleManager listener successfully attached to Android (LifeCycleManager:69)
04-21 12:04:44.217 I/bauth_FPBAuthService( 4326): pcf : 0x1012, 0 ,1 ,0 ,0 ,0 ,0, 5.1.0.0
04-21 12:04:44.217 I/bauth_FPBAuthService( 4326): thread id : 1, preenroll_flag : 0, nd cnt : 0, cso : 0, et : 0
04-21 12:04:44.217 I/bauth_FPBAuthService( 4326): FPBAuthService, 11607
04-21 12:04:44.219 W/adbd    ( 6042): timeout expired while flushing socket, closing
04-21 12:04:44.231 W/MediaSessionCompat(23243): Couldn't find a unique registered media button receiver in the given context.
04-21 12:04:44.243 D/MediaSessionStack( 4568): updateMediaButtonSessionIfNeeded, callers=com.android.server.media.MediaSessionStack.addSession:95 com.android.server.media.MediaSessionService.createSessionInternal:642 
04-21 12:04:44.243 D/MediaSessionStack( 4568): updateMediaButtonSessionIfNeeded, skipping uid=10060
04-21 12:04:44.243 D/MediaSessionStack( 4568): updateMediaButtonSessionIfNeeded, skipping uid=10396
04-21 12:04:44.243 D/MediaSessionStack( 4568): updateMediaButtonSessionIfNeeded, skipping uid=10220
04-21 12:04:44.244 D/MediaSessionService( 4568): Created session for com.example.nativesmokeapp.dev with tag PUSH_MEDIA
04-21 12:04:44.251 D/FaceWidgetMediaSessionManager( 4878): onActiveSessionsChanged
04-21 12:04:44.252 D/FaceWidgetMediaSessionManager( 4878): updateSessions()
04-21 12:04:44.252 D/FaceWidgetMediaSessionManager( 4878): Active Controllers are empty.
04-21 12:04:44.284 D/Android: [32m[Awesome Notifications][0m(23243): Awesome Notifications plugin attached to Android 30 (AwesomeNotificationsPlugin:139)
04-21 12:04:44.285 D/Android: [32m[Awesome Notifications][0m(23243): Awesome Notifications attached to engine for Android 30 (AwesomeNotificationsPlugin:121)
04-21 12:04:44.685 W/ivesmokeapp.de(23243): ClassLoaderContext classpath size mismatch. expected=14, found=0 (DLC[];PCL[base.apk*1167393487:base.apk!classes2.dex*3671607458:base.apk!classes3.dex*2970742620:base.apk!classes4.dex*2482767470:base.apk!classes5.dex*2858054309:base.apk!classes6.dex*713939419:base.apk!classes7.dex*3358676470:base.apk!classes8.dex*2459112413:base.apk!classes9.dex*4138008844:base.apk!classes10.dex*326596785:base.apk!classes11.dex*3355139234:base.apk!classes12.dex*1707747899:base.apk!classes13.dex*2176780467:base.apk!classes14.dex*1394591088]{PCL[/system/framework/org.apache.http.legacy.jar*876722329]#PCL[/system/framework/com.android.location.provider.jar*1664931834]#PCL[/system/framework/com.android.media.remotedisplay.jar*1573936315]} | DLC[];PCL[])
04-21 12:04:44.702 I/ivesmokeapp.de(23243): Waiting for a blocking GC ClassLinker
04-21 12:04:44.797 I/ivesmokeapp.de(23243): Waiting for a blocking GC ClassLinker
04-21 12:04:44.806 I/ivesmokeapp.de(23243): WaitForGcToComplete blocked ClassLinker on ClassLinker for 103.882ms
04-21 12:04:44.806 I/ivesmokeapp.de(23243): Waiting for a blocking GC ClassLinker
04-21 12:04:44.806 I/ivesmokeapp.de(23243): WaitForGcToComplete blocked ClassLinker on ClassLinker for 9.394ms
04-21 12:04:44.811 I/DynamiteModule(23243): Considering local module com.google.android.gms.measurement.dynamite:185 and remote module com.google.android.gms.measurement.dynamite:187
04-21 12:04:44.811 I/DynamiteModule(23243): Selected remote version of com.google.android.gms.measurement.dynamite, version >= 187
04-21 12:04:44.813 V/DynamiteModule(23243): Dynamite loader version >= 2, using loadModule2NoCrashUtils
04-21 12:04:44.880 I/id.gms.unstabl(22393): Explicit concurrent copying GC freed 914(140KB) AllocSpace objects, 0(0B) LOS objects, 31% free, 4384KB/6432KB, paused 16.507ms total 509.934ms
04-21 12:04:44.897 W/System  (23243): ClassLoader referenced unknown path: 
04-21 12:04:44.998 W/ivesmokeapp.de(23243): ClassLoaderContext classpath size mismatch. expected=14, found=19 (DLC[];PCL[base.apk*1167393487:base.apk!classes2.dex*3671607458:base.apk!classes3.dex*2970742620:base.apk!classes4.dex*2482767470:base.apk!classes5.dex*2858054309:base.apk!classes6.dex*713939419:base.apk!classes7.dex*3358676470:base.apk!classes8.dex*2459112413:base.apk!classes9.dex*4138008844:base.apk!classes10.dex*326596785:base.apk!classes11.dex*3355139234:base.apk!classes12.dex*1707747899:base.apk!classes13.dex*2176780467:base.apk!classes14.dex*1394591088]{PCL[/system/framework/org.apache.http.legacy.jar*876722329]#PCL[/system/framework/com.android.location.provider.jar*1664931834]#PCL[/system/framework/com.android.media.remotedisplay.jar*1573936315]} | DLC[];PCL[/data/app/~~L4tn2nFstvlNDzKGyEkvvw==/com.example.nativesmokeapp.dev-QMpsUGch2Ik2jZjqcAHDLw==/base.apk*1476008118:/data/app/~~L4tn2nFstvlNDzKGyEkvvw==/com.example.nativesmokeapp.dev-QMpsUGch2Ik2jZjqcAHDLw==/base.apk!classes2.dex*3921457508:/data/app/~~L4tn2nFstvlNDzKGyEkvvw==/com.example.nativesmokeapp.dev-QMpsUGch2Ik2jZjqcAHDLw==/base.apk!classes3.dex*3947643568:/data/app/~~L4tn2nFstvlNDzKGyEkvvw==/com.example.nativesmokeapp.dev-QMpsUGch2Ik2jZjqcAHDLw==/base.apk!classes4.dex*2438711002:/data/app/~~L4tn2nFstvlNDzKGyEkvvw==/com.example.nativesmokeapp.dev-QMpsUGch2Ik2jZjqcAHDLw==/base.apk!classes5.dex*3331979503:/data/app/~~L4tn2nFstvlNDzKGyEkvvw==/com.example.nativesmokeapp.dev-QMpsUGch2Ik2jZjqcAHDLw==/base.apk!classes6.dex*1469819624:/data/app/~~L4tn2nFstvlNDzKGyEkvvw==/com.example.nativesmokeapp.dev-QMpsUGch2Ik2jZjqcAHDLw==/base.apk!classes7.dex*1497011700:/data/app/~~L4tn2nFstvlNDzKGyEkvvw==/com.example.nativesmokeapp.dev-QMpsUGch2Ik2jZjqcAHDLw==/base.apk!classes8.dex*3397842500:/data/app/~~L4tn2nFstvlNDzKGyEkvvw==/com.example.nativesmokeapp.dev-QMpsUGch2Ik2jZjqcAHDLw==/base.apk!classes9.dex*3258123049:/data/app/~~L4tn2nFstvlNDzKGyEkvvw==/com.example.nativesmokeapp.dev-QMpsUGch2Ik2jZjqcAHDLw==/base.apk!classes10.dex*1927640572:/data/app/~~L4tn2nFstvlNDzKGyEkvvw==/com.example.nativesmokeapp.dev-QMpsUGch2Ik2jZjqcAHDLw==/base.apk!classes11.dex*1475134899:/data/app/~~L4tn2nFstvlNDzKGyEkvvw==/com.example.nativesmokeapp.dev-QMpsUGch2Ik2jZjqcAHDLw==/base.apk!classes12.dex*4090089918:/data/app/~~L4tn2nFstvlNDzKGyEkvvw==/com.example.nativesmokeapp.dev-QMpsUGch2Ik2jZjqcAHDLw==/base.apk!classes13.dex*2065656663:/data/app/~~L4tn2nFstvlNDzKGyEkvvw==/com.example.nativesmokeapp.dev-QMpsUGch2Ik2jZjqcAHDLw==/base.apk!classes14.dex*2169321274:/data/app/~~L4tn2nFstvlNDzKGyEkvvw==/com.example.nativesmokeapp.dev-QMpsUGch2Ik2jZjqcAHDLw==/base.apk!classes15.dex*2868833106:/data/app/~~L4tn2nFstvlNDzKGyEkvvw==/com.example.nativesmokeapp.dev-QMpsUGch2Ik2jZjqcAHDLw==/base.apk!classes16.dex*2739775052:/data/app/~~L4tn2nFstvlNDzKGyEkvvw==/com.example.nativesmokeapp.dev-QMpsUGch2Ik2jZjqcAHDLw==/base.apk!classes17.dex*710189220:/data/app/~~L4tn2nFstvlNDzKGyEkvvw==/com.example.nativesmokeapp.dev-QMpsUGch2Ik2jZjqcAHDLw==/base.apk!classes18.dex*584666800:/data/app/~~L4tn2nFstvlNDzKGyEkvvw==/com.example.nativesmokeapp.dev-QMpsUGch2Ik2jZjqcAHDLw==/base.apk!classes19.dex*60264479])
04-21 12:04:45.000 W/ivesmokeapp.de(23243): Found duplicate classes, falling back to extracting from APK : /data/app/~~xu5d1kKiWWsb1wBVV_MacA==/com.google.android.gms-BnRiDfrqG5CnXcbkCdV7Uw==/split_MeasurementDynamite_installtime.apk
04-21 12:04:45.000 W/ivesmokeapp.de(23243): NOTE: This wastes RAM and hurts startup performance.
04-21 12:04:45.000 W/ivesmokeapp.de(23243): Found duplicated class when checking oat files: 'Landroid/support/v4/graphics/drawable/IconCompatParcelizer;' in /data/app/~~L4tn2nFstvlNDzKGyEkvvw==/com.example.nativesmokeapp.dev-QMpsUGch2Ik2jZjqcAHDLw==/base.apk and /data/app/~~xu5d1kKiWWsb1wBVV_MacA==/com.google.android.gms-BnRiDfrqG5CnXcbkCdV7Uw==/split_MeasurementDynamite_installtime.apk!classes2.dex
04-21 12:04:45.218 I/bauth_FPBAuthService( 4326): pcf : 0x1012, 0 ,1 ,0 ,0 ,0 ,0, 5.1.0.0
04-21 12:04:45.218 I/bauth_FPBAuthService( 4326): thread id : 1, preenroll_flag : 0, nd cnt : 0, cso : 0, et : 0
04-21 12:04:45.218 I/bauth_FPBAuthService( 4326): FPBAuthService, 11607
04-21 12:04:45.246 I/ivesmokeapp.de(23243): Waiting for a blocking GC ClassLinker
04-21 12:04:45.381 I/ivesmokeapp.de(23243): WaitForGcToComplete blocked ClassLinker on ClassLinker for 134.263ms
04-21 12:04:45.383 W/ivesmokeapp.de(23243): Verification of void com.google.android.gms.measurement.internal.AppMeasurementDynamiteService.<init>() took 136.942ms (102.23 bytecodes/s) (1688B approximate peak alloc)
04-21 12:04:45.403 E/Netd    ( 4129): getNetworkForDns: getNetId from enterpriseCtrl is netid 0
04-21 12:04:45.567 W/ivesmokeapp.de(23243): Verification of io.flutter.embedding.android.FlutterImageView io.flutter.embedding.android.FlutterView.getCurrentImageSurface() took 100.428ms (29.87 bytecodes/s) (1408B approximate peak alloc)
04-21 12:04:45.895 W/ivesmokeapp.de(23243): Accessing hidden method Landroid/view/accessibility/AccessibilityNodeInfo;->getSourceNodeId()J (greylist,test-api, reflection, allowed)
04-21 12:04:45.896 W/ivesmokeapp.de(23243): Accessing hidden method Landroid/view/accessibility/AccessibilityRecord;->getSourceNodeId()J (greylist, reflection, allowed)
04-21 12:04:45.896 W/ivesmokeapp.de(23243): Accessing hidden field Landroid/view/accessibility/AccessibilityNodeInfo;->mChildNodeIds:Landroid/util/LongArray; (greylist, reflection, allowed)
04-21 12:04:45.897 W/ivesmokeapp.de(23243): Accessing hidden method Landroid/util/LongArray;->get(I)J (greylist, reflection, allowed)
04-21 12:04:45.917 I/GenerationRegistry( 4568): mBackingStore.isClosed() : false
04-21 12:04:45.987 D/FlutterRenderer(23243): Width is zero. 0,0
04-21 12:04:46.011 I/DecorView(23243): [INFO] isPopOver=false, config=true
04-21 12:04:46.011 I/DecorView(23243): updateCaptionType >> DecorView@d96a05f[], isFloating=false, isApplication=true, hasWindowDecorCaption=false, hasWindowControllerCallback=true
04-21 12:04:46.012 D/DecorView(23243): setCaptionType = 0, this = DecorView@d96a05f[]
04-21 12:04:46.101 D/Android: [32m[Awesome Notifications][0m(23243): App is now Foreground (LifeCycleManager:94)
04-21 12:04:46.116 I/SurfaceFlinger( 4212): SFWD update time=54733452809390
04-21 12:04:46.127 I/PhenotypeResourceReader(15042): unable to find any Phenotype resource metadata for com.example.nativesmokeapp.dev
04-21 12:04:46.132 D/InputTransport( 4568): Input channel constructed: 'd854756', fd=691
04-21 12:04:46.132 D/InputTransport( 4568): Input channel constructed: 'd854756', fd=692
04-21 12:04:46.135 I/SurfaceFlinger( 4212): id=2418 createSurf (0x0),-1 flag=80004, d854756 com.example.nativesmokeapp.dev/com.example.native_smoke_app.MainActivity#0
04-21 12:04:46.135 D/WindowManager( 4568): isScreenshotDisabledLocked - win: Window{d854756 u0 com.example.nativesmokeapp.dev/com.example.native_smoke_app.MainActivity}
04-21 12:04:46.136 D/WindowManager( 4568): isScreenshotDisabledLocked: userId = 0, disabled =false
04-21 12:04:46.136 D/InputTransport( 4568): Input channel destroyed: 'd854756', fd=692
04-21 12:04:46.138 D/InputTransport(23243): Input channel constructed: 'd854756', fd=107
04-21 12:04:46.147 I/ViewRootImpl@f86c464[MainActivity](23243): setView = com.android.internal.policy.DecorView@d96a05f TM=true
04-21 12:04:46.218 I/bauth_FPBAuthService( 4326): pcf : 0x1012, 0 ,1 ,0 ,0 ,0 ,0, 5.1.0.0
04-21 12:04:46.218 I/bauth_FPBAuthService( 4326): thread id : 1, preenroll_flag : 0, nd cnt : 0, cso : 0, et : 0
04-21 12:04:46.218 I/bauth_FPBAuthService( 4326): FPBAuthService, 11607
04-21 12:04:46.307 D/FastTrack( 4568): setFastTrackState: pid = 23243 ;tid= 23243 ;value= 0
04-21 12:04:46.308 D/FastTrack( 4568): setFastTrackState: pid = 23243 ;tid= 28456 ;value= 0
04-21 12:04:46.310 D/SehCodecSolutionService( 4568): Update top [com.example.nativesmokeapp.dev]
04-21 12:04:46.443 D/MdnieScenarioControlService( 4568):  packageName : com.example.nativesmokeapp.dev    className : com.example.native_smoke_app.MainActivity
04-21 12:04:46.444 V/MdnieScenarioControlService( 4568): setUIMode from UI function(3)
04-21 12:04:46.505 I/io_stats( 4041): !@   8,0 r 1134000 40661640 w 530934 18069392 d 96357 107235240 f 157905 239721 iot 763460 594455 th 51200 51200 40028 pt 152 inp 0 9 54733.841
04-21 12:04:46.520 W/ivesmokeapp.de(23243): Verification of void m7.qv.<clinit>() took 391.458ms (4324.86 bytecodes/s) (48360B approximate peak alloc)
04-21 12:04:46.545 V/MdnieScenarioControlService( 4568): mAclOffEnabled : false mAclPreviewState : false mAclCompensationState : false
04-21 12:04:46.878 W/ivesmokeapp.de(23243): Accessing hidden method Ldalvik/system/VMStack;->getStackClass2()Ljava/lang/Class; (greylist, linking, allowed)
04-21 12:04:47.163 E/ivesmokeapp.de(23243): No package ID 6b found for ID 0x6b0b0013.
04-21 12:04:47.180 I/FA      (23243): App measurement initialized, version: 163000
04-21 12:04:47.181 I/FA      (23243): To enable debug logging run: adb shell setprop log.tag.FA VERBOSE
04-21 12:04:47.182 I/FA      (23243): To enable faster debug mode event logging run:
04-21 12:04:47.182 I/FA      (23243):   adb shell setprop debug.firebase.analytics.app com.example.nativesmokeapp.dev
04-21 12:04:47.211 E/FA      (23243): Missing google_app_id. Firebase Analytics disabled. See https://goo.gl/NAOOOI
04-21 12:04:47.213 E/FA      (23243): Uploading is not possible. App measurement disabled
04-21 12:04:47.218 I/bauth_FPBAuthService( 4326): pcf : 0x1012, 0 ,1 ,0 ,0 ,0 ,0, 5.1.0.0
04-21 12:04:47.219 I/bauth_FPBAuthService( 4326): thread id : 1, preenroll_flag : 0, nd cnt : 0, cso : 0, et : 0
04-21 12:04:47.219 I/bauth_FPBAuthService( 4326): FPBAuthService, 11607
04-21 12:04:47.229 I/FA      (23243): Tag Manager is not found and thus will not be used
04-21 12:04:47.248 D/BoundBrokerSvc(18048): onBind: Intent { act=com.google.android.gms.measurement.START pkg=com.google.android.gms }
04-21 12:04:47.249 D/BoundBrokerSvc(18048): Loading bound service for intent: Intent { act=com.google.android.gms.measurement.START pkg=com.google.android.gms }
04-21 12:04:47.510 D/BoundBrokerSvc(18048): onUnbind: Intent { act=com.google.android.gms.feedback.internal.IFeedbackService dat=chimera-action: cmp=com.google.android.gms/.chimera.GmsBoundBrokerService }
04-21 12:04:47.665 V/NetworkPolicy( 4568): updateNotificationsNL() - totalBytes : 0, policy : NetworkPolicy{template=NetworkTemplate: matchRule=MOBILE, subscriberId=452090..., matchSubscriberIds=[452090...] cycleRule=RecurrenceRule{start=2025-01-01T00:00+07:00[Asia/Ho_Chi_Minh] end=null period=P1M} warningBytes=2000000000 limitBytes=-1 lastWarningSnooze=-1 lastLimitSnooze=-1 lastRapidSnooze=-1 metered=true inferred=true}, CallingUID: 1000
04-21 12:04:47.857 I/wpa_supplicant( 4834): Heartbeat 5481
04-21 12:04:48.072 I/flutter (23243): [observability] {"ts":"2026-04-21T05:04:47.787082Z","kind":"log","name":"app.bootstrap","state_or_level":"info","source":"generated_app","run_id":"run-hhsypm3qo0","session_id":"session-hhsypm3wht","trace_id":"trace-hhsypm3wjx","span_id":"span-hhsypm3wl4","started_at":"2026-04-21T05:04:47.759272Z","attrs":{"flavor":"dev","app_name":"Native Smoke App Dev"}}
04-21 12:04:48.219 I/bauth_FPBAuthService( 4326): pcf : 0x1012, 0 ,1 ,0 ,0 ,0 ,0, 5.1.0.0
04-21 12:04:48.219 I/bauth_FPBAuthService( 4326): thread id : 1, preenroll_flag : 0, nd cnt : 0, cso : 0, et : 0
04-21 12:04:48.219 I/bauth_FPBAuthService( 4326): FPBAuthService, 11607
04-21 12:04:48.508 I/io_stats( 4041): !@   8,0 r 1134000 40661640 w 530945 18073340 d 96357 107235240 f 157906 239723 iot 763492 594532 th 51200 51200 40028 pt 152 inp 0 0 54735.844
04-21 12:04:48.614 I/flutter (23243): [observability] {"ts":"2026-04-21T05:04:48.605111Z","kind":"log","name":"app.bootstrap","state_or_level":"warning","source":"generated_app","run_id":"run-hhsypm3qo0","session_id":"session-hhsypm3wht","trace_id":"trace-hhsypm3wjx","span_id":"span-hhsypm3wl4","started_at":"2026-04-21T05:04:47.759272Z","attrs":{"error_type":"StateError"}}
04-21 12:04:48.621 I/flutter (23243): Firebase is not configured for this flavor. Run `agentic_base firebase setup` when credentials are available.
04-21 12:04:48.988 E/FA      (23243): Missing google_app_id. Firebase Analytics disabled. See https://goo.gl/NAOOOI
04-21 12:04:48.994 I/ViewRootImpl@f86c464[MainActivity](23243): stopped(true) old=false
04-21 12:04:49.058 V/NetworkPolicy( 4568): updateNotificationsNL() - totalBytes : 0, policy : NetworkPolicy{template=NetworkTemplate: matchRule=MOBILE, subscriberId=452090..., matchSubscriberIds=[452090...] cycleRule=RecurrenceRule{start=2025-01-01T00:00+07:00[Asia/Ho_Chi_Minh] end=null period=P1M} warningBytes=2000000000 limitBytes=-1 lastWarningSnooze=-1 lastLimitSnooze=-1 lastRapidSnooze=-1 metered=true inferred=true}, CallingUID: 1000
04-21 12:04:49.125 I/Choreographer(23243): Skipped 177 frames!  The application may be doing too much work on its main thread.
04-21 12:04:49.131 D/EdgeLightingReceiver(27053): com.samsung.android.app.edgelighting.PACKAGE_REPLACED com.example.nativesmokeapp.dev
04-21 12:04:49.132 D/EdgeLightingSettingManager(27053): replaceSilentInstalledPackage : true, packageName = com.example.nativesmokeapp.dev
04-21 12:04:49.140 D/FastTrack( 4568): setFastTrackState: pid = 23243 ;tid= 23243 ;value= 1
04-21 12:04:49.141 D/FastTrack( 4568): setFastTrackState: pid = 23243 ;tid= 28456 ;value= 1
04-21 12:04:49.143 W/ProcessStats( 4568): Tracking association SourceState{3ce2fd0 com.google.android.gms/10094 Top #155695} whose proc state 1 is better than process ProcessState{cc2b64e com.google.android.gms.persistent/10094 pkg=com.google.android.gms} proc state 2 (24 skipped)
04-21 12:04:49.144 D/SehCodecSolutionService( 4568): Update top [com.example.nativesmokeapp.dev]
04-21 12:04:49.145 D/SSRM:LoadDetectMonitor( 4568): PID = 23243, UID = 10401
04-21 12:04:49.148 D/SettingsProvider( 4568): isChangeAllowed() : name = edge_lighting_recommend_app_list
04-21 12:04:49.148 D/SettingsProvider( 4568): edmUri: content://com.sec.knox.provider/RestrictionPolicy3
04-21 12:04:49.148 D/SettingsProvider( 4568): projectionArgs: isSettingsChangesAllowed
04-21 12:04:49.148 D/SettingsProvider( 4568): selectionArgs: false
04-21 12:04:49.148 D/SettingsProvider( 4568): selectionArgs: 10060
04-21 12:04:49.149 D/SecContentProvider( 4568): query(), uri = 17 selection = isSettingsChangesAllowed
04-21 12:04:49.149 D/SecContentProvider( 4568): called from android.uid.systemui:10060
04-21 12:04:49.149 D/RestrictionPolicy( 4568): isSettingsChangesAllowedAsUser, userId 0 : true
04-21 12:04:49.150 D/SettingsProvider( 4568): ret = 1
04-21 12:04:49.151 I/ELPolicyManager(27053):  update Policy : 18
04-21 12:04:49.170 I/SB_Receiver(22999): action : com.samsung.android.sm.security.service.ACTION_SERVICE_STATUS_CHANGED
04-21 12:04:49.171 W/ContextImpl(22999): Calling a method in the system process without a qualified user: android.app.ContextImpl.startService:1739 android.content.ContextWrapper.startService:738 android.content.ContextWrapper.startService:738 com.samsung.android.sm.security.model.trigger.SecurityBridgeReceiver.onReceive:77 android.app.ActivityThread.handleReceiver:4497 
04-21 12:04:49.196 I/SecurityBridgeService(22999): action : com.samsung.android.sm.security.ACTION_SECURITY_PROVIDER_CALL
04-21 12:04:49.198 W/ContextImpl(22999): Calling a method in the system process without a qualified user: android.app.ContextImpl.startService:1739 android.content.ContextWrapper.startService:738 com.samsung.android.sm.security.model.trigger.SecurityBridgeProvider.call:372 android.content.ContentProvider.call:2489 android.content.ContentProvider$Transport.call:517 
04-21 12:04:49.210 I/SB_Processor(22999): action : com.samsung.android.sm.security.service.ACTION_SERVICE_STATUS_CHANGED
04-21 12:04:49.211 I/SB_BgScanServiceCompleted (22999): name : app_verification, status  : completed
04-21 12:04:49.220 I/bauth_FPBAuthService( 4326): pcf : 0x1012, 0 ,1 ,0 ,0 ,0 ,0, 5.1.0.0
04-21 12:04:49.220 I/bauth_FPBAuthService( 4326): thread id : 1, preenroll_flag : 0, nd cnt : 0, cso : 0, et : 0
04-21 12:04:49.220 I/bauth_FPBAuthService( 4326): FPBAuthService, 11607
04-21 12:04:49.226 V/NetworkPolicy( 4568): updateNotificationsNL() - totalBytes : 0, policy : NetworkPolicy{template=NetworkTemplate: matchRule=MOBILE, subscriberId=452090..., matchSubscriberIds=[452090...] cycleRule=RecurrenceRule{start=2025-01-01T00:00+07:00[Asia/Ho_Chi_Minh] end=null period=P1M} warningBytes=2000000000 limitBytes=-1 lastWarningSnooze=-1 lastLimitSnooze=-1 lastRapidSnooze=-1 metered=true inferred=true}, CallingUID: 1000
04-21 12:04:49.278 D/MdnieScenarioControlService( 4568):  packageName : com.example.nativesmokeapp.dev    className : com.example.native_smoke_app.MainActivity
04-21 12:04:49.280 V/MdnieScenarioControlService( 4568): setUIMode from UI function(3)
04-21 12:04:49.380 V/MdnieScenarioControlService( 4568): mAclOffEnabled : false mAclPreviewState : false mAclCompensationState : false
04-21 12:04:49.385 D/FlutterRenderer(23243): Width is zero. 0,0
04-21 12:04:49.388 V/WindowManager( 4568): Relayout Window{d854756 u0 com.example.nativesmokeapp.dev/com.example.native_smoke_app.MainActivity}: viewVisibility=8 req=0x0
04-21 12:04:49.395 V/WindowManager( 4568): Relayout hash=d854756, pid=23243: mAttrs={(0,0)(fillxfill) sim={adjust=resize forwardNavigation} ty=BASE_APPLICATION fmt=TRANSLUCENT wanim=0x1030001
04-21 12:04:49.395 V/WindowManager( 4568):   fl=81810100
04-21 12:04:49.395 V/WindowManager( 4568):   pfl=12020000
04-21 12:04:49.395 V/WindowManager( 4568):   vsysui=500
04-21 12:04:49.395 V/WindowManager( 4568):   fitSides= naviIconColor=0}
04-21 12:04:49.398 I/SurfaceControl(23243): assignNativeObject: nativeObject = 0 Surface(name=null)/@0xa0680eb / android.view.SurfaceControl.readFromParcel:1121 android.view.IWindowSession$Stub$Proxy.relayout:1814 android.view.ViewRootImpl.relayoutWindow:9005 android.view.ViewRootImpl.performTraversals:3360 android.view.ViewRootImpl.doTraversal:2618 android.view.ViewRootImpl$TraversalRunnable.run:9971 android.view.Choreographer$CallbackRecord.run:1010 android.view.Choreographer.doCallbacks:809 android.view.Choreographer.doFrame:744 android.view.Choreographer$FrameDisplayEventReceiver.run:995 
04-21 12:04:49.400 I/SurfaceControl(23243): assignNativeObject: nativeObject = 0 Surface(name=null)/@0xceae48 / android.view.SurfaceControl.readFromParcel:1121 android.view.IWindowSession$Stub$Proxy.relayout:1824 android.view.ViewRootImpl.relayoutWindow:9005 android.view.ViewRootImpl.performTraversals:3360 android.view.ViewRootImpl.doTraversal:2618 android.view.ViewRootImpl$TraversalRunnable.run:9971 android.view.Choreographer$CallbackRecord.run:1010 android.view.Choreographer.doCallbacks:809 android.view.Choreographer.doFrame:744 android.view.Choreographer$FrameDisplayEventReceiver.run:995 
04-21 12:04:49.404 I/ViewRootImpl@f86c464[MainActivity](23243): Relayout returned: old=(0,0,1080,2340) new=(0,0,1080,2340) req=(0,0)8 dur=13 res=0x1 s={false 0} ch=false fn=-1
04-21 12:04:49.407 D/FlutterRenderer(23243): Width is zero. 0,0
04-21 12:04:49.410 I/ViewRootImpl@f86c464[MainActivity](23243): [DP] cancelDraw io.flutter.embedding.android.FlutterActivityAndFragmentDelegate$2@4ca54e1  isViewVisible: false
04-21 12:04:49.413 I/ViewRootImpl@f86c464[MainActivity](23243): [DP] cancelDraw io.flutter.embedding.android.FlutterActivityAndFragmentDelegate$2@4ca54e1  isViewVisible: false
04-21 12:04:49.469 I/FontLog (15042): (REDACTED) Received query %s, URI %s
04-21 12:04:49.470 I/FontLog (15042): (REDACTED) Query [%s] resolved to %s
04-21 12:04:49.475 I/FontLog (15042): (REDACTED) Fetch %s end status %s
04-21 12:04:49.507 I/FontLog (15042): (REDACTED) Pulling font file for id = %d, cache size = %d
04-21 12:04:49.525 I/FontLog (15042): (REDACTED) Pulling font file for id = %d, cache size = %d
04-21 12:04:49.914 I/ActivityTaskManager( 4568): Activity reported stop, but no longer stopping: ActivityRecord{3dbbdae u0 com.example.nativesmokeapp.dev/com.example.native_smoke_app.MainActivity t1317}
04-21 12:04:50.161 D/FlutterRenderer(23243): Width is zero. 0,0
