04-21 12:04:29.995 D/CompatibilityChangeReporter( 4568): Compat change id reported: 143937733; UID 10082; state: DISABLED
04-21 12:04:29.995 D/SEP_UNION_SemDeviceInfoManagerService( 4568): registerPendingIntentInternal() action = android.intent.action.DATE_CHANGED, callingPackage = com.samsung.android.app.routines, userId = 0, flag = 0, conditions = null 
04-21 12:04:29.995 D/SEP_UNION_SemDeviceInfoManagerService( 4568): Same PendingIntent is in com.samsung.android.app.routines 
04-21 12:04:29.999 I/SEP_UNION_SemUnionManager(26876): getUnionService() : semeventdelegator 
04-21 12:04:29.999 D/SEP_UNION_SemDeviceInfoManagerService( 4568): registerPendingIntentInternal() action = android.intent.action.PACKAGE_DATA_CLEARED, callingPackage = com.samsung.android.app.routines, userId = 0, flag = 0, conditions = null 
04-21 12:04:30.000 D/SEP_UNION_SemDeviceInfoManagerService( 4568): Same PendingIntent is in com.samsung.android.app.routines 
04-21 12:04:30.002 D/SEP_UNION_SemDeviceInfoManagerService( 4568): registerPendingIntentInternal() action = com.samsung.android.theme.themecenter.THEME_APPLY, callingPackage = com.samsung.android.app.routines, userId = 0, flag = 0, conditions = null 
04-21 12:04:30.002 D/SEP_UNION_SemDeviceInfoManagerService( 4568): Same PendingIntent is in com.samsung.android.app.routines 
04-21 12:04:30.002 I/RoutineDebug[3.1.17.8]: SettingsWrapper(26876): ultraPowerSavingMode: -1
04-21 12:04:30.002 I/RoutineDebug[3.1.17.8]: RoutineService(26876): onStartCommand: com.samsung.android.rotine.ACTION_PACKAGE_CHANGED
04-21 12:04:30.004 E/Finsky  (32384): [7075] [Counters] attempted to use a non-positive increment for: 4753
04-21 12:04:30.004 I/Telephony: SamsungTuiRelayReceiver( 4855): registerWhoWhoPackageRemovedEvents
04-21 12:04:30.004 I/Telephony: SamsungTuiRelayReceiver( 4855): registerCallBGProviderPackageRemovedEvents
04-21 12:04:30.005 I/Telephony: SamsungTuiRelayReceiver( 4855): sendRelayIntentForCallBG
04-21 12:04:30.005 I/Finsky  (32384): [7544] SCH: Received scheduling request: Id: 12-1, Constraints: [{ L: 15000, D: 86400000, C: CHARGING_NONE, I: IDLE_NONE, N: NET_ANY, B: BATTERY_ANY }]
04-21 12:04:30.006 I/RoutineDebug[3.1.17.8]: RoutineService(26876): Should not remove data truecom.example.nativesmokeapp.dev
04-21 12:04:30.007 I/RoutineDebug[3.1.17.8]: RoutineService(26876): onQueueEmpty: stop
04-21 12:04:30.007 I/RoutineDebug[3.1.17.8]: SettingsWrapper(26876): ultraPowerSavingMode: -1
04-21 12:04:30.007 I/RoutineDebug[3.1.17.8]: RoutineContentProvider(26876): call method=updateRoutineHistory
04-21 12:04:30.015 E/ndroid.keychai(28280): Not starting debugger since process cannot load the jdwp agent.
04-21 12:04:30.017 I/MediaProvider( 6881): Invalidating LocalCallingIdentity cache for package com.example.nativesmokeapp.dev. Reason: package android.intent.action.PACKAGE_ADDED
04-21 12:04:30.021 I/System.out(32384): (HTTPLog)-Static: isSBSettingEnabled false
04-21 12:04:30.022 I/System.out(32384): (HTTPLog)-Static: isSBSettingEnabled false
04-21 12:04:30.023 D/Zygote  ( 4130): Forked child process 28317
04-21 12:04:30.024 E/Netd    ( 4129): getNetworkForDns: getNetId from enterpriseCtrl is netid 0
04-21 12:04:30.035 D/SemGameManager( 4568): getGMSBinder(), begin
04-21 12:04:30.036 D/SemGameManager( 4568): getGMSBinder(), successful: true
04-21 12:04:30.036 D/SemGameManager( 4568): isAvailable(), ret=true
04-21 12:04:30.036 D/SemGameManager( 4568): isGamePackage(), pkgName=com.example.nativesmokeapp.dev
04-21 12:04:30.036 D/SemGameManager( 4568): getGMSBinder(), begin
04-21 12:04:30.038 D/SemGameManager( 4568): getGMSBinder(), successful: true
04-21 12:04:30.038 D/GameManagerService( 4568): identifyGamePackage. com.example.nativesmokeapp.dev, mCurrentUserId: 0, callerUserId: 0
04-21 12:04:30.038 D/PkgDataHelper( 4568): getGamePkgData(). com.example.nativesmokeapp.dev
04-21 12:04:30.038 D/SemGameManager( 4568): isGamePackage(), ret=false
04-21 12:04:30.039 D/ActivityThread(28280): setConscryptValidator
04-21 12:04:30.039 D/ActivityThread(28280): setConscryptValidator - put
04-21 12:04:30.045 I/Finsky:background(27221): [8764] IQ:PSL: skipping onPackageRemoved(replacing=true) for untracked package=com.example.nativesmokeapp.dev
04-21 12:04:30.045 D/SemGameManager( 4568): getGMSBinder(), begin
04-21 12:04:30.046 D/PkgPredictorService-MultiUserPkgManager( 4568):  receive action is android.intent.action.PACKAGE_ADDED
04-21 12:04:30.046 D/SdpManagerService( 4568): Not an enterprise user : 0
04-21 12:04:30.046 D/SdpManagerService( 4568): Not an enterprise user : 0
04-21 12:04:30.046 D/SPluginManagerImpl( 4878): onReceive: android.intent.action.PACKAGE_ADDED, size:{com.android.systemui.pluginlock.PluginLockMediatorImpl@2f1ff3b=SPluginInstanceManager@165037762 (action=com.samsung.systemui.action.PLUGIN_LOCK), com.samsung.android.systemui.multistar.MultiStarManager$1@37e3a5c=SPluginInstanceManager@98004179 (action=com.samsung.systemui.action.PLUGIN_MULTISTAR), com.android.systemui.slimindicator.SlimIndicatorPluginMediator@55d2853=SPluginInstanceManager@236179472 (action=com.samsung.systemui.action.SPLUGIN_SLIMINDICATOR), com.android.systemui.statusbar.phone.NavBarInteractorManager$1@65cc61c=SPluginInstanceManager@70559497 (action=com.samsung.systemui.navigationbar.PLUGIN), com.android.systemui.volume.VolumeStarInteractor$1@a05aec1=SPluginInstanceManager@256249102 (action=com.samsung.systemui.volume.PLUGIN), com.android.systemui.BixbyInteractor$1@c87427e=SPluginInstanceManager@262275887 (action=com.samsung.systemui.bixby2.PLUGIN), com.android.systemui.noticenter.NotiCenterPlugin$NotiCenterPluginListener@e5da283=SPluginInstanceManager@172875068 (action=com.samsung.systemui.action.PLUGIN_NOTICENTER)}
04-21 12:04:30.047 D/SemGameManager( 4568): getGMSBinder(), successful: true
04-21 12:04:30.047 D/SemGameManager( 4568): isAvailable(), ret=true
04-21 12:04:30.047 D/SemGameManager( 4568): isGamePackage(), pkgName=com.example.nativesmokeapp.dev
04-21 12:04:30.047 D/KeyguardUpdateMonitor( 4878): received broadcast android.intent.action.PACKAGE_ADDED
04-21 12:04:30.047 D/SemGameManager( 4568): getGMSBinder(), begin
04-21 12:04:30.047 D/FaceWidgetMetadataParser( 4878): updatePackage() com.example.nativesmokeapp.dev true
04-21 12:04:30.048 D/SemGameManager( 4568): getGMSBinder(), successful: true
04-21 12:04:30.048 D/PkgPredictorService-MultiUserPkgManager( 4568): handleMessage 100
04-21 12:04:30.048 D/PkgPredictorService-MultiUserPkgManager( 4568): user=0  uid=10401 onPackageStatusChange com.example.nativesmokeapp.dev action=android.intent.action.PACKAGE_ADDED
04-21 12:04:30.048 D/GameManagerService( 4568): identifyGamePackage. com.example.nativesmokeapp.dev, mCurrentUserId: 0, callerUserId: 0
04-21 12:04:30.048 D/PkgDataHelper( 4568): getGamePkgData(). com.example.nativesmokeapp.dev
04-21 12:04:30.048 D/SemGameManager( 4568): isGamePackage(), ret=false
04-21 12:04:30.049 W/FaceWidgetMetadataParser( 4878): updatePackage() there is no metadata
04-21 12:04:30.049 D/FaceWidgetMetadataParser( 4878): removePackage() key = com.example.nativesmokeapp.dev
04-21 12:04:30.054 D/DexPreloader( 4568):  receive action is android.intent.action.PACKAGE_ADDED isReInstall:true
04-21 12:04:30.064 I/PackageInfoManager_FLP( 5958): action : ACTION_PACKAGE_ADDED, packageName = com.example.nativesmokeapp.dev
04-21 12:04:30.066 D/SEP_UNION_SemDeviceInfoManagerService( 4568): onReceive : android.intent.action.PACKAGE_ADDED, userId = 0 
04-21 12:04:30.074 I/Finsky  (32384): [2] ajcn - Received: android.intent.action.PACKAGE_ADDED, [fJBZ4qRa3lINTN6Dc00pUzsv2rToKb6tI4TINHq3Lf0]
04-21 12:04:30.075 I/dqby    ( 6797): (REDACTED) maybeUpdateCacheDataForAddedPackage %s
04-21 12:04:30.076 I/SystemBroadcastReceiver(11720): [#CMH#] onReceive completed :  0
04-21 12:04:30.077 I/Finsky:background(27221): [2] ajcc - Received: android.intent.action.PACKAGE_ADDED, [fJBZ4qRa3lINTN6Dc00pUzsv2rToKb6tI4TINHq3Lf0]
04-21 12:04:30.079 D/SamsungAlarmManager( 4568): setInexact (T:3/F:0/AC:false) 20360418T120429 now=175841224 - CU:10094/CP:15042/OP:PendingIntent{ca6004e: PendingIntentRecord{11a156f com.google.android.gms/com.google.android.gms.container startService}}
04-21 12:04:30.080 I/SamsungAlarmManager( 4568): setLocked to kernel - T:2 / 20260421T122008, set=176779575, now=175841224
04-21 12:04:30.080 I/ControllerEventHandler(11720): [#CMH#] onPackageAdded  null
04-21 12:04:30.080 I/SamsungAlarmManager( 4568): setLocked to kernel - T:3 / 20260421T120430, set=175841717, now=175841225
04-21 12:04:30.084 D/StorageManagerService( 4568): getExternalStorageMountMode: uid=1000 packageName=com.samsung.android.bbc.bbcagent
04-21 12:04:30.088 E/nder:appservic(28317): Not starting debugger since process cannot load the jdwp agent.
04-21 12:04:30.092 I/InputReader( 4568): Reconfiguring input devices, changes=KEYBOARD_LAYOUTS | 
04-21 12:04:30.094 I/PackageInfoManager_FLP( 5958): handled onPackageAdded for com.example.nativesmokeapp.dev(DENY)
04-21 12:04:30.099 I/SemDvfsHyPerManager( 4568): acquire hyper - APP_LAUNCH/4568@33, type = -999
04-21 12:04:30.099 I/HYPER-HAL( 4160): [RequestManager.cpp]acquire(): Acquired ID : 10586934  [4568 / 33]    HINT : APP_LAUNCH    list : 
04-21 12:04:30.100 I/Finsky  (32384): [2] AIM: AppInfoCacheUpdater -> invalidating apps: [com.example.nativesmokeapp.dev]
04-21 12:04:30.100 I/Finsky  (32384): [2] AIM: AppInfoManager-Perf > getApps > called for 1 apps
04-21 12:04:30.101 I/HYPER-HAL( 4160): [ResourceManager.cpp]updateResource(): [CPUMinFreq] UpdateResource Request ID : 10586934    Value : 2314000
04-21 12:04:30.102 I/SemDvfsHyPerManager( 7061): acquire hyper - com.sec.android.sdhms/7061@9, type = -999
04-21 12:04:30.103 I/HYPER-HAL( 4160): [RequestManager.cpp]acquire(): Acquired ID : 24995994  [7061 / 9]    HINT : APP_START    list : 
04-21 12:04:30.105 I/Finsky  (32384): [7078] AIM: AppInfoManager-Perf > OnDeviceAppInfo > cacheHitCount=0, cacheMissCount=1. Missed  in cache (limit 10) : [com.example.nativesmokeapp.dev]
04-21 12:04:30.106 D/SemWifiPackageInfo( 4568): isSkipCategory - skip:NONE
04-21 12:04:30.106 I/System.out( 4568): (HTTPLog)-Static: isSBSettingEnabled false
04-21 12:04:30.106 I/System.out( 4568): (HTTPLog)-Static: isSBSettingEnabled false
04-21 12:04:30.107 E/Netd    ( 4129): getNetworkForDns: getNetId from enterpriseCtrl is netid 0
04-21 12:04:30.108 I/ActivityTaskManager( 4568): START u0 {act=android.intent.action.MAIN cat=[android.intent.category.LAUNCHER] flg=0x30000000 cmp=com.example.nativesmokeapp.dev/com.example.native_smoke_app.MainActivity (has extras)} from uid 2000
04-21 12:04:30.109 W/Looper  ( 4568): Slow dispatch took 171ms PackageManagerHandlerThread h=android.os.Handler c=<recycled PooledLambda@7fb39f1> m=0
04-21 12:04:30.109 E/HYPER-HAL( 4160): [HandlerSysfs.cpp]doResourceHandling(): Couldn't Open Sysfs - /sys/kernel/mm/vmscan/am_app_launch
04-21 12:04:30.109 I/HYPER-HAL( 4160): [ResourceManager.cpp]updateResource(): [CPUMaxFreq] UpdateResource Request ID : 24995994    Value : 2314000
04-21 12:04:30.110 D/ActivityThread(28317): setConscryptValidator
04-21 12:04:30.110 D/ActivityThread(28317): setConscryptValidator - put
04-21 12:04:30.117 D/ActivityTaskManager( 4568): TaskLaunchParamsModifier:task=null activity=ActivityRecord{3dbbdae u0 com.example.nativesmokeapp.dev/com.example.native_smoke_app.MainActivity task-display-area=DefaultTaskDisplayArea@267589140 display-area-windowing-mode=1
04-21 12:04:30.117 D/ActivityTaskManager( 4568): TaskLaunchParamsModifier:task=null activity=ActivityRecord{3dbbdae u0 com.example.nativesmokeapp.dev/com.example.native_smoke_app.MainActivity t-1} task-display-area=DefaultTaskDisplayArea@267589140 display-area-windowing-mode=1 non-freeform-display maximized-bounds
04-21 12:04:30.118 D/DexPreloader( 4568): create a new DexPreloadTask pkg:com.example.nativesmokeapp.dev  path:/data/app/~~L4tn2nFstvlNDzKGyEkvvw==/com.example.nativesmokeapp.dev-QMpsUGch2Ik2jZjqcAHDLw==
04-21 12:04:30.119 I/SurfaceFlinger( 4212): id=2416 createSurf (0x0),-1 flag=24004, Task=1317#0
04-21 12:04:30.121 D/ActivityTaskManager( 4568): TaskLaunchParamsModifier:task=Task{ea30be5 #1317 visible=false type=standard mode=fullscreen translucent=true I=com.example.nativesmokeapp.dev/com.example.native_smoke_app.MainActivity U=0 StackId=1317 sz=0} activity=ActivityRecord{3dbbdae u0 com.example.nativesmokeapp.dev/com.example.native_smoke_app.MainActivity t-1} display-from-task=0 task-display-area=DefaultTaskDisplayArea@267589140 display-area-windowing-mode=1 non-freeform-display maximized-bounds
04-21 12:04:30.122 I/SurfaceFlinger( 4212): id=2417 createSurf (0x0),-1 flag=80004, ActivityRecord{3dbbdae u0 com.example.nativesmokeapp.dev/com.example.native_smoke_app.MainActivity t1317}#0
04-21 12:04:30.125 V/WindowManager( 4568): Prepare app transition: transit=TRANSIT_TASK_OPEN mNextAppTransition=TRANSIT_UNSET alwaysKeepCurrent=false displayId=0 Callers=com.android.server.wm.DisplayContent.prepareAppTransition:5809 com.android.server.wm.DisplayContent.prepareAppTransition:5803 com.android.server.wm.ActivityStack.startActivityLocked:2595 com.android.server.wm.ActivityStarter.startActivityInner:2678 com.android.server.wm.ActivityStarter.startActivityUnchecked:2209 
04-21 12:04:30.125 D/WindowManager( 4568): CustomStartingWindowData: className=com.example.native_smoke_app.MainActivity, packageName=com.example.nativesmokeapp.dev, taskUserId=0
04-21 12:04:30.125 D/MARsPolicyManager( 4568): onPackageResumedFG pkgName = com.example.nativesmokeapp.dev, userId = 0
04-21 12:04:30.126 V/WindowManager( 4568): Prepare app transition: transit=TRANSIT_ACTIVITY_OPEN mNextAppTransition=TRANSIT_TASK_OPEN alwaysKeepCurrent=false displayId=0 Callers=com.android.server.wm.DisplayContent.prepareAppTransition:5809 com.android.server.wm.DisplayContent.prepareAppTransition:5803 com.android.server.wm.ActivityStack.resumeTopActivityInnerLocked:2255 com.android.server.wm.ActivityStack.resumeTopActivityUncheckedLocked:1873 com.android.server.wm.RootWindowContainer.resumeFocusedStacksTopActivities:2700 
04-21 12:04:30.126 I/Finsky  (32384): [7080] AIM: AppInfoManager-Perf > OnDeviceAppInfo > cacheHitCount=1, cacheMissCount=0. Missed  in cache (limit 10) : []
04-21 12:04:30.128 I/Finsky  (32384): [7080] AIM: Got app ownership map. App counts: . Unique apps: 0
04-21 12:04:30.128 E/Finsky  (32384): [7080] [Counters] attempted to use a non-positive increment for: 4752
04-21 12:04:30.132 I/SemDvfsHyPerManager( 4568): acquire hyper - AMS_APP_LAUNCH/4568@16, type = -999
04-21 12:04:30.132 I/HYPER-HAL( 4160): [RequestManager.cpp]acquire(): Acquired ID : 10508836  [4568 / 16]    HINT : AMS_APP_LAUNCH    list : 
04-21 12:04:30.132 I/HYPER-HAL( 4160): [ResourceManager.cpp]updateResource(): [CPUMinFreq] UpdateResource Request ID : 10508836    Value : 2314000
04-21 12:04:30.134 W/ActivityManager( 4568): Slow operation: 147ms so far, now at startProcess: done updating battery stats
04-21 12:04:30.134 I/cmd     (28333): oneway function results will be dropped but finished with status OK and parcel size 4
04-21 12:04:30.134 W/ActivityManager( 4568): Slow operation: 147ms so far, now at startProcess: building log message
04-21 12:04:30.134 I/ActivityManager( 4568): Start proc 28317:com.samsung.android.app.galaxyfinder:appservice/u0a82 for service {com.samsung.android.app.galaxyfinder/com.samsung.android.app.galaxyfinder.acceleration.AppCoreService}
04-21 12:04:30.134 W/ActivityManager( 4568): Slow operation: 147ms so far, now at startProcess: starting to update pids map
04-21 12:04:30.135 W/ActivityManager( 4568): Slow operation: 148ms so far, now at startProcess: done updating pids map
04-21 12:04:30.135 W/ActivityManager( 4568): Slow operation: 56ms so far, now at startProcess: asking zygote to start proc
04-21 12:04:30.136 D/NetdEventListenerService( 4568): DNS Requested by : 607, 10110
04-21 12:04:30.138 I/ActivityManager( 4568): DSS OFF for com.android.keychain
04-21 12:04:30.139 E/Netd    ( 4129): getNetworkForDns: getNetId from enterpriseCtrl is netid 0
04-21 12:04:30.141 D/ActivityManager( 4568): attachApplicationLocked() app=ProcessRecord{a227587 28280:com.android.keychain/1000} app.isolatedEntryPoint=null instr2=null
04-21 12:04:30.142 V/ActivityManager( 4568): Changed top to -1,null
04-21 12:04:30.143 I/BSS_SysUiManager(22456): handleMessage = 9, 3, 1317
04-21 12:04:30.143 I/BSS_SysUiManager(22456): handleMessage = 9, 3, 1317
04-21 12:04:30.149 D/ActivityThread(28280): handleBindApplication()++ app=com.android.keychain
04-21 12:04:30.149 D/ActivityManager( 4568): Received BROADCAST intent 0x3f74c72 Key{broadcastIntent pkg=com.android.systemui intent=act=com.samsung.android.app.edgelighting.PACKAGE_ADDED cmp=com.android.systemui/.edgelighting.EdgeLightingReceiver flags=0x0 u=0} requestCode=0 sent=0 from uid 1000
04-21 12:04:30.149 D/SEP_UNION_SemDeviceInfoManagerService( 4568): sendIntentAction() action = android.intent.action.PACKAGE_ADDED, tag =  
04-21 12:04:30.150 D/ActivityManager( 4568): Received BROADCAST intent 0x66de77a Key{broadcastIntent pkg=com.samsung.android.provider.filterprovider intent=act=com.samsung.android.provider.filterprovider.INTENT_PACKAGE_ADDED cmp=com.samsung.android.provider.filterprovider/.PackageIntentReceiver flags=0x0 u=0} requestCode=0 sent=0 from uid 1000
04-21 12:04:30.150 D/SEP_UNION_SemDeviceInfoManagerService( 4568): sendIntentAction() action = android.intent.action.PACKAGE_ADDED, tag =  
04-21 12:04:30.152 D/Zygote  ( 4130): Forked child process 28353
04-21 12:04:30.154 D/SettingsProvider( 4568): isChangeAllowed() : name = reminder_exp_learning_time_elapsed
04-21 12:04:30.154 D/SettingsProvider( 4568): edmUri: content://com.sec.knox.provider/RestrictionPolicy3
04-21 12:04:30.154 D/SettingsProvider( 4568): projectionArgs: isSettingsChangesAllowed
04-21 12:04:30.154 D/SettingsProvider( 4568): selectionArgs: false
04-21 12:04:30.154 D/SettingsProvider( 4568): selectionArgs: 10060
04-21 12:04:30.154 D/SecContentProvider( 4568): query(), uri = 17 selection = isSettingsChangesAllowed
04-21 12:04:30.155 D/SecContentProvider( 4568): called from android.uid.systemui:10060
04-21 12:04:30.155 I/Finsky  (32384): [7080] AIM: Got app ownership map. App counts: . Unique apps: 0
04-21 12:04:30.155 E/Finsky  (32384): [7080] [Counters] attempted to use a non-positive increment for: 4752
04-21 12:04:30.157 E/Finsky  (32384): [7080] [Counters] attempted to use a non-positive increment for: 4753
04-21 12:04:30.157 D/RestrictionPolicy( 4568): isSettingsChangesAllowedAsUser, userId 0 : true
04-21 12:04:30.157 D/SettingsProvider( 4568): ret = 1
04-21 12:04:30.158 I/GenerationRegistry( 4568): mBackingStore.isClosed() : false
04-21 12:04:30.163 W/ActivityManager( 4568): Slow operation: 83ms so far, now at startProcess: returned from zygote!
04-21 12:04:30.166 I/Finsky  (32384): [2] DTU: Received onPackageAdded, replacing: true
04-21 12:04:30.167 D/StorageManagerService( 4568): getExternalStorageMountMode: uid=10401 packageName=com.example.nativesmokeapp.dev
04-21 12:04:30.168 D/CompatibilityChangeReporter( 4568): Compat change id reported: 135634846; UID 10401; state: DISABLED
04-21 12:04:30.174 I/ActivityManager( 4568): DSS OFF for com.samsung.android.app.galaxyfinder
04-21 12:04:30.175 W/Looper  ( 4568): Slow dispatch took 126ms android.fg h=android.os.Handler c=com.android.internal.infra.-$$Lambda$ServiceConnector$Impl$Q3XwhehBxp2gunoWvuP2lFsbtBM@e9884d1 m=0
04-21 12:04:30.180 D/ActivityManager( 4568): attachApplicationLocked() app=ProcessRecord{233939b 28317:com.samsung.android.app.galaxyfinder:appservice/u0a82} app.isolatedEntryPoint=null instr2=null
04-21 12:04:30.190 E/id.bbc.bbcagen(28353): Not starting debugger since process cannot load the jdwp agent.
04-21 12:04:30.196 I/Finsky:background(27221): [8799] Wrote row to frosting DB: 4615
04-21 12:04:30.202 D/ActivityThread(28317): handleBindApplication()++ app=com.samsung.android.app.galaxyfinder:appservice
04-21 12:04:30.210 I/bauth_FPBAuthService( 4326): pcf : 0x1012, 0 ,1 ,0 ,0 ,0 ,0, 5.1.0.0
04-21 12:04:30.210 I/bauth_FPBAuthService( 4326): thread id : 1, preenroll_flag : 0, nd cnt : 0, cso : 0, et : 0
04-21 12:04:30.210 I/bauth_FPBAuthService( 4326): FPBAuthService, 11607
04-21 12:04:30.214 D/ActivityThread(28353): setConscryptValidator
04-21 12:04:30.214 D/ActivityThread(28353): setConscryptValidator - put
04-21 12:04:30.215 D/ActivityManager( 4568): Received SERVICE intent 0x588c99c Key{startService pkg=com.samsung.android.app.routines intent=act=com.samsung.android.rotine.ACTION_PACKAGE_CHANGED cmp=com.samsung.android.app.routines/.domainmodel.core.service.RoutineService flags=0x0 u=0} requestCode=10000 from uid 1000
04-21 12:04:30.215 D/SEP_UNION_SemDeviceInfoManagerService( 4568): sendIntentAction() action = android.intent.action.PACKAGE_ADDED, tag =  
04-21 12:04:30.217 I/system_server( 4568): Background concurrent copying GC freed 483197(24MB) AllocSpace objects, 30(1112KB) LOS objects, 28% free, 60MB/84MB, paused 1.672ms total 411.983ms
04-21 12:04:30.220 I/RoutineDebug[3.1.17.8]: RoutineService(26876): onCreate
04-21 12:04:30.222 I/SEP_UNION_SemUnionManager(26876): getUnionService() : semeventdelegator 
04-21 12:04:30.225 I/SEP_UNION_SemUnionManager(26876): getUnionService() : semeventdelegator 
04-21 12:04:30.226 E/PhoneInterfaceManager( 4855): [PhoneIntfMgr] getCarrierPackageNamesForIntentAndPhone: No UICC
04-21 12:04:30.226 D/CarrierSvcBindHelper( 4855): No carrier app for: 0
04-21 12:04:30.227 D/ActivityManager( 4568): Parallel Broadcast is delayed BroadcastRecord{1d9d31b u0 android.intent.action.PACKAGE_ADDED}
04-21 12:04:30.227 D/ActivityManager( 4568): Ordered Broadcast is delayed BroadcastRecord{9f34cb8 u0 android.intent.action.PACKAGE_ADDED}
04-21 12:04:30.227 D/SEP_UNION_SemDeviceInfoManagerService( 4568): registerPendingIntentInternal() action = android.intent.action.PACKAGE_CHANGED, android.intent.action.PACKAGE_ADDED, android.intent.action.PACKAGE_FULLY_REMOVED, android.intent.action.MY_PACKAGE_REPLACED, android.intent.action.PACKAGE_REPLACED, android.intent.action.PACKAGE_REMOVED, callingPackage = com.samsung.android.app.routines, userId = 0, flag = 0, conditions = null 
04-21 12:04:30.229 I/SEP_UNION_SemUnionManager(26876): getUnionService() : semeventdelegator 
04-21 12:04:30.231 W/ActivityManager( 4568): Slow operation: 151ms so far, now at startProcess: done updating battery stats
04-21 12:04:30.231 W/ActivityManager( 4568): Slow operation: 152ms so far, now at startProcess: building log message
04-21 12:04:30.231 I/ActivityManager( 4568): Start proc 28353:com.samsung.android.bbc.bbcagent/1000 for broadcast {com.samsung.android.bbc.bbcagent/com.samsung.android.bbc.bbcagent.bbccontroller.receiver.PackageEventReceiver}
04-21 12:04:30.231 W/ActivityManager( 4568): Slow operation: 152ms so far, now at startProcess: starting to update pids map
04-21 12:04:30.231 W/ActivityManager( 4568): Slow operation: 152ms so far, now at startProcess: done updating pids map
04-21 12:04:30.231 I/ActivityManager( 4568): DSS OFF for com.samsung.android.bbc.bbcagent
04-21 12:04:30.233 D/ActivityManager( 4568): attachApplicationLocked() app=ProcessRecord{89b5f49 28353:com.samsung.android.bbc.bbcagent/1000} app.isolatedEntryPoint=null instr2=null
04-21 12:04:30.234 D/CarrierSvcBindHelper( 4855): No carrier app for: 1
04-21 12:04:30.236 E/PhoneInterfaceManager( 4855): [PhoneIntfMgr] getCarrierPackageNamesForIntentAndPhone: No UICC
04-21 12:04:30.236 D/CarrierSvcBindHelper( 4855): No carrier app for: 0
04-21 12:04:30.237 I/RoutineDebug[3.1.17.8]: SettingsWrapper(26876): ultraPowerSavingMode: -1
04-21 12:04:30.237 I/RoutineDebug[3.1.17.8]: RoutineService(26876): onStartCommand: com.samsung.android.rotine.ACTION_PACKAGE_CHANGED
04-21 12:04:30.238 I/RoutineDebug[3.1.17.8]: RoutineJobService(26876): start: packageNamecom.example.nativesmokeapp.dev,forced=true
04-21 12:04:30.239 D/ActivityManager( 4568): Ordered Broadcast is delayed BroadcastRecord{826fad0 u0 android.intent.action.PACKAGE_ADDED}
04-21 12:04:30.239 I/RoutineDebug[3.1.17.8]: RoutineJobService(26876): pushMetaLoaderTargetPackage: null + com.example.nativesmokeapp.dev
04-21 12:04:30.239 I/RoutineDebug[3.1.17.8]: Pref(26876): putSharedPrefsData() key=meta_loading_target_package_name
04-21 12:04:30.241 D/ActivityManager( 4568): Received SERVICE intent 0xef69f7a Key{startService pkg=com.samsung.android.app.galaxyfinder intent=act=package_changed cmp=com.samsung.android.app.galaxyfinder/.acceleration.AppCoreService flags=0x0 u=0} requestCode=0 from uid 1000
04-21 12:04:30.241 D/SEP_UNION_SemDeviceInfoManagerService( 4568): sendIntentAction() action = android.intent.action.PACKAGE_ADDED, tag =  
04-21 12:04:30.241 W/LoadedApk( 4568): Slow system_server main thread handled for android.intent.action.PACKAGE_ADDED took 177 ms, Receiver = com.android.server.sepunion.eventdelegator.UnionContentBroadcastReceiver@109b3f6
04-21 12:04:30.241 W/Looper  ( 4568): Slow dispatch took 176ms main h=android.app.ActivityThread$H c=android.app.-$$Lambda$LoadedApk$ReceiverDispatcher$Args$_BumDX2UKsnxLVrE6UJsJZkotuA@5e45ac9 m=0
04-21 12:04:30.242 D/ActivityThread(28353): handleBindApplication()++ app=com.samsung.android.bbc.bbcagent
04-21 12:04:30.242 I/Telecom ( 4568): DefaultDialerCache: Refreshing default dialer for user 0: now com.samsung.android.dialer: DDC.oR@B6Y
04-21 12:04:30.243 I/Telecom:SamsungCommonPolicyPackageBroadcastReceiver( 4568): action : android.intent.action.PACKAGE_ADDED / packageName : com.example.nativesmokeapp.dev
04-21 12:04:30.243 I/Telecom:SamsungCommonPolicyPackageHandler( 4568): handleMessage : 0
04-21 12:04:30.243 I/Telecom:SamsungAllowedSelfManagedPhoneAccountAdapterImpl( 4568): getFilterAllowedSelfManagedPhoneAccounts : SamsungAllowedSelfManagedPhoneAccount { RawData : com.google.android.apps.tachyon,,exclude:CDR;UFN;UFU;SAM;CHC;TCE;GCF,,default:200;SKC:900;KTC:900;LUC:900 / PackageName : com.google.android.apps.tachyon / ComponentName :  / Component : null / SalesCodeOption : EXCLUDE / SalesCodeList : [CDR, UFN, UFU, SAM, CHC, TCE, GCF] / ModelNameOption : ALL / ModelNameList : [] / OrderMap : {default=200, SKC=900, KTC=900, LUC=900}
04-21 12:04:30.243 I/Telecom:SamsungAllowedSelfManagedPhoneAccountAdapterImpl( 4568): includeSalesCode - salesCodeOption : EXCLUDE / SamsungAllowedSelfManagedPhoneAccount { RawData : com.google.android.apps.tachyon,,exclude:CDR;UFN;UFU;SAM;CHC;TCE;GCF,,default:200;SKC:900;KTC:900;LUC:900 / PackageName : com.google.android.apps.tachyon / ComponentName :  / Component : null / SalesCodeOption : EXCLUDE / SalesCodeList : [CDR, UFN, UFU, SAM, CHC, TCE, GCF] / ModelNameOption : ALL / ModelNameList : [] / OrderMap : {default=200, SKC=900, KTC=900, LUC=900}
04-21 12:04:30.243 I/Telecom:SamsungAllowedSelfManagedPhoneAccountAdapterImpl( 4568): includeModelName - modelNameOption : ALL / SamsungAllowedSelfManagedPhoneAccount { RawData : com.google.android.apps.tachyon,,exclude:CDR;UFN;UFU;SAM;CHC;TCE;GCF,,default:200;SKC:900;KTC:900;LUC:900 / PackageName : com.google.android.apps.tachyon / ComponentName :  / Component : null / SalesCodeOption : EXCLUDE / SalesCodeList : [CDR, UFN, UFU, SAM, CHC, TCE, GCF] / ModelNameOption : ALL / ModelNameList : [] / OrderMap : {default=200, SKC=900, KTC=900, LUC=900}
04-21 12:04:30.243 I/Telecom:SamsungAllowedSelfManagedPhoneAccountAdapterImpl( 4568): getFilterAllowedSelfManagedPhoneAccounts : SamsungAllowedSelfManagedPhoneAccount { RawData : com.skt.prod.together,,include:SKC;KOO,,SKC:100 / PackageName : com.skt.prod.together / ComponentName :  / Component : null / SalesCodeOption : INCLUDE / SalesCodeList : [SKC, KOO] / ModelNameOption : ALL / ModelNameList : [] / OrderMap : {SKC=100}
04-21 12:04:30.243 I/Telecom:SamsungAllowedSelfManagedPhoneAccountAdapterImpl( 4568): includeSalesCode - salesCodeOption : INCLUDE / SamsungAllowedSelfManagedPhoneAccount { RawData : com.skt.prod.together,,include:SKC;KOO,,SKC:100 / PackageName : com.skt.prod.together / ComponentName :  / Component : null / SalesCodeOption : INCLUDE / SalesCodeList : [SKC, KOO] / ModelNameOption : ALL / ModelNameList : [] / OrderMap : {SKC=100}
04-21 12:04:30.243 I/Telecom:SamsungAllowedSelfManagedPhoneAccountAdapterImpl( 4568): getFilterAllowedSelfManagedPhoneAccounts : SamsungAllowedSelfManagedPhoneAccount { RawData : com.kt.narle,,include:KTC,,KTC:300 / PackageName : com.kt.narle / ComponentName :  / Component : null / SalesCodeOption : INCLUDE / SalesCodeList : [KTC] / ModelNameOption : ALL / ModelNameList : [] / OrderMap : {KTC=300}
04-21 12:04:30.243 I/Telecom:SamsungAllowedSelfManagedPhoneAccountAdapterImpl( 4568): includeSalesCode - salesCodeOption : INCLUDE / SamsungAllowedSelfManagedPhoneAccount { RawData : com.kt.narle,,include:KTC,,KTC:300 / PackageName : com.kt.narle / ComponentName :  / Component : null / SalesCodeOption : INCLUDE / SalesCodeList : [KTC] / ModelNameOption : ALL / ModelNameList : [] / OrderMap : {KTC=300}
04-21 12:04:30.254 D/AccessibilityManagerService( 4568): currentTargets : [] targetsFromSetting : []
04-21 12:04:30.254 D/AccessibilityManagerService( 4568): componentId : null userState.getTargetAssignedToAccessibilityButton() : null
04-21 12:04:30.255 I/AccessibilityManagerService( 4568): readMagnifierWindowEnabledSettingLocked: magniferWindowEnabled false, userState.mIsMagnifierWindowEnabled false
04-21 12:04:30.257 D/AccessibilityManagerService( 4568): readAccessibilityDirectAccessSettingLocked currentTargets : [] targetsFromSetting : []
04-21 12:04:30.259 W/System  ( 4568): A resource failed to call close. 
04-21 12:04:30.259 D/SettingsProvider( 4568): isChangeAllowed() : name = accessibility_enabled
04-21 12:04:30.259 D/AccessibilityManagerService( 4568): currentTargets : [] lastSize : 0
04-21 12:04:30.260 W/System  ( 4568): A resource failed to call end. 
04-21 12:04:30.276 D/SEP_UNION_SemDeviceInfoManagerService( 4568): Same PendingIntent is in com.samsung.android.app.routines 
04-21 12:04:30.276 D/CarrierSvcBindHelper( 4855): No carrier app for: 1
04-21 12:04:30.277 I/VvmPkgInstalledRcvr( 4855): onReceive() : action android.intent.action.PACKAGE_ADDED packageName :com.example.nativesmokeapp.dev
04-21 12:04:30.278 I/Telecom:SamsungTelecomServiceImpl( 4568): getCallCapablePhoneAccounts - includeDisabledAccounts : false / callingPackage : com.android.phone
04-21 12:04:30.280 D/ActivityManager( 4568): Parallel Broadcast is delayed BroadcastRecord{e2887ad u0 android.intent.action.PACKAGE_REPLACED}
04-21 12:04:30.280 D/ActivityManager( 4568): Ordered Broadcast is delayed BroadcastRecord{d66aae2 u0 android.intent.action.PACKAGE_REPLACED}
04-21 12:04:30.280 W/ActivityManager( 4568): Slow operation: 114ms so far, now at startProcess: asking zygote to start proc
04-21 12:04:30.281 D/CompatibilityChangeReporter( 4568): Compat change id reported: 143937733; UID 10401; state: ENABLED
04-21 12:04:30.281 V/BackupManagerConstants( 4568): getFullBackupIntervalMilliseconds(...) returns 86400000
04-21 12:04:30.281 V/BackupManagerConstants( 4568): getFullBackupRequiredNetworkType(...) returns 2
04-21 12:04:30.281 V/BackupManagerConstants( 4568): getFullBackupRequireCharging(...) returns true
04-21 12:04:30.283 D/SEP_UNION_SemDeviceInfoManagerService( 4568): Same PendingIntent is in com.samsung.android.app.routines 
04-21 12:04:30.284 W/ActivityManager( 4568): Slow operation: 118ms so far, now at startProcess: returned from zygote!
04-21 12:04:30.285 D/SEP_UNION_SemDeviceInfoManagerService( 4568): Same PendingIntent is in com.samsung.android.app.routines 
04-21 12:04:30.285 D/SEP_UNION_SemDeviceInfoManagerService( 4568): Same PendingIntent is in com.samsung.android.app.routines 
04-21 12:04:30.285 D/SEP_UNION_SemDeviceInfoManagerService( 4568): Same PendingIntent is in com.samsung.android.app.routines 
04-21 12:04:30.285 D/SEP_UNION_SemDeviceInfoManagerService( 4568): Same PendingIntent is in com.samsung.android.app.routines 
04-21 12:04:30.286 D/SEP_UNION_SemDeviceInfoManagerService( 4568): registerPendingIntentInternal() action = android.intent.action.DATE_CHANGED, callingPackage = com.samsung.android.app.routines, userId = 0, flag = 0, conditions = null 
04-21 12:04:30.286 D/SEP_UNION_SemDeviceInfoManagerService( 4568): Same PendingIntent is in com.samsung.android.app.routines 
04-21 12:04:30.286 D/SEP_UNION_SemDeviceInfoManagerService( 4568): registerPendingIntentInternal() action = android.intent.action.PACKAGE_DATA_CLEARED, callingPackage = com.samsung.android.app.routines, userId = 0, flag = 0, conditions = null 
04-21 12:04:30.286 W/ActivityManager( 4568): Slow operation: 120ms so far, now at startProcess: done updating battery stats
04-21 12:04:30.286 W/ActivityManager( 4568): Slow operation: 120ms so far, now at startProcess: building log message
04-21 12:04:30.286 I/ActivityManager( 4568): Start proc 23243:com.example.nativesmokeapp.dev/u0a401 for top-activity {com.example.nativesmokeapp.dev/com.example.native_smoke_app.MainActivity}
04-21 12:04:30.286 W/ActivityManager( 4568): Slow operation: 120ms so far, now at startProcess: starting to update pids map
04-21 12:04:30.287 D/SEP_UNION_SemDeviceInfoManagerService( 4568): Same PendingIntent is in com.samsung.android.app.routines 
04-21 12:04:30.287 D/SEP_UNION_SemDeviceInfoManagerService( 4568): registerPendingIntentInternal() action = com.samsung.android.theme.themecenter.THEME_APPLY, callingPackage = com.samsung.android.app.routines, userId = 0, flag = 0, conditions = null 
04-21 12:04:30.287 W/ActivityManager( 4568): Slow operation: 121ms so far, now at startProcess: done updating pids map
04-21 12:04:30.287 D/SEP_UNION_SemDeviceInfoManagerService( 4568): Same PendingIntent is in com.samsung.android.app.routines 
04-21 12:04:30.288 D/SamsungAlarmManager( 4568): setInexact (T:3/F:0/AC:false) 20360418T120430 now=175841432 - CU:10094/CP:18048/OP:PendingIntent{672f1a9: PendingIntentRecord{648932e com.google.android.gms/com.google.android.gms.container startService}}
04-21 12:04:30.288 I/SamsungAlarmManager( 4568): setLocked to kernel - T:2 / 20260421T122008, set=176779575, now=175841432
04-21 12:04:30.288 I/SamsungAlarmManager( 4568): setLocked to kernel - T:3 / 20260421T120430, set=175841717, now=175841433
04-21 12:04:30.304 D/ActivityManager( 4568): Ordered Broadcast is delayed BroadcastRecord{94eb43a u0 android.intent.action.MY_PACKAGE_REPLACED}
04-21 12:04:30.307 W/Looper  ( 4568): Slow dispatch took 197ms PackageManagerHandlerThread h=android.os.Handler c=<recycled PooledLambda@e95d8c7> m=0
04-21 12:04:30.307 I/PermissionControllerServiceImpl(26828): Updating user sensitive for uid 10401
04-21 12:04:30.317 I/ivesmokeapp.de(23243): Late-enabling -Xcheck:jni
04-21 12:04:30.317 D/ImsResolver( 4855): maybeAddedImsService, packageName: com.example.nativesmokeapp.dev
04-21 12:04:30.323 I/id.bbc.bbcagen(28353): The ClassLoaderContext is a special shared library.
04-21 12:04:30.325 D/AccessibilityManagerService( 4568): currentTargets : [] targetsFromSetting : []
04-21 12:04:30.325 D/AccessibilityManagerService( 4568): componentId : null userState.getTargetAssignedToAccessibilityButton() : null
04-21 12:04:30.325 I/AccessibilityManagerService( 4568): readMagnifierWindowEnabledSettingLocked: magniferWindowEnabled false, userState.mIsMagnifierWindowEnabled false
04-21 12:04:30.326 D/AccessibilityManagerService( 4568): readAccessibilityDirectAccessSettingLocked currentTargets : [] targetsFromSetting : []
04-21 12:04:30.327 D/SettingsProvider( 4568): isChangeAllowed() : name = accessibility_enabled
04-21 12:04:30.329 W/Looper  ( 4568): Slow delivery took 262ms main h=android.app.ActivityThread$H c=android.app.-$$Lambda$LoadedApk$ReceiverDispatcher$Args$_BumDX2UKsnxLVrE6UJsJZkotuA@e3bf790 m=0
04-21 12:04:30.331 D/AccessibilityManagerService( 4568): currentTargets : [] lastSize : 0
04-21 12:04:30.336 I/Searchables( 4568): Start of updateSearchableList
04-21 12:04:30.345 I/ndroid.keychai(28280): The ClassLoaderContext is a special shared library.
04-21 12:04:30.355 I/Searchables( 4568): try to find metadata, c = 79
04-21 12:04:30.361 W/Looper  ( 4568): Drained
04-21 12:04:30.361 V/BackupManagerConstants( 4568): getFullBackupIntervalMilliseconds(...) returns 86400000
04-21 12:04:30.361 V/BackupManagerConstants( 4568): getKeyValueBackupIntervalMilliseconds(...) returns 43200000
04-21 12:04:30.361 I/BackupManagerService( 4568): [UserID:0] Beginning scheduled full backup operation
04-21 12:04:30.361 I/BackupManagerService( 4568): [UserID:0] Full backup requested but dataset not yet initialized
04-21 12:04:30.361 I/BackupManagerService( 4568): [UserID:0] Nothing pending full backup; rescheduling +43200000
04-21 12:04:30.361 V/BackupManagerConstants( 4568): getFullBackupRequiredNetworkType(...) returns 2
04-21 12:04:30.362 V/BackupManagerConstants( 4568): getFullBackupRequireCharging(...) returns true
04-21 12:04:30.367 D/FastTrack( 4568): setFastTrackState: pid = 9700 ;tid= 9700 ;value= 0
04-21 12:04:30.367 D/FastTrack( 4568): setFastTrackState: pid = 9700 ;tid= 20349 ;value= 0
04-21 12:04:30.370 I/ivesmokeapp.de(23243): Unquickening 22 vdex files!
04-21 12:04:30.370 D/SehCodecSolutionService( 4568): Update top [com.example.nativesmokeapp.dev]
04-21 12:04:30.375 I/Finsky  (32384): [7544] SCH: Received scheduling request: Id: 12-1, Constraints: [{ L: 15000, D: 86400000, C: CHARGING_NONE, I: IDLE_NONE, N: NET_ANY, B: BATTERY_ANY }]
04-21 12:04:30.379 I/Fitness (15042): (REDACTED) FitCleanupIntentOperation received Intent %s
04-21 12:04:30.379 E/Finsky  (32384): [7076] [Counters] attempted to use a non-positive increment for: 4753
04-21 12:04:30.380 I/adbd    ( 6042): jdwp connection from 23243
04-21 12:04:30.384 W/Looper  ( 4568): Slow delivery took 367ms PackageManagerHandlerThread h=android.os.Handler c=<recycled PooledLambda@7dc1dee> m=0
04-21 12:04:30.390 I/RoutineDebug[3.1.17.8]: RoutineService(26876): onQueueEmpty: stop
04-21 12:04:30.390 D/ActivityThread(23243): setConscryptValidator
04-21 12:04:30.390 I/RoutineDebug[3.1.17.8]: SettingsWrapper(26876): ultraPowerSavingMode: -1
04-21 12:04:30.391 I/RoutineDebug[3.1.17.8]: RoutineContentProvider(26876): call method=updateRoutineHistory
04-21 12:04:30.391 D/ActivityThread(23243): setConscryptValidator - put
04-21 12:04:30.395 I/ActivityManager( 4568): DSS OFF for com.example.nativesmokeapp.dev
04-21 12:04:30.398 I/RoutineDebug[3.1.17.8]: RoutineJobService(26876): onCreate
04-21 12:04:30.398 D/ActivityManager( 4568): attachApplicationLocked() app=ProcessRecord{b08ee5e 23243:com.example.nativesmokeapp.dev/u0a401} app.isolatedEntryPoint=null instr2=null
04-21 12:04:30.400 V/WindowManager( 4568): rotationForOrientation(orient=SCREEN_ORIENTATION_NOSENSOR (5), last=ROTATION_0 (0)); user=ROTATION_0 (0) 
04-21 12:04:30.400 D/WindowManager( 4568): rotationForOrientation, orientationSource=Window{bea0f40 u0 NotificationShade}
04-21 12:04:30.400 V/WindowManager( 4568): Computed rotation=ROTATION_0 (0) for display id=0 based on lastOrientation=SCREEN_ORIENTATION_NOSENSOR (5) and oldRotation=ROTATION_0 (0), caller=com.android.server.wm.DisplayRotation.updateOrientation:394 com.android.server.wm.DisplayContent.updateOrientation:1698 com.android.server.wm.DisplayContent.updateOrientation:1626 com.android.server.wm.RootWindowContainer.ensureVisibilityAndConfig:2166 com.android.server.wm.ActivityStackSupervisor.realStartActivityLocked:932 com.android.server.wm.RootWindowContainer.startActivityForAttachedApplicationIfNeeded:2340 
04-21 12:04:30.401 D/TspStateManager( 4568): updateCustomValue customSetting=
04-21 12:04:30.401 D/TspStateManager( 4568): updateCustomValue customSetting=
04-21 12:04:30.401 I/Finsky:background(27221): [8799] Wrote row to frosting DB: 4616
04-21 12:04:30.402 D/PkgDataHelper( 4568): notifyAppCreate(), pkgName: com.example.nativesmokeapp.dev, sendRet: true
04-21 12:04:30.402 D/GameManagerService( 4568): onLooperPrepared(), msg: MSG_APP_CREATE, pkgName: com.example.nativesmokeapp.dev
04-21 12:04:30.402 D/InputDispatcher( 4568): Focused application set to (0): 3dbbdae
04-21 12:04:30.403 D/GameManagerService( 4568): TaskStackListener.onTaskFocusChanged(), taskId=1317, focused=true
04-21 12:04:30.404 D/GameManagerService( 4568): onLooperPrepared(), msg: MSG_TASK_FOCUSED, focusedComponent: ComponentInfo{com.example.nativesmokeapp.dev/com.example.native_smoke_app.MainActivity}
04-21 12:04:30.404 D/GameManagerService( 4568): handleTaskFocused().
04-21 12:04:30.404 D/GameManagerService( 4568):   handleTaskFocused(), pkgName: com.example.nativesmokeapp.dev, clsName: com.example.native_smoke_app.MainActivity, userID:0
04-21 12:04:30.404 D/GameManagerService( 4568): handleResume().
04-21 12:04:30.404 D/GameManagerService( 4568):   handleResume(). display is turned off. ignore
04-21 12:04:30.407 D/ActivityTaskManager( 4568): finishFixedRotationTransform, r=ActivityRecord{3dbbdae u0 com.example.nativesmokeapp.dev/com.example.native_smoke_app.MainActivity t1317}, caller=com.android.server.wm.WindowToken.finishFixedRotationTransform:664 com.android.server.wm.DisplayContent$FixedRotationTransitionListener.onAppTransitionFinishedLocked:7025 com.android.server.wm.AppTransition.notifyAppTransitionFinishedLocked:552 com.android.server.wm.ActivityRecord.onAnimationFinished:7164 com.android.server.wm.ActivityRecord.postApplyAnimation:5013 
04-21 12:04:30.407 D/MARsPolicyManager( 4568): onPackageResumedFG pkgName = com.example.nativesmokeapp.dev, userId = 0
04-21 12:04:30.409 D/ActivityTaskManager( 4568): finishFixedRotationTransform, r=ActivityRecord{3dbbdae u0 com.example.nativesmokeapp.dev/com.example.native_smoke_app.MainActivity t1317}, caller=com.android.server.wm.WindowToken.finishFixedRotationTransform:664 com.android.server.wm.DisplayContent$FixedRotationTransitionListener.onAppTransitionFinishedLocked:7025 com.android.server.wm.AppTransition.notifyAppTransitionFinishedLocked:552 com.android.server.wm.ActivityRecord.onAnimationFinished:7164 com.android.server.wm.ActivityRecord.postApplyAnimation:5013 
04-21 12:04:30.412 W/WindowManager( 4568): Execute app transition: mNextAppTransition=TRANSIT_TASK_OPEN, displayId: 0 Callers=com.android.server.wm.RootWindowContainer.executeAppTransitionForAllDisplay:2621 com.android.server.wm.ActivityStackSupervisor.reportResumedActivityLocked:2274 com.android.server.wm.ActivityRecord.completeResumeLocked:5710 com.android.server.wm.ActivityStack.minimalResumeActivityLocked:1225 com.android.server.wm.ActivityStackSupervisor.realStartActivityLocked:1160 
04-21 12:04:30.414 V/ActivityManager( 4568): Changed top to 10401,ProcessRecord{b08ee5e 23243:com.example.nativesmokeapp.dev/u0a401}
04-21 12:04:30.417 W/SearchableInfo( 4568): Invalid searchable metadata for com.samsung.android.messaging/.ui.view.recipientspicker.PickerActivity: Search label must be a resource reference.
04-21 12:04:30.418 W/ActivityThread(28317): Slow operation: 215ms so far, now at handleBindApplication: After mResourcesManager
04-21 12:04:30.418 W/ActivityThread(28317): Slow operation: 216ms so far, now at handleBindApplication: Before initStrictMode
04-21 12:04:30.421 D/FastTrack( 4568): setFastTrackState: pid = 23243 ;tid= 23243 ;value= 1
04-21 12:04:30.423 D/GameManagerService( 4568): noteResumeComponent(), received resumed-component: com.example.nativesmokeapp.dev
04-21 12:04:30.424 D/GameManagerService( 4568): onLooperPrepared(), msg: MSG_APP_RESUME, resumeComponent: ComponentInfo{com.example.nativesmokeapp.dev/com.example.native_smoke_app.MainActivity}
04-21 12:04:30.424 D/GameManagerService( 4568): handleResume().
04-21 12:04:30.424 D/GameManagerService( 4568):   handleResume(). display is turned off. ignore
04-21 12:04:30.424 I/CocktailBarManagerServiceContainer( 4568): handleMessage: entry what = 5
04-21 12:04:30.424 I/BSS_SysUiManager(22456): handleMessage = 9, 4, 1317
04-21 12:04:30.424 D/ActivityThread(23243): handleBindApplication()++ app=com.example.nativesmokeapp.dev
04-21 12:04:30.424 D/SehCodecSolutionService( 4568): Update top [com.example.nativesmokeapp.dev]
04-21 12:04:30.425 D/SSRM:LoadDetectMonitor( 4568): PID = 23243, UID = 10401
04-21 12:04:30.426 I/GameSDK@LifeCycle( 4568): noteResumeComponent(): package name  : com.example.nativesmokeapp.dev
04-21 12:04:30.430 I/RoutineDebug[3.1.17.8]: RoutineJobService(26876): onStartJob: 4096
04-21 12:04:30.437 I/RoutineDebug[3.1.17.8]: CoreUtil(26876): lastest : 3.1.17.8, currentVersion : 3.1.17.8
04-21 12:04:30.437 I/RoutineDebug[3.1.17.8]: RoutineJobService(26876): packageName : com.example.nativesmokeapp.dev, forced : true
04-21 12:04:30.447 W/ActivityThread(28317): Slow operation: 245ms so far, now at handleBindApplication: After initStrictMode
04-21 12:04:30.448 W/ActivityThread(28317): Slow operation: 245ms so far, now at handleBindApplication: Before HardwareRenderer
04-21 12:04:30.448 W/ActivityThread(28317): Slow operation: 246ms so far, now at handleBindApplication: After HardwareRenderer
04-21 12:04:30.454 I/AppBackupStateCleanupIO(18048): Backup state cleanup on uninstall is disabled. [CONTEXT service_id=229 ]
04-21 12:04:30.461 I/PackageInstalledIntentO(18048): Test flag v2 is disabled [CONTEXT service_id=469 ]
04-21 12:04:30.465 I/RoutineDebug[3.1.17.8]: RoutineMetaDataLoader(26876): collect: com.example.nativesmokeapp.dev
04-21 12:04:30.480 I/RoutineDebug[3.1.17.8]: RoutineMetaDataLoader(26876): collectCondition commandTriggers=0
04-21 12:04:30.480 I/RoutineDebug[3.1.17.8]: RoutineMetaDataLoader(26876): collectCondition routineCondition=[]
04-21 12:04:30.482 I/io_stats( 4041): !@   8,0 r 1133471 40648956 w 530265 17963864 d 96300 107131576 f 157814 239582 iot 762560 593664 th 51200 51200 40028 pt 152 inp 0 0 54717.819
04-21 12:04:30.487 I/RoutineDebug[3.1.17.8]: ContentSetter(26876): deleteUselessActionAndCondition: delete routine. id=[]
04-21 12:04:30.497 I/RoutineDebug[3.1.17.8]: RoutineMetaDataLoader(26876): collectAction commandActions=0
04-21 12:04:30.498 I/RoutineDebug[3.1.17.8]: RoutineMetaDataLoader(26876): collectAction rawActions=0
04-21 12:04:30.511 D/LoadedApk(28280): LoadedApk::makeApplication() appContext=android.app.ContextImpl@23ebfcd appContext.mOpPackageName=com.android.keychain appContext.mBasePackageName=com.android.keychain appContext.mPackageInfo=android.app.LoadedApk@8b65082
04-21 12:04:30.511 D/NetworkSecurityConfig(28280): No Network Security Config specified, using platform default
04-21 12:04:30.522 I/RoutineDebug[3.1.17.8]: ContentSetter(26876): deleteUselessActionAndCondition: delete routine. id=[]
04-21 12:04:30.522 I/RoutineDebug[3.1.17.8]: RoutineMetaDataLoader(26876): convertConflictActions : empty
04-21 12:04:30.522 I/System.out(32384): (HTTPLog)-Static: isSBSettingEnabled false
04-21 12:04:30.522 I/System.out(32384): (HTTPLog)-Static: isSBSettingEnabled false
04-21 12:04:30.523 I/Searchables( 4568): End of updateSearchableList
04-21 12:04:30.523 I/RoutineDebug[3.1.17.8]: Pref(26876): removeSharedPrefsData() key=meta_loading_target_package_name
04-21 12:04:30.524 E/Netd    ( 4129): getNetworkForDns: getNetId from enterpriseCtrl is netid 0
04-21 12:04:30.526 I/Searchables( 4568): Start of updateSearchableList
04-21 12:04:30.537 I/RoutineDebug[3.1.17.8]: RoutineBroadcastReceiver(26876): onReceive: com.samsung.android.app.routines.intent.ACTION_METADATA_LOADING_COMPLETE
04-21 12:04:30.539 I/Searchables( 4568): try to find metadata, c = 79
04-21 12:04:30.541 I/RoutineDebug[3.1.17.8]: Pref(26876): putSharedPrefsData() key=routine_meta_data_loading_statue
04-21 12:04:30.544 I/RoutineDebug[3.1.17.8]: NotificationUpdateServiceUtils(26876): requestUpdateNotification
04-21 12:04:30.551 I/RoutineDebug[3.1.17.8]: DatabaseJobIntentService(26876): Stop no more task
04-21 12:04:30.552 I/RoutineDebug[3.1.17.8]: RoutineJobService(26876): internalJobFinish: 4096
04-21 12:04:30.559 I/RoutineDebug[3.1.17.8]: RoutineJobService(26876): onDestroy
04-21 12:04:30.559 D/MdnieScenarioControlService( 4568):  packageName : com.example.nativesmokeapp.dev    className : com.example.native_smoke_app.MainActivity
04-21 12:04:30.560 V/MdnieScenarioControlService( 4568): setUIMode from UI function(3)
04-21 12:04:30.569 W/SearchableInfo( 4568): Invalid searchable metadata for com.samsung.android.messaging/.ui.view.recipientspicker.PickerActivity: Search label must be a resource reference.
04-21 12:04:30.572 D/SamsungAlarmManager( 4568): Expired : 8
04-21 12:04:30.572 I/SamsungAlarmManager( 4568): setLocked to kernel - T:2 / 20260421T122008, set=176779575, now=175841717
04-21 12:04:30.572 I/SamsungAlarmManager( 4568): setLocked to kernel - T:3 / 20260421T120547, set=175918595, now=175841717
04-21 12:04:30.576 E/statsd  ( 4128): Predicate -7037417284711607308 dropping data for dimension key (10)0x2010101->10401[I] (10)0x30000->Icing[S] 
04-21 12:04:30.576 E/statsd  ( 4128): Predicate 5980654721335871649 dropping data for dimension key (10)0x2010101->10401[I] (10)0x30000->Icing[S] 
04-21 12:04:30.578 D/NetworkSecurityConfig(28280): No Network Security Config specified, using platform default
04-21 12:04:30.578 D/ActivityThread(28280): handleBindApplication() -- skipGraphicsSupport=false
04-21 12:04:30.583 E/statsd  ( 4128): Predicate -7037417284711607308 dropping data for dimension key (10)0x2010101->10401[I] (10)0x30000->Icing[S] 
04-21 12:04:30.583 E/statsd  ( 4128): Predicate 5980654721335871649 dropping data for dimension key (10)0x2010101->10401[I] (10)0x30000->Icing[S] 
04-21 12:04:30.592 I/RoutineDebug[3.1.17.8]: CoreUtil(27122): lastest : 3.1.17.8, currentVersion : 3.1.17.8
04-21 12:04:30.616 D/EdgeLightingReceiver(27053): com.samsung.android.app.edgelighting.PACKAGE_REMOVED com.example.nativesmokeapp.dev
04-21 12:04:30.617 D/EdgeLightingSettingManager(27053): removeSilentInstalledPackage : on, packageName = com.example.nativesmokeapp.dev AllApplication = true
04-21 12:04:30.619 D/SettingsProvider( 4568): isChangeAllowed() : name = edge_lighting_recommend_app_list
04-21 12:04:30.619 D/SettingsProvider( 4568): edmUri: content://com.sec.knox.provider/RestrictionPolicy3
