04-21 12:04:50.220 I/bauth_FPBAuthService( 4326): pcf : 0x1012, 0 ,1 ,0 ,0 ,0 ,0, 5.1.0.0
04-21 12:04:50.220 I/bauth_FPBAuthService( 4326): thread id : 1, preenroll_flag : 0, nd cnt : 0, cso : 0, et : 0
04-21 12:04:50.220 I/bauth_FPBAuthService( 4326): FPBAuthService, 11607
04-21 12:04:50.510 I/io_stats( 4041): !@   8,0 r 1134003 40661668 w 530969 18073824 d 96363 107235300 f 157921 239746 iot 763524 594555 th 51200 51200 40028 pt 152 inp 0 0 54737.847
04-21 12:04:51.116 I/SurfaceFlinger( 4212): SFWD update time=54738453180848
04-21 12:04:51.221 I/bauth_FPBAuthService( 4326): pcf : 0x1012, 0 ,1 ,0 ,0 ,0 ,0, 5.1.0.0
04-21 12:04:51.221 I/bauth_FPBAuthService( 4326): thread id : 1, preenroll_flag : 0, nd cnt : 0, cso : 0, et : 0
04-21 12:04:51.221 I/bauth_FPBAuthService( 4326): FPBAuthService, 11607
04-21 12:04:52.221 I/bauth_FPBAuthService( 4326): pcf : 0x1012, 0 ,1 ,0 ,0 ,0 ,0, 5.1.0.0
04-21 12:04:52.221 I/bauth_FPBAuthService( 4326): thread id : 1, preenroll_flag : 0, nd cnt : 0, cso : 0, et : 0
04-21 12:04:52.221 I/bauth_FPBAuthService( 4326): FPBAuthService, 11607
04-21 12:04:52.513 I/io_stats( 4041): !@   8,0 r 1134003 40661668 w 531032 18074132 d 96363 107235300 f 157921 239746 iot 763524 594557 th 51200 51200 40028 pt 152 inp 0 0 54739.850
04-21 12:04:53.222 I/bauth_FPBAuthService( 4326): pcf : 0x1012, 0 ,1 ,0 ,0 ,0 ,0, 5.1.0.0
04-21 12:04:53.222 I/bauth_FPBAuthService( 4326): thread id : 1, preenroll_flag : 0, nd cnt : 0, cso : 0, et : 0
04-21 12:04:53.222 I/bauth_FPBAuthService( 4326): FPBAuthService, 11607
04-21 12:04:54.222 I/bauth_FPBAuthService( 4326): pcf : 0x1012, 0 ,1 ,0 ,0 ,0 ,0, 5.1.0.0
04-21 12:04:54.222 I/bauth_FPBAuthService( 4326): thread id : 1, preenroll_flag : 0, nd cnt : 0, cso : 0, et : 0
04-21 12:04:54.222 I/bauth_FPBAuthService( 4326): FPBAuthService, 11607
04-21 12:04:54.417 V/NetworkPolicy( 4568): updateNotificationsNL() - totalBytes : 0, policy : NetworkPolicy{template=NetworkTemplate: matchRule=MOBILE, subscriberId=452090..., matchSubscriberIds=[452090...] cycleRule=RecurrenceRule{start=2025-01-01T00:00+07:00[Asia/Ho_Chi_Minh] end=null period=P1M} warningBytes=2000000000 limitBytes=-1 lastWarningSnooze=-1 lastLimitSnooze=-1 lastRapidSnooze=-1 metered=true inferred=true}, CallingUID: 1000
04-21 12:04:54.553 V/NetworkPolicy( 4568): updateNotificationsNL() - totalBytes : 0, policy : NetworkPolicy{template=NetworkTemplate: matchRule=MOBILE, subscriberId=452090..., matchSubscriberIds=[452090...] cycleRule=RecurrenceRule{start=2025-01-01T00:00+07:00[Asia/Ho_Chi_Minh] end=null period=P1M} warningBytes=2000000000 limitBytes=-1 lastWarningSnooze=-1 lastLimitSnooze=-1 lastRapidSnooze=-1 metered=true inferred=true}, CallingUID: 1000
04-21 12:04:55.159 D/BoundBrokerSvc(15042): onUnbind: Intent { act=com.google.android.gms.libs.gmscorelogger.service.START dat=chimera-action: cmp=com.google.android.gms/.chimera.PersistentDirectBootAwareApiService }
04-21 12:04:55.222 I/bauth_FPBAuthService( 4326): pcf : 0x1012, 0 ,1 ,0 ,0 ,0 ,0, 5.1.0.0
04-21 12:04:55.223 I/bauth_FPBAuthService( 4326): thread id : 1, preenroll_flag : 0, nd cnt : 0, cso : 0, et : 0
04-21 12:04:55.223 I/bauth_FPBAuthService( 4326): FPBAuthService, 11607
04-21 12:04:56.116 I/SurfaceFlinger( 4212): SFWD update time=54743453551075
04-21 12:04:56.223 I/bauth_FPBAuthService( 4326): pcf : 0x1012, 0 ,1 ,0 ,0 ,0 ,0, 5.1.0.0
04-21 12:04:56.223 I/bauth_FPBAuthService( 4326): thread id : 1, preenroll_flag : 0, nd cnt : 0, cso : 0, et : 0
04-21 12:04:56.223 I/bauth_FPBAuthService( 4326): FPBAuthService, 11607
04-21 12:04:56.518 I/io_stats( 4041): !@   8,0 r 1134003 40661668 w 531033 18074152 d 96363 107235300 f 157922 239748 iot 763524 594558 th 51200 51200 40028 pt 152 inp 0 0 54743.855
04-21 12:04:57.223 I/bauth_FPBAuthService( 4326): pcf : 0x1012, 0 ,1 ,0 ,0 ,0 ,0, 5.1.0.0
04-21 12:04:57.223 I/bauth_FPBAuthService( 4326): thread id : 1, preenroll_flag : 0, nd cnt : 0, cso : 0, et : 0
04-21 12:04:57.223 I/bauth_FPBAuthService( 4326): FPBAuthService, 11607
04-21 12:04:57.859 I/wpa_supplicant( 4834): Heartbeat 5482
04-21 12:04:58.224 I/bauth_FPBAuthService( 4326): pcf : 0x1012, 0 ,1 ,0 ,0 ,0 ,0, 5.1.0.0
04-21 12:04:58.224 I/bauth_FPBAuthService( 4326): thread id : 1, preenroll_flag : 0, nd cnt : 0, cso : 0, et : 0
04-21 12:04:58.224 I/bauth_FPBAuthService( 4326): FPBAuthService, 11607
04-21 12:04:58.756 I/wpa_supplicant( 4834): RRM: Ignoring radio measurement request: Not RRM network
04-21 12:04:59.224 I/bauth_FPBAuthService( 4326): pcf : 0x1012, 0 ,1 ,0 ,0 ,0 ,0, 5.1.0.0
04-21 12:04:59.224 I/bauth_FPBAuthService( 4326): thread id : 1, preenroll_flag : 0, nd cnt : 0, cso : 0, et : 0
04-21 12:04:59.224 I/bauth_FPBAuthService( 4326): FPBAuthService, 11607
04-21 12:04:59.770 I/flutter (23243): [observability] {"ts":"2026-04-21T05:04:59.761359Z","kind":"log","name":"app.bootstrap","state_or_level":"info","source":"generated_app","run_id":"run-hhsypm3qo0","session_id":"session-hhsypm3wht","trace_id":"trace-hhsypm3wjx","span_id":"span-hhsypm3wl4","started_at":"2026-04-21T05:04:47.759272Z","attrs":{"screen":"home"}}
04-21 12:04:59.866 I/ContactsProvider_EventLog(31004): contents_sample_state: [CONTACT contacts(0) data(0) accounts({}) accounts deleted({}) in_trash(in_trash(0), in_trash_for_sync(0)) calls([]) countryIso(VN) userId(0)  ]
04-21 12:04:59.866 I/ContactsProvider_EventLog(31004): contents_sample_state: [ agr({})  ]
04-21 12:04:59.866 I/ContactsProvider_EventLog(31004): contents_sample_state: [ actCnt({android.process.acore(31004)=1})  ]
04-21 12:04:59.866 I/ContactsProvider_EventLog(31004): contents_sample_state: [PROFILE contacts(0) data(0) accounts({})  ] [SAPROFILE contacts(1) data(1) accounts({vnd.sec.contact.phone (1)=1})  ]
04-21 12:04:59.866 I/ContactsProvider_EventLog(31004): contents_sample_state: [STORAGE Contacts(CE) Profile(CE) SAProfile(CE) CallLog(CE)  ]
04-21 12:04:59.895 I/AppOps  ( 4568): updateUidProcState uid: 1000 procState: 0 capability:7
04-21 12:04:59.895 W/ProcessStats( 4568): Tracking association SourceState{47f38b4 com.example.nativesmokeapp.dev/10401 Top #155712} whose proc state 1 is better than process ProcessState{cc2b64e com.google.android.gms.persistent/10094 pkg=com.google.android.gms} proc state 2 (22 skipped)
04-21 12:04:59.896 D/PowerManagerService( 4568): [api] setDeviceIdleTempWhitelist: appids:  (uid: 1000 pid: 4568)
04-21 12:05:00.225 I/bauth_FPBAuthService( 4326): pcf : 0x1012, 0 ,1 ,0 ,0 ,0 ,0, 5.1.0.0
04-21 12:05:00.225 I/bauth_FPBAuthService( 4326): thread id : 1, preenroll_flag : 0, nd cnt : 0, cso : 0, et : 0
04-21 12:05:00.225 I/bauth_FPBAuthService( 4326): FPBAuthService, 11607
04-21 12:05:00.523 I/io_stats( 4041): !@   8,0 r 1134003 40661668 w 531040 18074232 d 96363 107235300 f 157923 239750 iot 763528 594561 th 51200 51200 40028 pt 152 inp 0 0 54747.860
04-21 12:05:01.118 I/SurfaceFlinger( 4212): SFWD update time=54748455300494
04-21 12:05:01.225 I/bauth_FPBAuthService( 4326): pcf : 0x1012, 0 ,1 ,0 ,0 ,0 ,0, 5.1.0.0
04-21 12:05:01.225 I/bauth_FPBAuthService( 4326): thread id : 1, preenroll_flag : 0, nd cnt : 0, cso : 0, et : 0
04-21 12:05:01.225 I/bauth_FPBAuthService( 4326): FPBAuthService, 11607
04-21 12:05:02.226 I/bauth_FPBAuthService( 4326): pcf : 0x1012, 0 ,1 ,0 ,0 ,0 ,0, 5.1.0.0
04-21 12:05:02.226 I/bauth_FPBAuthService( 4326): thread id : 1, preenroll_flag : 0, nd cnt : 0, cso : 0, et : 0
04-21 12:05:02.226 I/bauth_FPBAuthService( 4326): FPBAuthService, 11607
04-21 12:05:03.226 I/bauth_FPBAuthService( 4326): pcf : 0x1012, 0 ,1 ,0 ,0 ,0 ,0, 5.1.0.0
04-21 12:05:03.226 I/bauth_FPBAuthService( 4326): thread id : 1, preenroll_flag : 0, nd cnt : 0, cso : 0, et : 0
04-21 12:05:03.226 I/bauth_FPBAuthService( 4326): FPBAuthService, 11607
04-21 12:05:03.723 E/Watchdog( 4568): !@Sync: 1823 heap: 66 / 84 [2026-04-21 12:05:03.723] sdogWay: softdog FD: 777
04-21 12:05:03.821 I/FA      (23243): Application backgrounded at: timestamp_millis: 1776747888990
04-21 12:05:03.874 W/FA      (23243): Failed to retrieve Firebase Instance Id
04-21 12:05:03.887 E/FA-SVC  (18048): Missing google_app_id. Firebase Analytics disabled. See https://goo.gl/NAOOOI
04-21 12:05:04.008 D/ProfileInstaller(23243): Installing profile for com.example.nativesmokeapp.dev
04-21 12:05:04.227 I/bauth_FPBAuthService( 4326): pcf : 0x1012, 0 ,1 ,0 ,0 ,0 ,0, 5.1.0.0
04-21 12:05:04.227 I/bauth_FPBAuthService( 4326): thread id : 1, preenroll_flag : 0, nd cnt : 0, cso : 0, et : 0
04-21 12:05:04.227 I/bauth_FPBAuthService( 4326): FPBAuthService, 11607
04-21 12:05:04.533 I/io_stats( 4041): !@   8,0 r 1134006 40661684 w 531056 18074528 d 96366 107235364 f 157928 239758 iot 763536 594570 th 51200 51200 40028 pt 152 inp 0 0 54751.867
04-21 12:05:04.802 V/NetworkPolicy( 4568): updateNotificationsNL() - totalBytes : 0, policy : NetworkPolicy{template=NetworkTemplate: matchRule=MOBILE, subscriberId=452090..., matchSubscriberIds=[452090...] cycleRule=RecurrenceRule{start=2025-01-01T00:00+07:00[Asia/Ho_Chi_Minh] end=null period=P1M} warningBytes=2000000000 limitBytes=-1 lastWarningSnooze=-1 lastLimitSnooze=-1 lastRapidSnooze=-1 metered=true inferred=true}, CallingUID: 1000
04-21 12:05:04.981 V/NetworkPolicy( 4568): updateNotificationsNL() - totalBytes : 0, policy : NetworkPolicy{template=NetworkTemplate: matchRule=MOBILE, subscriberId=452090..., matchSubscriberIds=[452090...] cycleRule=RecurrenceRule{start=2025-01-01T00:00+07:00[Asia/Ho_Chi_Minh] end=null period=P1M} warningBytes=2000000000 limitBytes=-1 lastWarningSnooze=-1 lastLimitSnooze=-1 lastRapidSnooze=-1 metered=true inferred=true}, CallingUID: 1000
04-21 12:05:05.228 I/bauth_FPBAuthService( 4326): pcf : 0x1012, 0 ,1 ,0 ,0 ,0 ,0, 5.1.0.0
04-21 12:05:05.228 I/bauth_FPBAuthService( 4326): thread id : 1, preenroll_flag : 0, nd cnt : 0, cso : 0, et : 0
04-21 12:05:05.228 I/bauth_FPBAuthService( 4326): FPBAuthService, 11607
04-21 12:05:06.118 I/SurfaceFlinger( 4212): SFWD update time=54753454834452
04-21 12:05:06.229 I/bauth_FPBAuthService( 4326): pcf : 0x1012, 0 ,1 ,0 ,0 ,0 ,0, 5.1.0.0
04-21 12:05:06.229 I/bauth_FPBAuthService( 4326): thread id : 1, preenroll_flag : 0, nd cnt : 0, cso : 0, et : 0
04-21 12:05:06.229 I/bauth_FPBAuthService( 4326): FPBAuthService, 11607
04-21 12:05:06.541 I/io_stats( 4041): !@   8,0 r 1134006 40661684 w 531081 18074784 d 96366 107235364 f 157929 239760 iot 763548 594576 th 51200 51200 40028 pt 152 inp 0 0 54753.877
04-21 12:05:07.230 I/bauth_FPBAuthService( 4326): pcf : 0x1012, 0 ,1 ,0 ,0 ,0 ,0, 5.1.0.0
04-21 12:05:07.230 I/bauth_FPBAuthService( 4326): thread id : 1, preenroll_flag : 0, nd cnt : 0, cso : 0, et : 0
04-21 12:05:07.230 I/bauth_FPBAuthService( 4326): FPBAuthService, 11607
04-21 12:05:07.372 D/NetworkController.SecMobileSignalController(1/1)( 4878): onSignalStrengthsChanged level=3
04-21 12:05:07.380 D/NetworkController.SecMobileSignalController(1/1)( 4878): Display signal bar by emergency only[true][true]
04-21 12:05:07.381 D/MobileSignalIconsSelector( 4878): getDataIconGroup(): 0
04-21 12:05:07.863 I/wpa_supplicant( 4834): Heartbeat 5483
04-21 12:05:08.231 I/bauth_FPBAuthService( 4326): pcf : 0x1012, 0 ,1 ,0 ,0 ,0 ,0, 5.1.0.0
04-21 12:05:08.231 I/bauth_FPBAuthService( 4326): thread id : 1, preenroll_flag : 0, nd cnt : 0, cso : 0, et : 0
04-21 12:05:08.231 I/bauth_FPBAuthService( 4326): FPBAuthService, 11607
04-21 12:05:08.639 D/DeviceStorageMonitorService( 4568): check() STORAGE TOTAL > 64G
04-21 12:05:08.644 W/DeviceStorageMonitorService( 4568): updateBroadcasts(/data) oldLevel:0, newLevel:0, seq:1
04-21 12:05:08.646 E/vold    ( 3935): getUsedF2fsFileNode -> Cannot Get Used FileNode Number (errno=25 Inappropriate ioctl for device)
04-21 12:05:08.648 D/DeviceStorageMonitorService( 4568): Cannot get USED FILE NODE NUMBER!!!
04-21 12:05:08.649 D/DeviceStorageMonitorService( 4568): Available File Node Number is [-1]
04-21 12:05:08.649 W/DeviceStorageMonitorService( 4568): updateBroadcasts_filenode(/data) fn_oldLevel:0, fn_newLevel:0, seq:1
04-21 12:05:09.231 I/bauth_FPBAuthService( 4326): pcf : 0x1012, 0 ,1 ,0 ,0 ,0 ,0, 5.1.0.0
04-21 12:05:09.232 I/bauth_FPBAuthService( 4326): thread id : 1, preenroll_flag : 0, nd cnt : 0, cso : 0, et : 0
04-21 12:05:09.232 I/bauth_FPBAuthService( 4326): FPBAuthService, 11607
04-21 12:05:10.232 I/bauth_FPBAuthService( 4326): pcf : 0x1012, 0 ,1 ,0 ,0 ,0 ,0, 5.1.0.0
04-21 12:05:10.232 I/bauth_FPBAuthService( 4326): thread id : 1, preenroll_flag : 0, nd cnt : 0, cso : 0, et : 0
04-21 12:05:10.233 I/bauth_FPBAuthService( 4326): FPBAuthService, 11607
04-21 12:05:10.346 D/SamsungAlarmManager( 4568): setInexact (T:3/F:0/AC:false) 20260421T120526 now=175881490 - CU:1000/CP:4568/L:3545ab1:*job.delay*
04-21 12:05:10.346 I/SamsungAlarmManager( 4568): setLocked to kernel - T:2 / 20260421T122008, set=176779575, now=175881491
04-21 12:05:10.348 I/SamsungAlarmManager( 4568): setLocked to kernel - T:3 / 20260421T120526, set=175897518, now=175881493
04-21 12:05:10.370 W/ProcessStats( 4568): Tracking association SourceState{3ce2fd0 com.google.android.gms/10094 Top #155716} whose proc state 1 is better than process ProcessState{cc2b64e com.google.android.gms.persistent/10094 pkg=com.google.android.gms} proc state 2 (11 skipped)
04-21 12:05:10.401 I/CMHJobService(11720): [#CMH#] onStartJob Called at Apr 21,2026 12:05:10 
04-21 12:05:10.407 I/Finsky  (32384): [2] SCH: job service start with id 9023.
04-21 12:05:10.412 I/ControllerEventHandler(11720): [#CMH#] mIdle changed to : true
04-21 12:05:10.412 I/ControllerEventHandler(11720): [#CMH#] updateDynamicViewCount in 
04-21 12:05:10.421 I/FeatureClassSet(11720): [#CMH#] ActionClassifier FloatingFeature is :  
04-21 12:05:10.421 I/FeatureClassSet(11720): [#CMH#] OCR UNSUPPORT FloatingFeature is :  TRUE
04-21 12:05:10.422 I/FeatureClassSet(11720): [#CMH#] AI Revitalization FloatingFeature is :  
04-21 12:05:10.425 I/ContactsExecutor(11720): [#CMH#] Triggering contacts sync under system idle case 
04-21 12:05:10.427 I/BaseThreadPoolExecutor(11720): [#CMH#] Task com.samsung.cmh.database.ContactsSyncTask@8491d8e is submitted
04-21 12:05:10.427 I/ControllerEventHandler(11720): [#CMH#] misIdle changed in startrequiredServices to: false 
04-21 12:05:10.438 I/Finsky  (32384): [7551] SCH: Satisfied jobs for 9023 are: 12-1
04-21 12:05:10.446 I/Finsky  (32384): [7550] SCH: Job 12-1 starting
04-21 12:05:10.448 I/Finsky  (32384): [2] WM::SCH: Logging work start for 12-1
04-21 12:05:10.448 I/Finsky  (32384): [2] [ContentSync] job started
04-21 12:05:10.487 I/ContactsSyncTask(11720): [#CMH#] No of Row (CP :  0, Max Id : 0) (CMH : 0, Max Id : 0) - Time :56
04-21 12:05:10.506 I/ContactsSyncTask(11720): [#CMH#] CP time stamp :  0, CMH time stamp : 0
04-21 12:05:10.506 I/ContactsSyncTask(11720): [#CMH#] Update ITEM :  0
04-21 12:05:10.506 I/ContactsSyncTask(11720): [#CMH#] Total Sync Time :  75
04-21 12:05:10.506 I/ContactsSyncTask(11720): [#CMH#] End Contacts Sync Task, Trigger contact recommendation task 
04-21 12:05:10.506 I/ServiceManager(11720): [#CMH#] Explicitly binding  FaceService
04-21 12:05:10.512 D/StorageManagerService( 4568): getExternalStorageMountMode: uid=5004 packageName=com.samsung.faceservice
04-21 12:05:10.514 D/CompatibilityChangeReporter( 4568): Compat change id reported: 135634846; UID 5004; state: DISABLED
04-21 12:05:10.515 I/ServiceManager(11720): [#CMH#] After calling bind service for  FaceService
04-21 12:05:10.516 I/BaseThreadPoolExecutor(11720): [#CMH#] afterExecute FutureTask
04-21 12:05:10.519 I/SamsungAlarmManager( 4568): setLocked to kernel - T:2 / 20260421T122008, set=176779575, now=175881663
04-21 12:05:10.519 I/SamsungAlarmManager( 4568): setLocked to kernel - T:3 / 20260421T120526, set=175897518, now=175881663
04-21 12:05:10.519 D/SamsungAlarmManager( 4568): setInexact (T:2/F:0/AC:false) 20260421T121246 now=175881664 - CU:1000/CP:4568/L:290f986:*job.deadline*
04-21 12:05:10.519 I/SamsungAlarmManager( 4568): setLocked to kernel - T:2 / 20260421T121246, set=176337559, now=175881664
04-21 12:05:10.519 I/SamsungAlarmManager( 4568): setLocked to kernel - T:3 / 20260421T120526, set=175897518, now=175881664
04-21 12:05:10.534 D/Zygote  ( 4130): Forked child process 28524
04-21 12:05:10.538 I/ActivityManager( 4568): Start proc 28524:com.samsung.faceservice/5004 for service {com.samsung.faceservice/com.samsung.faceservice.FaceService}
04-21 12:05:10.553 I/io_stats( 4041): !@   8,0 r 1134045 40662908 w 531099 18075124 d 96368 107235480 f 157938 239772 iot 763580 594596 th 51200 51200 40028 pt 152 inp 0 0 54757.890
04-21 12:05:10.559 E/ung.faceservic(28524): Not starting debugger since process cannot load the jdwp agent.
04-21 12:05:10.569 D/ActivityThread(28524): setConscryptValidator
04-21 12:05:10.569 D/ActivityThread(28524): setConscryptValidator - put
04-21 12:05:10.572 I/ActivityManager( 4568): DSS OFF for com.samsung.faceservice
04-21 12:05:10.574 D/ActivityManager( 4568): attachApplicationLocked() app=ProcessRecord{3af9a 28524:com.samsung.faceservice/5004} app.isolatedEntryPoint=null instr2=null
04-21 12:05:10.580 D/ActivityThread(28524): handleBindApplication()++ app=com.samsung.faceservice
04-21 12:05:10.613 I/ung.faceservic(28524): The ClassLoaderContext is a special shared library.
04-21 12:05:10.713 I/FaceService(28524): [FaceService] onBind() called 
04-21 12:05:10.764 I/FaceController(28524): [FaceService] release engines before initialize 
04-21 12:05:10.783 I/SemFaceRecognition(28524): create new instance
04-21 12:05:10.887 I/SAIV_FACE(28524): FC_ENGINE_VERSION : V3
04-21 12:05:10.887 I/SAIV_FACE(28524): File : /data/user/0/com.samsung.faceservice/face/face_data
04-21 12:05:10.887 I/SAIV_FACE(28524): Version File : /data/user/0/com.samsung.faceservice/face/version_face_engine
04-21 12:05:10.897 I/[SCE_3] (28524): [SmartCropping v3.0] native version is 2021-04-20-01
04-21 12:05:10.897 I/[SCE_3] (28524): [SmartCropping v3.0] DB path is /system/saiv/smartcropping_2.0/db
04-21 12:05:10.897 I/[SCE_3] (28524): smart_cropping in srcb_Smartcrop_Init() : 503493032704 & its size is 8
04-21 12:05:10.897 I/[SCE_3] (28524): SmartCropper Handle after srcb_Smartcrop_Init() : 503493032704 & its size is 8
04-21 12:05:10.897 I/[SCE_3] (28524): long bytes num: 8
04-21 12:05:10.897 I/[SCE_3] (28524): jlong bytes num: 8
04-21 12:05:10.903 I/[SCE_3] (28524): filepathname: /system/saiv/smartcropping_2.0/db/smartcrop_saliency_deploy.prototxt
04-21 12:05:10.903 I/[SCE_3] (28524): o_f_d loading start
04-21 12:05:10.904 I/[SCE_3] (28524): o_f_d loading success
04-21 12:05:10.904 I/[SCE_3] (28524): filepathname: /system/saiv/smartcropping_2.0/db/..
04-21 12:05:10.904 I/[SCE_3] (28524): filepathname: /system/saiv/smartcropping_2.0/db/smartcrop_saliency_train
04-21 12:05:10.904 I/[SCE_3] (28524): o_f_t loading start
04-21 12:05:10.947 I/[SCE_3] (28524): o_f_t loading success
04-21 12:05:10.947 I/[SCE_3] (28524): filepathname: /system/saiv/smartcropping_2.0/db/.
04-21 12:05:10.947 I/[SCE_3] (28524): DB file count : 2
04-21 12:05:11.038 I/[SCE_3] (28524): native init exit
04-21 12:05:11.038 I/[SCE_3] (28524): SmartCropper Handle is 503493032704
04-21 12:05:11.038 I/[SCE_3] (28524): SmartCropper Handle is 503493032704 & its size is 8
04-21 12:05:11.038 I/[SCE_3] (28524): address(jlong): 503493032704
04-21 12:05:11.051 I/SAIV_FACE(28524): SAIV_HPRFACE_GAE_VERSION : 20170310
04-21 12:05:11.051 I/SAIV_FACE(28524): FSInterfaceGAEDetect : Init FPP Q1.3.6 GAE 1.5.4
04-21 12:05:11.073 I/SAIV_FACE_LD_API(28524): FSInterfaceLandmarkDetect : Init FPP Q1.3.8 SLD 1.0.9
04-21 12:05:11.073 I/SAIV_FACE_LD_API(28524): DMC LMD ENGINE INIT [Option-0/Profile-0]
04-21 12:05:11.085 I/SAIV_FACE_LD_API(28524): DMC LMD ENGINE : ret 4096
04-21 12:05:11.098 I/ServiceManager(11720): [#CMH#]  In onServiceConnected  
04-21 12:05:11.098 I/ServiceManager(11720): [#CMH#] Bound to Package  com.samsung.faceservice
04-21 12:05:11.100 I/ActivityManager( 4568): Killing 25727:com.android.vending:instant_app_installer/u0a110 (adj 999): empty #31
04-21 12:05:11.102 I/FaceService(28524): [FaceService] onProcessNow() called 
04-21 12:05:11.105 I/BaseThreadPoolExecutor(28524): [FaceService] Task com.samsung.faceservice.task.ContactRecommendationTask@7411b85 is submitted
04-21 12:05:11.113 E/audit   ( 4106): type=1400 audit(1776747911.107:71636): avc:  denied  { write } for  pid=22393 comm="ThreadPoolForeg" name="traced_producer" dev="tmpfs" ino=19368 scontext=u:r:gmscore_app:s0:c512,c768 tcontext=u:object_r:traced_producer_socket:s0 tclass=sock_file permissive=0 SEPF_SM-A505F_11_0010 audit_filtered
04-21 12:05:11.113 E/audit   ( 4106): type=1300 audit(1776747911.107:71636): arch=c00000b7 syscall=203 success=no exit=-13 a0=51 a1=753aa36060 a2=1e a3=75d46abaa4 items=0 ppid=4130 pid=22393 auid=4294967295 uid=10094 gid=10094 euid=10094 suid=10094 fsuid=10094 egid=10094 sgid=10094 fsgid=10094 tty=(none) ses=4294967295 comm="ThreadPoolForeg" exe="/system/bin/app_process64" subj=u:r:gmscore_app:s0:c512,c768 key=(null)
04-21 12:05:11.113 E/audit   ( 4106): type=1327 audit(1776747911.107:71636): proctitle="com.google.android.gms.unstable"
04-21 12:05:11.118 I/SurfaceFlinger( 4212): SFWD update time=54758455051756
04-21 12:05:11.127 I/FaceLandmarkSolution(28524): init E (2.0.41), M 4
04-21 12:05:11.146 I/FaceLandmarkSolution(28524): FL Engine version : ArcSoft_FaceLandmark_2.0.125231001.398_#21049-10-B19837
04-21 12:05:11.147 I/FaceLandmarkSolution(28524): FL Wrapper version : 2.0.41
04-21 12:05:11.177 I/Zygote  ( 4130): Process 25727 exited due to signal 9 (Killed)
04-21 12:05:11.179 I/libprocessgroup( 4568): Successfully killed process cgroup uid 10110 pid 25727 in 77ms
04-21 12:05:11.233 I/bauth_FPBAuthService( 4326): pcf : 0x1012, 0 ,1 ,0 ,0 ,0 ,0, 5.1.0.0
04-21 12:05:11.233 I/bauth_FPBAuthService( 4326): thread id : 1, preenroll_flag : 0, nd cnt : 0, cso : 0, et : 0
04-21 12:05:11.233 I/bauth_FPBAuthService( 4326): FPBAuthService, 11607
04-21 12:05:11.385 I/FaceLandmarkSolution(28524): init X
04-21 12:05:11.386 I/FaceLandmarkSolution(28524): set_parameter E
04-21 12:05:11.386 I/FaceLandmarkSolution(28524): set_parameter X : Input value is same to current value
04-21 12:05:11.391 I/FL_Native:(28524): CFaceBoxRefinementCls load_param bytes 9712 !
04-21 12:05:11.589 I/FL_Native:(28524): CFaceBoxRefinementCls load_model bytes 1772064 !
04-21 12:05:11.593 I/FL_Native:(28524): Face landmark load_param bytes 3720 !
04-21 12:05:11.634 I/FL_Native:(28524): Face landmark load_model bytes 2694984 !
04-21 12:05:11.634 I/FL_Native:(28524): init CFaceRefineAndLandmarkDetEngineCls engine
04-21 12:05:11.634 I/FaceClusteringSystem(28524): release FC engine
04-21 12:05:11.634 I/FR_Native(28524): release FR engine
04-21 12:05:11.664 I/FR_Native(28524): init FR engine (FR_ENGINE_Version : SRCB_FR_2021_[2021.06.08])
04-21 12:05:11.664 I/FaceClusteringSystem(28524): FaceClusteringSystem
04-21 12:05:11.676 I/FaceClusteringSystem(28524): init FaceClusteringSystem
04-21 12:05:11.677 I/FaceClusteringSystem(28524): init FC engine (FR_SOLUTION__Version : 2019.09.09)
04-21 12:05:11.677 I/SAIV_FACE(28524): create face recognition engine - 20201105
04-21 12:05:11.677 I/SAIV_FACE(28524): feature size : 512
04-21 12:05:11.677 I/SAIV_FACE(28524): old version: V3
04-21 12:05:11.680 I/SAIV_FACE(28524): call FD init
04-21 12:05:11.694 I/SAIV_FACE(28524): call FD release
04-21 12:05:11.696 I/SAIV_FACE(28524): release face recognition engine
04-21 12:05:11.697 I/FaceClusteringSystem(28524): release FC engine
04-21 12:05:11.698 I/FR_Native(28524): release FR engine
04-21 12:05:11.699 I/FaceClusteringSystem(28524): ~FaceClusteringSystem
04-21 12:05:11.699 I/FaceClusteringSystem(28524): release FC engine
04-21 12:05:11.699 I/FaceLandmarkSolution(28524): release E
04-21 12:05:11.699 I/FaceLandmarkSolution(28524): release M 4
04-21 12:05:11.702 I/FaceLandmarkSolution(28524): release X
04-21 12:05:11.704 I/FL_Native:(28524): release CFaceRefineAndLandmarkDetEngineCls engine
04-21 12:05:11.704 I/ContactRecommendationTask(28524): [FaceService] Time taken for procesing new contacts and detecting faces: 24
04-21 12:05:11.712 I/ContactRecommendationTask(28524): [FaceService] Time taken for grouping: 8
04-21 12:05:11.712 I/SAIV_FACE(28524): call FD release
04-21 12:05:11.712 I/SAIV_FACE(28524): release face recognition engine
04-21 12:05:11.713 I/BaseThreadPoolExecutor(28524): [FaceService] afterExecute FutureTask
04-21 12:05:11.713 I/FaceController(28524): [FaceService] onTaskCompleted  com.samsung.faceservice.task.ContactRecommendationTask@7411b85
04-21 12:05:11.847 I/SDHMS:F ( 7061): -99 > surface_temperature_0
04-21 12:05:11.848 I/SDHMS:F ( 7061): writeSysfs:: path() : /sys/class/audio/amp/surface_temperature_0 exist() : false canWrite() : false
04-21 12:05:11.848 I/SDHMS:F ( 7061): -99 > surface_temperature_1
04-21 12:05:11.849 I/SDHMS:F ( 7061): writeSysfs:: path() : /sys/class/audio/amp/surface_temperature_1 exist() : false canWrite() : false
04-21 12:05:11.849 I/SDHMS:F ( 7061): SIOP:: AP:238(330,90) BAT:295(295,0) USB:0(0,0) CHG:318(318,0) WIFI:324(324,0) 
04-21 12:05:12.234 I/bauth_FPBAuthService( 4326): pcf : 0x1012, 0 ,1 ,0 ,0 ,0 ,0, 5.1.0.0
04-21 12:05:12.234 I/bauth_FPBAuthService( 4326): thread id : 1, preenroll_flag : 0, nd cnt : 0, cso : 0, et : 0
04-21 12:05:12.234 I/bauth_FPBAuthService( 4326): FPBAuthService, 11607
04-21 12:05:12.560 I/io_stats( 4041): !@   8,0 r 1134190 40672068 w 531101 18075212 d 96369 107235500 f 157939 239774 iot 763664 594662 th 51200 51200 40028 pt 152 inp 0 0 54759.896
04-21 12:05:13.234 I/bauth_FPBAuthService( 4326): pcf : 0x1012, 0 ,1 ,0 ,0 ,0 ,0, 5.1.0.0
04-21 12:05:13.235 I/bauth_FPBAuthService( 4326): thread id : 1, preenroll_flag : 0, nd cnt : 0, cso : 0, et : 0
04-21 12:05:13.235 I/bauth_FPBAuthService( 4326): FPBAuthService, 11607
04-21 12:05:13.277 E/audit   ( 4106): type=1400 audit(1776747913.271:71637): avc:  denied  { write } for  pid=18048 comm="ThreadPoolForeg" name="traced_producer" dev="tmpfs" ino=19368 scontext=u:r:gmscore_app:s0:c512,c768 tcontext=u:object_r:traced_producer_socket:s0 tclass=sock_file permissive=0 SEPF_SM-A505F_11_0010 audit_filtered
04-21 12:05:13.278 E/audit   ( 4106): type=1300 audit(1776747913.271:71637): arch=c00000b7 syscall=203 success=no exit=-13 a0=d1 a1=74e4aee8e0 a2=1e a3=75d46abaa4 items=0 ppid=4130 pid=18048 auid=4294967295 uid=10094 gid=10094 euid=10094 suid=10094 fsuid=10094 egid=10094 sgid=10094 fsgid=10094 tty=(none) ses=4294967295 comm="ThreadPoolForeg" exe="/system/bin/app_process64" subj=u:r:gmscore_app:s0:c512,c768 key=(null)
04-21 12:05:13.278 E/audit   ( 4106): type=1327 audit(1776747913.271:71637): proctitle="com.google.android.gms"
04-21 12:05:13.789 E/audit   ( 4106): type=1400 audit(1776747913.783:71638): avc:  denied  { write } for  pid=15042 comm="ThreadPoolForeg" name="traced_producer" dev="tmpfs" ino=19368 scontext=u:r:gmscore_app:s0:c512,c768 tcontext=u:object_r:traced_producer_socket:s0 tclass=sock_file permissive=0 SEPF_SM-A505F_11_0010 audit_filtered
04-21 12:05:13.789 E/audit   ( 4106): type=1300 audit(1776747913.783:71638): arch=c00000b7 syscall=203 success=no exit=-13 a0=c1 a1=74e49534e0 a2=1e a3=75d46abaa4 items=0 ppid=4130 pid=15042 auid=4294967295 uid=10094 gid=10094 euid=10094 suid=10094 fsuid=10094 egid=10094 sgid=10094 fsgid=10094 tty=(none) ses=4294967295 comm="ThreadPoolForeg" exe="/system/bin/app_process64" subj=u:r:gmscore_app:s0:c512,c768 key=(null)
04-21 12:05:13.930 D/BoundBrokerSvc(18048): onUnbind: Intent { act=com.google.android.gms.measurement.START pkg=com.google.android.gms }
04-21 12:05:13.949 I/ActivityManager( 4568): Killing 25803:com.google.android.gm/u0a179 (adj 925): empty #31
04-21 12:05:14.056 D/ConnectivityService( 4568): ConnectivityService NetworkRequestInfo binderDied(NetworkRequest [ TRACK_DEFAULT id=851, [ Capabilities: INTERNET&NOT_RESTRICTED&TRUSTED Uid: 10179 AdministratorUids: [] RequestorUid: 10179 RequestorPackageName: com.google.android.gm] ], android.os.BinderProxy@98fb631)
04-21 12:05:14.056 D/ConnectivityService( 4568): ConnectivityService NetworkRequestInfo binderDied(NetworkRequest [ LISTEN id=852, [ Capabilities: INTERNET&NOT_RESTRICTED&TRUSTED Uid: 10179 AdministratorUids: [] RequestorUid: 10179 RequestorPackageName: com.google.android.gm] ], android.os.BinderProxy@699b116)
04-21 12:05:14.059 D/ConnectivityService( 4568): releasing NetworkRequest [ TRACK_DEFAULT id=851, [ Capabilities: INTERNET&NOT_RESTRICTED&TRUSTED Uid: 10179 AdministratorUids: [] RequestorUid: 10179 RequestorPackageName: com.google.android.gm] ] (release request)
04-21 12:05:14.071 I/libprocessgroup( 4568): Successfully killed process cgroup uid 10179 pid 25803 in 117ms
04-21 12:05:14.071 I/Zygote  ( 4130): Process 25803 exited due to signal 9 (Killed)
04-21 12:05:14.083 I/CameraService( 4270): UidPolicy: No processes running for a uid=10179 disabled=0
04-21 12:05:14.235 I/bauth_FPBAuthService( 4326): pcf : 0x1012, 0 ,1 ,0 ,0 ,0 ,0, 5.1.0.0
04-21 12:05:14.236 I/bauth_FPBAuthService( 4326): thread id : 1, preenroll_flag : 0, nd cnt : 0, cso : 0, et : 0
04-21 12:05:14.236 I/bauth_FPBAuthService( 4326): FPBAuthService, 11607
04-21 12:05:14.566 I/io_stats( 4041): !@   8,0 r 1134192 40672076 w 531101 18075212 d 96369 107235500 f 157939 239774 iot 763668 594662 th 51200 51200 40028 pt 152 inp 0 0 54761.902
04-21 12:05:14.718 I/ServiceManager(11720): [#CMH#] call unbind service  FaceService
04-21 12:05:14.724 I/ServiceManager(11720): [#CMH#] unbind service START !:  FaceService  /  Servicesstate : Stopped
04-21 12:05:14.750 I/ServiceManager(11720): [#CMH#] unbind service END !!:  FaceService
04-21 12:05:14.769 I/FaceService(28524): [FaceService] onDestroy() called 
04-21 12:05:14.769 I/FaceController(28524): [FaceService] releasing engines 
04-21 12:05:14.770 I/[SCE_3] (28524): smart crop is released
04-21 12:05:14.771 I/SAIV_FACE(28524): call GAE release
04-21 12:05:14.773 I/SAIV_FACE(28524): gae destroyed...
04-21 12:05:14.775 I/SAIV_FACE(28524): lmd13pt destroyed...
04-21 12:05:15.196 V/NetworkPolicy( 4568): updateNotificationsNL() - totalBytes : 0, policy : NetworkPolicy{template=NetworkTemplate: matchRule=MOBILE, subscriberId=452090..., matchSubscriberIds=[452090...] cycleRule=RecurrenceRule{start=2025-01-01T00:00+07:00[Asia/Ho_Chi_Minh] end=null period=P1M} warningBytes=2000000000 limitBytes=-1 lastWarningSnooze=-1 lastLimitSnooze=-1 lastRapidSnooze=-1 metered=true inferred=true}, CallingUID: 1000
04-21 12:05:15.236 I/bauth_FPBAuthService( 4326): pcf : 0x1012, 0 ,1 ,0 ,0 ,0 ,0, 5.1.0.0
04-21 12:05:15.236 I/bauth_FPBAuthService( 4326): thread id : 1, preenroll_flag : 0, nd cnt : 0, cso : 0, et : 0
04-21 12:05:15.236 I/bauth_FPBAuthService( 4326): FPBAuthService, 11607
04-21 12:05:15.324 V/NetworkPolicy( 4568): updateNotificationsNL() - totalBytes : 0, policy : NetworkPolicy{template=NetworkTemplate: matchRule=MOBILE, subscriberId=452090..., matchSubscriberIds=[452090...] cycleRule=RecurrenceRule{start=2025-01-01T00:00+07:00[Asia/Ho_Chi_Minh] end=null period=P1M} warningBytes=2000000000 limitBytes=-1 lastWarningSnooze=-1 lastLimitSnooze=-1 lastRapidSnooze=-1 metered=true inferred=true}, CallingUID: 1000
04-21 12:05:16.118 I/SurfaceFlinger( 4212): SFWD update time=54763455718368
04-21 12:05:16.236 I/bauth_FPBAuthService( 4326): pcf : 0x1012, 0 ,1 ,0 ,0 ,0 ,0, 5.1.0.0
04-21 12:05:16.237 I/bauth_FPBAuthService( 4326): thread id : 1, preenroll_flag : 0, nd cnt : 0, cso : 0, et : 0
04-21 12:05:16.237 I/bauth_FPBAuthService( 4326): FPBAuthService, 11607
04-21 12:05:16.575 I/io_stats( 4041): !@   8,0 r 1134192 40672076 w 531136 18075476 d 96376 107279968 f 157940 239776 iot 763700 594687 th 51200 51200 40028 pt 152 inp 0 0 54763.910
04-21 12:05:17.237 I/bauth_FPBAuthService( 4326): pcf : 0x1012, 0 ,1 ,0 ,0 ,0 ,0, 5.1.0.0
04-21 12:05:17.237 I/bauth_FPBAuthService( 4326): thread id : 1, preenroll_flag : 0, nd cnt : 0, cso : 0, et : 0
04-21 12:05:17.238 I/bauth_FPBAuthService( 4326): FPBAuthService, 11607
04-21 12:05:17.863 I/wpa_supplicant( 4834): Heartbeat 5484
04-21 12:05:18.150 I/Finsky  (32384): [2] App states replicator found 30 unowned apps
04-21 12:05:18.206 I/Finsky  (32384): [7078] Completed 0 account content syncs with 0 successful.
04-21 12:05:18.208 I/Finsky  (32384): [2] [ContentSync] Installation state replication succeeded.
04-21 12:05:18.208 I/Finsky  (32384): [2] SCH: jobFinished: 12-1. TimeElapsed: 7762ms.
04-21 12:05:18.211 I/Finsky  (32384): [2] WM::SCH: Logging work end for 12-1
04-21 12:05:18.238 I/bauth_FPBAuthService( 4326): pcf : 0x1012, 0 ,1 ,0 ,0 ,0 ,0, 5.1.0.0
04-21 12:05:18.238 I/bauth_FPBAuthService( 4326): thread id : 1, preenroll_flag : 0, nd cnt : 0, cso : 0, et : 0
04-21 12:05:18.238 I/bauth_FPBAuthService( 4326): FPBAuthService, 11607
04-21 12:05:18.254 I/Finsky  (32384): [7078] SCH: Scheduling phonesky job Id: 1-1337, CT: 1776730005466, Constraints: [{ L: 30728435, D: 73928435, C: CHARGING_NONE, I: IDLE_NONE, N: NET_ANY, B: BATTERY_ANY }]
04-21 12:05:18.255 I/Finsky  (32384): [7078] SCH: Scheduling phonesky job Id: 34-513, CT: 1776730041321, Constraints: [{ L: 604800000, D: 2421194529, C: CHARGING_NONE, I: IDLE_NONE, N: NET_ANY, B: BATTERY_ANY }]
04-21 12:05:18.256 I/Finsky  (32384): [7078] SCH: Scheduling phonesky job Id: 34-514, CT: 1776730041322, Constraints: [{ L: 604800000, D: 2508185846, C: CHARGING_NONE, I: IDLE_NONE, N: NET_ANY, B: BATTERY_ANY }]
04-21 12:05:18.256 I/Finsky  (32384): [7078] SCH: Scheduling phonesky job Id: 34-518, CT: 1776739971918, Constraints: [{ L: 604800000, D: 2586878189, C: CHARGING_NONE, I: IDLE_NONE, N: NET_ANY, B: BATTERY_ANY }]
04-21 12:05:18.257 I/Finsky  (32384): [7078] SCH: Scheduling phonesky job Id: 34-521, CT: 1776730041324, Constraints: [{ L: 79166231, D: 1375166231, C: CHARGING_NONE, I: IDLE_NONE, N: NET_ANY, B: BATTERY_ANY }]
04-21 12:05:18.270 I/Finsky  (32384): [7076] SCH: Scheduling 1 system job(s)
04-21 12:05:18.270 I/Finsky  (32384): [7076] SCH: Scheduling system job Id: 9030, L: 12815631, D: 56015631, C: false, I: false, N: 1
04-21 12:05:18.293 I/Finsky  (32384): [7550] SCH: job service finished with id 9023.
04-21 12:05:18.582 I/io_stats( 4041): !@   8,0 r 1134192 40672076 w 531148 18075736 d 96379 107279980 f 157948 239787 iot 763720 594699 th 51200 51200 40028 pt 152 inp 0 0 54765.917
04-21 12:05:18.888 D/NetworkController.SecMobileSignalController(1/1)( 4878): onSignalStrengthsChanged level=4
04-21 12:05:18.894 D/NetworkController.SecMobileSignalController(1/1)( 4878): Display signal bar by emergency only[true][true]
04-21 12:05:18.895 D/MobileSignalIconsSelector( 4878): getDataIconGroup(): 0
04-21 12:05:19.239 I/bauth_FPBAuthService( 4326): pcf : 0x1012, 0 ,1 ,0 ,0 ,0 ,0, 5.1.0.0
04-21 12:05:19.239 I/bauth_FPBAuthService( 4326): thread id : 1, preenroll_flag : 0, nd cnt : 0, cso : 0, et : 0
04-21 12:05:19.239 I/bauth_FPBAuthService( 4326): FPBAuthService, 11607
04-21 12:05:20.240 I/bauth_FPBAuthService( 4326): pcf : 0x1012, 0 ,1 ,0 ,0 ,0 ,0, 5.1.0.0
04-21 12:05:20.240 I/bauth_FPBAuthService( 4326): thread id : 1, preenroll_flag : 0, nd cnt : 0, cso : 0, et : 0
04-21 12:05:20.240 I/bauth_FPBAuthService( 4326): FPBAuthService, 11607
04-21 12:05:20.500 V/NetworkPolicy( 4568): updateNotificationsNL() - totalBytes : 0, policy : NetworkPolicy{template=NetworkTemplate: matchRule=MOBILE, subscriberId=452090..., matchSubscriberIds=[452090...] cycleRule=RecurrenceRule{start=2025-01-01T00:00+07:00[Asia/Ho_Chi_Minh] end=null period=P1M} warningBytes=2000000000 limitBytes=-1 lastWarningSnooze=-1 lastLimitSnooze=-1 lastRapidSnooze=-1 metered=true inferred=true}, CallingUID: 1000
04-21 12:05:20.587 I/io_stats( 4041): !@   8,0 r 1134192 40672076 w 531152 18075760 d 96379 107279980 f 157948 239787 iot 763720 594700 th 51200 51200 40028 pt 152 inp 0 0 54767.923
04-21 12:05:20.660 V/NetworkPolicy( 4568): updateNotificationsNL() - totalBytes : 0, policy : NetworkPolicy{template=NetworkTemplate: matchRule=MOBILE, subscriberId=452090..., matchSubscriberIds=[452090...] cycleRule=RecurrenceRule{start=2025-01-01T00:00+07:00[Asia/Ho_Chi_Minh] end=null period=P1M} warningBytes=2000000000 limitBytes=-1 lastWarningSnooze=-1 lastLimitSnooze=-1 lastRapidSnooze=-1 metered=true inferred=true}, CallingUID: 1000
04-21 12:05:21.119 I/SurfaceFlinger( 4212): SFWD update time=54768456675672
04-21 12:05:21.241 I/bauth_FPBAuthService( 4326): pcf : 0x1012, 0 ,1 ,0 ,0 ,0 ,0, 5.1.0.0
04-21 12:05:21.241 I/bauth_FPBAuthService( 4326): thread id : 1, preenroll_flag : 0, nd cnt : 0, cso : 0, et : 0
04-21 12:05:21.241 I/bauth_FPBAuthService( 4326): FPBAuthService, 11607
04-21 12:05:22.242 I/bauth_FPBAuthService( 4326): pcf : 0x1012, 0 ,1 ,0 ,0 ,0 ,0, 5.1.0.0
04-21 12:05:22.242 I/bauth_FPBAuthService( 4326): thread id : 1, preenroll_flag : 0, nd cnt : 0, cso : 0, et : 0
04-21 12:05:22.242 I/bauth_FPBAuthService( 4326): FPBAuthService, 11607
04-21 12:05:23.243 I/bauth_FPBAuthService( 4326): pcf : 0x1012, 0 ,1 ,0 ,0 ,0 ,0, 5.1.0.0
04-21 12:05:23.243 I/bauth_FPBAuthService( 4326): thread id : 1, preenroll_flag : 0, nd cnt : 0, cso : 0, et : 0
04-21 12:05:23.243 I/bauth_FPBAuthService( 4326): FPBAuthService, 11607
04-21 12:05:24.244 I/bauth_FPBAuthService( 4326): pcf : 0x1012, 0 ,1 ,0 ,0 ,0 ,0, 5.1.0.0
04-21 12:05:24.244 I/bauth_FPBAuthService( 4326): thread id : 1, preenroll_flag : 0, nd cnt : 0, cso : 0, et : 0
04-21 12:05:24.244 I/bauth_FPBAuthService( 4326): FPBAuthService, 11607
04-21 12:05:24.602 I/io_stats( 4041): !@   8,0 r 1134192 40672076 w 531153 18075820 d 96380 107279984 f 157949 239789 iot 763724 594702 th 51200 51200 40028 pt 152 inp 0 0 54771.937
04-21 12:05:25.245 I/bauth_FPBAuthService( 4326): pcf : 0x1012, 0 ,1 ,0 ,0 ,0 ,0, 5.1.0.0
04-21 12:05:25.245 I/bauth_FPBAuthService( 4326): thread id : 1, preenroll_flag : 0, nd cnt : 0, cso : 0, et : 0
04-21 12:05:25.245 I/bauth_FPBAuthService( 4326): FPBAuthService, 11607
04-21 12:05:25.886 V/NetworkPolicy( 4568): updateNotificationsNL() - totalBytes : 0, policy : NetworkPolicy{template=NetworkTemplate: matchRule=MOBILE, subscriberId=452090..., matchSubscriberIds=[452090...] cycleRule=RecurrenceRule{start=2025-01-01T00:00+07:00[Asia/Ho_Chi_Minh] end=null period=P1M} warningBytes=2000000000 limitBytes=-1 lastWarningSnooze=-1 lastLimitSnooze=-1 lastRapidSnooze=-1 metered=true inferred=true}, CallingUID: 1000
04-21 12:05:26.046 V/NetworkPolicy( 4568): updateNotificationsNL() - totalBytes : 0, policy : NetworkPolicy{template=NetworkTemplate: matchRule=MOBILE, subscriberId=452090..., matchSubscriberIds=[452090...] cycleRule=RecurrenceRule{start=2025-01-01T00:00+07:00[Asia/Ho_Chi_Minh] end=null period=P1M} warningBytes=2000000000 limitBytes=-1 lastWarningSnooze=-1 lastLimitSnooze=-1 lastRapidSnooze=-1 metered=true inferred=true}, CallingUID: 1000
04-21 12:05:26.119 I/SurfaceFlinger( 4212): SFWD update time=54773456606015
04-21 12:05:26.246 I/bauth_FPBAuthService( 4326): pcf : 0x1012, 0 ,1 ,0 ,0 ,0 ,0, 5.1.0.0
04-21 12:05:26.246 I/bauth_FPBAuthService( 4326): thread id : 1, preenroll_flag : 0, nd cnt : 0, cso : 0, et : 0
04-21 12:05:26.246 I/bauth_FPBAuthService( 4326): FPBAuthService, 11607
04-21 12:05:26.374 D/SamsungAlarmManager( 4568): Expired : 8
04-21 12:05:26.375 I/SamsungAlarmManager( 4568): setLocked to kernel - T:2 / 20260421T121246, set=176337559, now=175897519
04-21 12:05:26.375 I/SamsungAlarmManager( 4568): setLocked to kernel - T:3 / 20260421T120547, set=175918594, now=175897520
04-21 12:05:26.611 I/io_stats( 4041): !@   8,0 r 1134192 40672076 w 531178 18075936 d 96380 107279984 f 157949 239789 iot 763728 594704 th 51200 51200 40028 pt 152 inp 0 0 54773.946
04-21 12:05:27.247 I/bauth_FPBAuthService( 4326): pcf : 0x1012, 0 ,1 ,0 ,0 ,0 ,0, 5.1.0.0
04-21 12:05:27.247 I/bauth_FPBAuthService( 4326): thread id : 1, preenroll_flag : 0, nd cnt : 0, cso : 0, et : 0
04-21 12:05:27.247 I/bauth_FPBAuthService( 4326): FPBAuthService, 11607
04-21 12:05:27.484 W/ActivityManager( 4568): Invalid packageName: com.example.native_smoke_app
04-21 12:05:27.486 I/cmd     (28555): oneway function results will be dropped but finished with status OK and parcel size 4
04-21 12:05:27.869 I/wpa_supplicant( 4834): Heartbeat 5485
04-21 12:05:28.248 I/bauth_FPBAuthService( 4326): pcf : 0x1012, 0 ,1 ,0 ,0 ,0 ,0, 5.1.0.0
04-21 12:05:28.248 I/bauth_FPBAuthService( 4326): thread id : 1, preenroll_flag : 0, nd cnt : 0, cso : 0, et : 0
04-21 12:05:28.248 I/bauth_FPBAuthService( 4326): FPBAuthService, 11607
04-21 12:05:29.249 I/bauth_FPBAuthService( 4326): pcf : 0x1012, 0 ,1 ,0 ,0 ,0 ,0, 5.1.0.0
04-21 12:05:29.249 I/bauth_FPBAuthService( 4326): thread id : 1, preenroll_flag : 0, nd cnt : 0, cso : 0, et : 0
04-21 12:05:29.249 I/bauth_FPBAuthService( 4326): FPBAuthService, 11607
04-21 12:05:29.252 W/adbd    ( 6042): timeout expired while flushing socket, closing
04-21 12:05:30.250 I/bauth_FPBAuthService( 4326): pcf : 0x1012, 0 ,1 ,0 ,0 ,0 ,0, 5.1.0.0
04-21 12:05:30.250 I/bauth_FPBAuthService( 4326): thread id : 1, preenroll_flag : 0, nd cnt : 0, cso : 0, et : 0
04-21 12:05:30.250 I/bauth_FPBAuthService( 4326): FPBAuthService, 11607
04-21 12:05:30.627 I/io_stats( 4041): !@   8,0 r 1134192 40672076 w 531179 18075996 d 96381 107279988 f 157950 239791 iot 763732 594707 th 51200 51200 40028 pt 152 inp 0 0 54777.963
04-21 12:05:30.781 D/BoundBrokerSvc(18048): onUnbind: Intent { act=com.google.android.gms.common.BIND_SHARED_PREFS pkg=com.google.android.gms }
04-21 12:05:31.120 I/SurfaceFlinger( 4212): SFWD update time=54778457395588
04-21 12:05:31.251 I/bauth_FPBAuthService( 4326): pcf : 0x1012, 0 ,1 ,0 ,0 ,0 ,0, 5.1.0.0
04-21 12:05:31.251 I/bauth_FPBAuthService( 4326): thread id : 1, preenroll_flag : 0, nd cnt : 0, cso : 0, et : 0
04-21 12:05:31.251 I/bauth_FPBAuthService( 4326): FPBAuthService, 11607
04-21 12:05:32.252 I/bauth_FPBAuthService( 4326): pcf : 0x1012, 0 ,1 ,0 ,0 ,0 ,0, 5.1.0.0
04-21 12:05:32.252 I/bauth_FPBAuthService( 4326): thread id : 1, preenroll_flag : 0, nd cnt : 0, cso : 0, et : 0
04-21 12:05:32.252 I/bauth_FPBAuthService( 4326): FPBAuthService, 11607
04-21 12:05:32.982 D/NetworkController.SecMobileSignalController(1/1)( 4878): onSignalStrengthsChanged level=3
04-21 12:05:32.987 D/NetworkController.SecMobileSignalController(1/1)( 4878): Display signal bar by emergency only[true][true]
04-21 12:05:32.990 D/MobileSignalIconsSelector( 4878): getDataIconGroup(): 0
04-21 12:05:33.253 I/bauth_FPBAuthService( 4326): pcf : 0x1012, 0 ,1 ,0 ,0 ,0 ,0, 5.1.0.0
04-21 12:05:33.253 I/bauth_FPBAuthService( 4326): thread id : 1, preenroll_flag : 0, nd cnt : 0, cso : 0, et : 0
04-21 12:05:33.253 I/bauth_FPBAuthService( 4326): FPBAuthService, 11607
04-21 12:05:33.745 E/Watchdog( 4568): !@Sync: 1824 heap: 74 / 84 [2026-04-21 12:05:33.744] sdogWay: softdog FD: 777
04-21 12:05:34.254 I/bauth_FPBAuthService( 4326): pcf : 0x1012, 0 ,1 ,0 ,0 ,0 ,0, 5.1.0.0
04-21 12:05:34.254 I/bauth_FPBAuthService( 4326): thread id : 1, preenroll_flag : 0, nd cnt : 0, cso : 0, et : 0
04-21 12:05:34.254 I/bauth_FPBAuthService( 4326): FPBAuthService, 11607
04-21 12:05:35.254 I/bauth_FPBAuthService( 4326): pcf : 0x1012, 0 ,1 ,0 ,0 ,0 ,0, 5.1.0.0
04-21 12:05:35.255 I/bauth_FPBAuthService( 4326): thread id : 1, preenroll_flag : 0, nd cnt : 0, cso : 0, et : 0
04-21 12:05:35.255 I/bauth_FPBAuthService( 4326): FPBAuthService, 11607
04-21 12:05:35.536 D/NetworkController.SecMobileSignalController(1/1)( 4878): onSignalStrengthsChanged level=3
04-21 12:05:35.541 D/NetworkController.SecMobileSignalController(1/1)( 4878): Display signal bar by emergency only[true][true]
04-21 12:05:35.545 D/MobileSignalIconsSelector( 4878): getDataIconGroup(): 0
04-21 12:05:36.121 I/SurfaceFlinger( 4212): SFWD update time=54783458116508
04-21 12:05:36.256 I/bauth_FPBAuthService( 4326): pcf : 0x1012, 0 ,1 ,0 ,0 ,0 ,0, 5.1.0.0
04-21 12:05:36.256 I/bauth_FPBAuthService( 4326): thread id : 1, preenroll_flag : 0, nd cnt : 0, cso : 0, et : 0
04-21 12:05:36.256 I/bauth_FPBAuthService( 4326): FPBAuthService, 11607
04-21 12:05:36.282 V/NetworkPolicy( 4568): updateNotificationsNL() - totalBytes : 0, policy : NetworkPolicy{template=NetworkTemplate: matchRule=MOBILE, subscriberId=452090..., matchSubscriberIds=[452090...] cycleRule=RecurrenceRule{start=2025-01-01T00:00+07:00[Asia/Ho_Chi_Minh] end=null period=P1M} warningBytes=2000000000 limitBytes=-1 lastWarningSnooze=-1 lastLimitSnooze=-1 lastRapidSnooze=-1 metered=true inferred=true}, CallingUID: 1000
04-21 12:05:36.307 D/UsbStatsMonitor( 4568): 0 0 0 0 0 0 0 0 0 0 0 0 1 0 0 0 0 0 0 0 0 0 0 0 0 0 0 0 0 0 0 0 0 0 0 0 0 0 0 0 0 0 0 0 0 0 0 0 0
04-21 12:05:36.452 V/NetworkPolicy( 4568): updateNotificationsNL() - totalBytes : 0, policy : NetworkPolicy{template=NetworkTemplate: matchRule=MOBILE, subscriberId=452090..., matchSubscriberIds=[452090...] cycleRule=RecurrenceRule{start=2025-01-01T00:00+07:00[Asia/Ho_Chi_Minh] end=null period=P1M} warningBytes=2000000000 limitBytes=-1 lastWarningSnooze=-1 lastLimitSnooze=-1 lastRapidSnooze=-1 metered=true inferred=true}, CallingUID: 1000
04-21 12:05:36.652 I/io_stats( 4041): !@   8,0 r 1134192 40672076 w 531196 18076104 d 96381 107279988 f 157951 239793 iot 763736 594710 th 51200 51200 40028 pt 152 inp 0 0 54783.987
04-21 12:05:37.257 I/bauth_FPBAuthService( 4326): pcf : 0x1012, 0 ,1 ,0 ,0 ,0 ,0, 5.1.0.0
04-21 12:05:37.257 I/bauth_FPBAuthService( 4326): thread id : 1, preenroll_flag : 0, nd cnt : 0, cso : 0, et : 0
04-21 12:05:37.257 I/bauth_FPBAuthService( 4326): FPBAuthService, 11607
04-21 12:05:37.879 I/wpa_supplicant( 4834): Heartbeat 5486
